Archive member included to satisfy reference by file (symbol)

/mnt/c/gcc-arm-none-eabi-8-2018-q4-major/bin/../lib/gcc/arm-none-eabi/8.2.1/../../../../arm-none-eabi/lib/thumb/v7-m/nofp/libc_nano.a(lib_a-exit.o)
                              /mnt/c/gcc-arm-none-eabi-8-2018-q4-major/bin/../lib/gcc/arm-none-eabi/8.2.1/../../../../arm-none-eabi/lib/thumb/v7-m/nofp/crt0.o (exit)
/mnt/c/gcc-arm-none-eabi-8-2018-q4-major/bin/../lib/gcc/arm-none-eabi/8.2.1/../../../../arm-none-eabi/lib/thumb/v7-m/nofp/libc_nano.a(lib_a-impure.o)
                              /mnt/c/gcc-arm-none-eabi-8-2018-q4-major/bin/../lib/gcc/arm-none-eabi/8.2.1/../../../../arm-none-eabi/lib/thumb/v7-m/nofp/libc_nano.a(lib_a-exit.o) (_global_impure_ptr)
/mnt/c/gcc-arm-none-eabi-8-2018-q4-major/bin/../lib/gcc/arm-none-eabi/8.2.1/../../../../arm-none-eabi/lib/thumb/v7-m/nofp/libc_nano.a(lib_a-init.o)
                              /mnt/c/gcc-arm-none-eabi-8-2018-q4-major/bin/../lib/gcc/arm-none-eabi/8.2.1/../../../../arm-none-eabi/lib/thumb/v7-m/nofp/crt0.o (__libc_init_array)
/mnt/c/gcc-arm-none-eabi-8-2018-q4-major/bin/../lib/gcc/arm-none-eabi/8.2.1/../../../../arm-none-eabi/lib/thumb/v7-m/nofp/libc_nano.a(lib_a-memset.o)
                              /mnt/c/gcc-arm-none-eabi-8-2018-q4-major/bin/../lib/gcc/arm-none-eabi/8.2.1/../../../../arm-none-eabi/lib/thumb/v7-m/nofp/crt0.o (memset)
/mnt/c/gcc-arm-none-eabi-8-2018-q4-major/bin/../lib/gcc/arm-none-eabi/8.2.1/../../../../arm-none-eabi/lib/thumb/v7-m/nofp/libnosys.a(_exit.o)
                              /mnt/c/gcc-arm-none-eabi-8-2018-q4-major/bin/../lib/gcc/arm-none-eabi/8.2.1/../../../../arm-none-eabi/lib/thumb/v7-m/nofp/libc_nano.a(lib_a-exit.o) (_exit)

Allocating common symbols
Common symbol       size              file

throttle_B          0x2               build/main.o
TxCar_stateMailbox  0x4               build/main.o
bspd                0x1               build/main.o
bms                 0x1               build/main.o
TxFaultsMailbox     0x4               build/main.o
hcan                0x28              build/main.o
imd                 0x1               build/main.o
uwTick              0x4               build/stm32f1xx_hal.o
pFlash              0x20              build/stm32f1xx_hal_flash.o
TxCar_state         0x18              build/main.o
throttle_A          0x2               build/main.o
RTDS_Timer          0x4               build/main.o
hadc1               0x30              build/main.o
brakePressure_1     0x2               build/main.o
brakePressure_2     0x2               build/main.o
TxFaults            0x18              build/main.o
steeringPos         0x2               build/main.o
hspi1               0x58              build/main.o
CAN_Timer           0x4               build/main.o
brakePos            0x2               build/main.o
millisTimer         0x4               build/main.o
apps                0x1               build/main.o

Discarded input sections

 .text          0x0000000000000000        0x0 /mnt/c/gcc-arm-none-eabi-8-2018-q4-major/bin/../lib/gcc/arm-none-eabi/8.2.1/thumb/v7-m/nofp/crti.o
 .data          0x0000000000000000        0x0 /mnt/c/gcc-arm-none-eabi-8-2018-q4-major/bin/../lib/gcc/arm-none-eabi/8.2.1/thumb/v7-m/nofp/crti.o
 .bss           0x0000000000000000        0x0 /mnt/c/gcc-arm-none-eabi-8-2018-q4-major/bin/../lib/gcc/arm-none-eabi/8.2.1/thumb/v7-m/nofp/crti.o
 .data          0x0000000000000000        0x4 /mnt/c/gcc-arm-none-eabi-8-2018-q4-major/bin/../lib/gcc/arm-none-eabi/8.2.1/thumb/v7-m/nofp/crtbegin.o
 .text          0x0000000000000000       0x74 /mnt/c/gcc-arm-none-eabi-8-2018-q4-major/bin/../lib/gcc/arm-none-eabi/8.2.1/../../../../arm-none-eabi/lib/thumb/v7-m/nofp/crt0.o
 .data          0x0000000000000000        0x0 /mnt/c/gcc-arm-none-eabi-8-2018-q4-major/bin/../lib/gcc/arm-none-eabi/8.2.1/../../../../arm-none-eabi/lib/thumb/v7-m/nofp/crt0.o
 .bss           0x0000000000000000        0x0 /mnt/c/gcc-arm-none-eabi-8-2018-q4-major/bin/../lib/gcc/arm-none-eabi/8.2.1/../../../../arm-none-eabi/lib/thumb/v7-m/nofp/crt0.o
 .ARM.extab     0x0000000000000000        0x0 /mnt/c/gcc-arm-none-eabi-8-2018-q4-major/bin/../lib/gcc/arm-none-eabi/8.2.1/../../../../arm-none-eabi/lib/thumb/v7-m/nofp/crt0.o
 .ARM.exidx     0x0000000000000000        0x8 /mnt/c/gcc-arm-none-eabi-8-2018-q4-major/bin/../lib/gcc/arm-none-eabi/8.2.1/../../../../arm-none-eabi/lib/thumb/v7-m/nofp/crt0.o
 .ARM.attributes
                0x0000000000000000       0x1b /mnt/c/gcc-arm-none-eabi-8-2018-q4-major/bin/../lib/gcc/arm-none-eabi/8.2.1/../../../../arm-none-eabi/lib/thumb/v7-m/nofp/crt0.o
 .text          0x0000000000000000        0x0 build/main.o
 .data          0x0000000000000000        0x0 build/main.o
 .bss           0x0000000000000000        0x0 build/main.o
 .text.APPS_Diff
                0x0000000000000000       0x28 build/main.o
 .text.checkAPPS
                0x0000000000000000       0x3c build/main.o
 .text.Error_Handler
[...]
Memory Configuration

Name             Origin             Length             Attributes
RAM              0x0000000020000000 0x0000000000005000 xrw
FLASH            0x0000000008000000 0x0000000000010000 xr
*default*        0x0000000000000000 0xffffffffffffffff

Linker script and memory map

LOAD /mnt/c/gcc-arm-none-eabi-8-2018-q4-major/bin/../lib/gcc/arm-none-eabi/8.2.1/thumb/v7-m/nofp/crti.o
LOAD /mnt/c/gcc-arm-none-eabi-8-2018-q4-major/bin/../lib/gcc/arm-none-eabi/8.2.1/thumb/v7-m/nofp/crtbegin.o
LOAD /mnt/c/gcc-arm-none-eabi-8-2018-q4-major/bin/../lib/gcc/arm-none-eabi/8.2.1/../../../../arm-none-eabi/lib/thumb/v7-m/nofp/crt0.o
LOAD build/main.o
LOAD build/stm32f1xx_it.o
LOAD build/stm32f1xx_hal_msp.o
LOAD build/stm32f1xx_hal_gpio_ex.o
LOAD build/stm32f1xx_hal_adc.o
LOAD build/stm32f1xx_hal_adc_ex.o
LOAD build/stm32f1xx_hal_can.o
LOAD build/stm32f1xx_hal_spi.o
LOAD build/stm32f1xx_hal_spi_ex.o
LOAD build/stm32f1xx_hal_tim.o
LOAD build/stm32f1xx_hal_tim_ex.o
LOAD build/stm32f1xx_hal.o
LOAD build/stm32f1xx_hal_rcc.o
LOAD build/stm32f1xx_hal_rcc_ex.o
LOAD build/stm32f1xx_hal_gpio.o
LOAD build/stm32f1xx_hal_dma.o
LOAD build/stm32f1xx_hal_cortex.o
LOAD build/stm32f1xx_hal_pwr.o
LOAD build/stm32f1xx_hal_flash.o
LOAD build/stm32f1xx_hal_flash_ex.o
LOAD build/system_stm32f1xx.o
LOAD build/startup_stm32f103xb.o
LOAD /mnt/c/gcc-arm-none-eabi-8-2018-q4-major/bin/../lib/gcc/arm-none-eabi/8.2.1/../../../../arm-none-eabi/lib/thumb/v7-m/nofp/libc_nano.a
LOAD /mnt/c/gcc-arm-none-eabi-8-2018-q4-major/bin/../lib/gcc/arm-none-eabi/8.2.1/../../../../arm-none-eabi/lib/thumb/v7-m/nofp/libm.a
LOAD /mnt/c/gcc-arm-none-eabi-8-2018-q4-major/bin/../lib/gcc/arm-none-eabi/8.2.1/../../../../arm-none-eabi/lib/thumb/v7-m/nofp/libnosys.a
START GROUP
LOAD /mnt/c/gcc-arm-none-eabi-8-2018-q4-major/bin/../lib/gcc/arm-none-eabi/8.2.1/thumb/v7-m/nofp/libgcc.a
LOAD /mnt/c/gcc-arm-none-eabi-8-2018-q4-major/bin/../lib/gcc/arm-none-eabi/8.2.1/../../../../arm-none-eabi/lib/thumb/v7-m/nofp/libc_nano.a
END GROUP
START GROUP
LOAD /mnt/c/gcc-arm-none-eabi-8-2018-q4-major/bin/../lib/gcc/arm-none-eabi/8.2.1/thumb/v7-m/nofp/libgcc.a
LOAD /mnt/c/gcc-arm-none-eabi-8-2018-q4-major/bin/../lib/gcc/arm-none-eabi/8.2.1/../../../../arm-none-eabi/lib/thumb/v7-m/nofp/libc_nano.a
END GROUP
LOAD /mnt/c/gcc-arm-none-eabi-8-2018-q4-major/bin/../lib/gcc/arm-none-eabi/8.2.1/thumb/v7-m/nofp/crtend.o
LOAD /mnt/c/gcc-arm-none-eabi-8-2018-q4-major/bin/../lib/gcc/arm-none-eabi/8.2.1/thumb/v7-m/nofp/crtn.o
                0x0000000020005000                _estack = 0x20005000
                0x0000000000000200                _Min_Heap_Size = 0x200
                0x0000000000000400                _Min_Stack_Size = 0x400

.isr_vector     0x0000000008000000      0x10c
                0x0000000008000000                . = ALIGN (0x4)
 *(.isr_vector)
 .isr_vector    0x0000000008000000      0x10c build/startup_stm32f103xb.o
                0x0000000008000000                g_pfnVectors
                0x000000000800010c                . = ALIGN (0x4)

.text           0x000000000800010c     0x2258
                0x000000000800010c                . = ALIGN (0x4)
 *(.text)
 .text          0x000000000800010c       0x40 /mnt/c/gcc-arm-none-eabi-8-2018-q4-major/bin/../lib/gcc/arm-none-eabi/8.2.1/thumb/v7-m/nofp/crtbegin.o
 *(.text*)
 .text.MX_GPIO_Init
                0x000000000800014c      0x108 build/main.o
 .text.MX_SPI1_Init
                0x0000000008000254       0x38 build/main.o
 .text.MX_ADC1_Init
                0x000000000800028c       0xbc build/main.o
 .text.MX_CAN_Init
                0x0000000008000348       0x6c build/main.o
 .text.updateADC
                0x00000000080003b4       0x7c build/main.o
                0x00000000080003b4                updateADC
 .text.checkBTSF
                0x0000000008000430       0x54 build/main.o
                0x0000000008000430                checkBTSF
 .text.sendFaultMsg
                0x0000000008000484       0x48 build/main.o
                0x0000000008000484                sendFaultMsg
 .text.sendCar_state
                0x00000000080004cc       0x20 build/main.o
                0x00000000080004cc                sendCar_state
 .text.car_state_machine
                0x00000000080004ec       0x14 build/main.o
                0x00000000080004ec                car_state_machine
 .text.readFaults
                0x0000000008000500       0x90 build/main.o
                0x0000000008000500                readFaults
 .text.SystemClock_Config
                0x0000000008000590       0x56 build/main.o
                0x0000000008000590                SystemClock_Config
 *fill*         0x00000000080005e6        0x2 
 .text.main     0x00000000080005e8      0x1c8 build/main.o
                0x00000000080005e8                main
 .text.NMI_Handler
                0x00000000080007b0        0x2 build/stm32f1xx_it.o
                0x00000000080007b0                NMI_Handler
 .text.HardFault_Handler
                0x00000000080007b2        0x2 build/stm32f1xx_it.o
                0x00000000080007b2                HardFault_Handler
 .text.MemManage_Handler
                0x00000000080007b4        0x2 build/stm32f1xx_it.o
                0x00000000080007b4                MemManage_Handler
 .text.BusFault_Handler
                0x00000000080007b6        0x2 build/stm32f1xx_it.o
                0x00000000080007b6                BusFault_Handler
 .text.UsageFault_Handler
                0x00000000080007b8        0x2 build/stm32f1xx_it.o
                0x00000000080007b8                UsageFault_Handler
 .text.SVC_Handler
                0x00000000080007ba        0x2 build/stm32f1xx_it.o
                0x00000000080007ba                SVC_Handler
 .text.DebugMon_Handler
                0x00000000080007bc        0x2 build/stm32f1xx_it.o
                0x00000000080007bc                DebugMon_Handler
 .text.PendSV_Handler
                0x00000000080007be        0x2 build/stm32f1xx_it.o
                0x00000000080007be                PendSV_Handler
 .text.SysTick_Handler
                0x00000000080007c0       0x38 build/stm32f1xx_it.o
                0x00000000080007c0                SysTick_Handler
 .text.ADC1_2_IRQHandler
                0x00000000080007f8       0x10 build/stm32f1xx_it.o
                0x00000000080007f8                ADC1_2_IRQHandler
 .text.USB_LP_CAN1_RX0_IRQHandler
                0x0000000008000808       0x10 build/stm32f1xx_it.o
                0x0000000008000808                USB_LP_CAN1_RX0_IRQHandler
 .text.HAL_MspInit
                0x0000000008000818       0x44 build/stm32f1xx_hal_msp.o
                0x0000000008000818                HAL_MspInit
 .text.HAL_ADC_MspInit
                0x000000000800085c       0x90 build/stm32f1xx_hal_msp.o
                0x000000000800085c                HAL_ADC_MspInit
 .text.HAL_CAN_MspInit
                0x00000000080008ec       0x84 build/stm32f1xx_hal_msp.o
                0x00000000080008ec                HAL_CAN_MspInit
 .text.HAL_SPI_MspInit
                0x0000000008000970       0x74 build/stm32f1xx_hal_msp.o
                0x0000000008000970                HAL_SPI_MspInit
 .text.HAL_ADC_PollForConversion
                0x00000000080009e4      0x170 build/stm32f1xx_hal_adc.o
                0x00000000080009e4                HAL_ADC_PollForConversion
 .text.HAL_ADC_GetValue
                0x0000000008000b54        0x6 build/stm32f1xx_hal_adc.o
                0x0000000008000b54                HAL_ADC_GetValue
 .text.HAL_ADC_ConvCpltCallback
                0x0000000008000b5a        0x2 build/stm32f1xx_hal_adc.o
                0x0000000008000b5a                HAL_ADC_ConvCpltCallback
 .text.HAL_ADC_LevelOutOfWindowCallback
                0x0000000008000b5c        0x2 build/stm32f1xx_hal_adc.o
                0x0000000008000b5c                HAL_ADC_LevelOutOfWindowCallback
 .text.HAL_ADC_IRQHandler
                0x0000000008000b5e      0x10c build/stm32f1xx_hal_adc.o
                0x0000000008000b5e                HAL_ADC_IRQHandler
 *fill*         0x0000000008000c6a        0x2 
 .text.HAL_ADC_ConfigChannel
                0x0000000008000c6c      0x138 build/stm32f1xx_hal_adc.o
                0x0000000008000c6c                HAL_ADC_ConfigChannel
 .text.ADC_Enable
                0x0000000008000da4       0x7c build/stm32f1xx_hal_adc.o
                0x0000000008000da4                ADC_Enable
 .text.HAL_ADC_Start
                0x0000000008000e20       0xf0 build/stm32f1xx_hal_adc.o
                0x0000000008000e20                HAL_ADC_Start
 .text.ADC_ConversionStop_Disable
                0x0000000008000f10       0x4c build/stm32f1xx_hal_adc.o
                0x0000000008000f10                ADC_ConversionStop_Disable
 .text.HAL_ADC_Init
                0x0000000008000f5c      0x110 build/stm32f1xx_hal_adc.o
                0x0000000008000f5c                HAL_ADC_Init
 .text.HAL_ADCEx_InjectedConvCpltCallback
                0x000000000800106c        0x2 build/stm32f1xx_hal_adc_ex.o
                0x000000000800106c                HAL_ADCEx_InjectedConvCpltCallback
 .text.HAL_CAN_Init
                0x000000000800106e      0x14c build/stm32f1xx_hal_can.o
                0x000000000800106e                HAL_CAN_Init
 .text.HAL_CAN_Start
                0x00000000080011ba       0x5c build/stm32f1xx_hal_can.o
                0x00000000080011ba                HAL_CAN_Start
 .text.HAL_CAN_AddTxMessage
                0x0000000008001216       0xec build/stm32f1xx_hal_can.o
                0x0000000008001216                HAL_CAN_AddTxMessage
 .text.HAL_CAN_TxMailbox0CompleteCallback
                0x0000000008001302        0x2 build/stm32f1xx_hal_can.o
                0x0000000008001302                HAL_CAN_TxMailbox0CompleteCallback
 .text.HAL_CAN_TxMailbox1CompleteCallback
                0x0000000008001304        0x2 build/stm32f1xx_hal_can.o
                0x0000000008001304                HAL_CAN_TxMailbox1CompleteCallback
 .text.HAL_CAN_TxMailbox2CompleteCallback
                0x0000000008001306        0x2 build/stm32f1xx_hal_can.o
                0x0000000008001306                HAL_CAN_TxMailbox2CompleteCallback
 .text.HAL_CAN_TxMailbox0AbortCallback
                0x0000000008001308        0x2 build/stm32f1xx_hal_can.o
                0x0000000008001308                HAL_CAN_TxMailbox0AbortCallback
 .text.HAL_CAN_TxMailbox1AbortCallback
                0x000000000800130a        0x2 build/stm32f1xx_hal_can.o
                0x000000000800130a                HAL_CAN_TxMailbox1AbortCallback
 .text.HAL_CAN_TxMailbox2AbortCallback
                0x000000000800130c        0x2 build/stm32f1xx_hal_can.o
                0x000000000800130c                HAL_CAN_TxMailbox2AbortCallback
 .text.HAL_CAN_RxFifo0MsgPendingCallback
                0x000000000800130e        0x2 build/stm32f1xx_hal_can.o
                0x000000000800130e                HAL_CAN_RxFifo0MsgPendingCallback
 .text.HAL_CAN_RxFifo0FullCallback
                0x0000000008001310        0x2 build/stm32f1xx_hal_can.o
                0x0000000008001310                HAL_CAN_RxFifo0FullCallback
 .text.HAL_CAN_RxFifo1MsgPendingCallback
                0x0000000008001312        0x2 build/stm32f1xx_hal_can.o
                0x0000000008001312                HAL_CAN_RxFifo1MsgPendingCallback
 .text.HAL_CAN_RxFifo1FullCallback
                0x0000000008001314        0x2 build/stm32f1xx_hal_can.o
                0x0000000008001314                HAL_CAN_RxFifo1FullCallback
 .text.HAL_CAN_SleepCallback
                0x0000000008001316        0x2 build/stm32f1xx_hal_can.o
                0x0000000008001316                HAL_CAN_SleepCallback
 .text.HAL_CAN_WakeUpFromRxMsgCallback
                0x0000000008001318        0x2 build/stm32f1xx_hal_can.o
                0x0000000008001318                HAL_CAN_WakeUpFromRxMsgCallback
 .text.HAL_CAN_ErrorCallback
                0x000000000800131a        0x2 build/stm32f1xx_hal_can.o
                0x000000000800131a                HAL_CAN_ErrorCallback
 .text.HAL_CAN_IRQHandler
                0x000000000800131c      0x25a build/stm32f1xx_hal_can.o
                0x000000000800131c                HAL_CAN_IRQHandler
 .text.HAL_SPI_Init
                0x0000000008001576       0x82 build/stm32f1xx_hal_spi_ex.o
                0x0000000008001576                HAL_SPI_Init
 .text.HAL_InitTick
                0x00000000080015f8       0x4c build/stm32f1xx_hal.o
                0x00000000080015f8                HAL_InitTick
 .text.HAL_Init
                0x0000000008001644       0x24 build/stm32f1xx_hal.o
                0x0000000008001644                HAL_Init
 .text.HAL_IncTick
                0x0000000008001668       0x18 build/stm32f1xx_hal.o
                0x0000000008001668                HAL_IncTick
 .text.HAL_GetTick
                0x0000000008001680        0xc build/stm32f1xx_hal.o
                0x0000000008001680                HAL_GetTick
 .text.HAL_Delay
                0x000000000800168c       0x28 build/stm32f1xx_hal.o
                0x000000000800168c                HAL_Delay
 .text.RCC_Delay
                0x00000000080016b4       0x2c build/stm32f1xx_hal_rcc.o
 .text.HAL_RCC_OscConfig
                0x00000000080016e0      0x3e0 build/stm32f1xx_hal_rcc.o
                0x00000000080016e0                HAL_RCC_OscConfig
 .text.HAL_RCC_GetSysClockFreq
                0x0000000008001ac0       0x70 build/stm32f1xx_hal_rcc.o
                0x0000000008001ac0                HAL_RCC_GetSysClockFreq
 .text.HAL_RCC_ClockConfig
                0x0000000008001b30      0x19c build/stm32f1xx_hal_rcc.o
                0x0000000008001b30                HAL_RCC_ClockConfig
 .text.HAL_RCC_GetHCLKFreq
                0x0000000008001ccc        0xc build/stm32f1xx_hal_rcc.o
                0x0000000008001ccc                HAL_RCC_GetHCLKFreq
 .text.HAL_RCC_GetPCLK2Freq
                0x0000000008001cd8       0x20 build/stm32f1xx_hal_rcc.o
                0x0000000008001cd8                HAL_RCC_GetPCLK2Freq
 .text.HAL_RCCEx_PeriphCLKConfig
                0x0000000008001cf8      0x114 build/stm32f1xx_hal_rcc_ex.o
                0x0000000008001cf8                HAL_RCCEx_PeriphCLKConfig
 .text.HAL_RCCEx_GetPeriphCLKFreq
                0x0000000008001e0c       0xfc build/stm32f1xx_hal_rcc_ex.o
                0x0000000008001e0c                HAL_RCCEx_GetPeriphCLKFreq
 .text.HAL_GPIO_Init
                0x0000000008001f08      0x1d4 build/stm32f1xx_hal_gpio.o
                0x0000000008001f08                HAL_GPIO_Init
 .text.HAL_GPIO_ReadPin
                0x00000000080020dc        0xe build/stm32f1xx_hal_gpio.o
                0x00000000080020dc                HAL_GPIO_ReadPin
 .text.HAL_GPIO_WritePin
                0x00000000080020ea        0xc build/stm32f1xx_hal_gpio.o
                0x00000000080020ea                HAL_GPIO_WritePin
 *fill*         0x00000000080020f6        0x2 
 .text.HAL_NVIC_SetPriorityGrouping
                0x00000000080020f8       0x24 build/stm32f1xx_hal_cortex.o
                0x00000000080020f8                HAL_NVIC_SetPriorityGrouping
 .text.HAL_NVIC_SetPriority
                0x000000000800211c       0x68 build/stm32f1xx_hal_cortex.o
                0x000000000800211c                HAL_NVIC_SetPriority
 .text.HAL_NVIC_EnableIRQ
                0x0000000008002184       0x18 build/stm32f1xx_hal_cortex.o
                0x0000000008002184                HAL_NVIC_EnableIRQ
 .text.HAL_SYSTICK_Config
                0x000000000800219c       0x2c build/stm32f1xx_hal_cortex.o
                0x000000000800219c                HAL_SYSTICK_Config
 .text.SystemInit
                0x00000000080021c8       0x4c build/system_stm32f1xx.o
                0x00000000080021c8                SystemInit
 .text.SystemCoreClockUpdate
                0x0000000008002214       0x94 build/system_stm32f1xx.o
                0x0000000008002214                SystemCoreClockUpdate
 .text.Reset_Handler
                0x00000000080022a8       0x48 build/startup_stm32f103xb.o
                0x00000000080022a8                Reset_Handler
 .text.Default_Handler
                0x00000000080022f0        0x2 build/startup_stm32f103xb.o
                0x00000000080022f0                RTC_Alarm_IRQHandler
                0x00000000080022f0                EXTI2_IRQHandler
                0x00000000080022f0                TIM1_CC_IRQHandler
                0x00000000080022f0                PVD_IRQHandler
                0x00000000080022f0                EXTI3_IRQHandler
                0x00000000080022f0                EXTI0_IRQHandler
                0x00000000080022f0                I2C2_EV_IRQHandler
                0x00000000080022f0                SPI1_IRQHandler
                0x00000000080022f0                TAMPER_IRQHandler
                0x00000000080022f0                DMA1_Channel4_IRQHandler
                0x00000000080022f0                USART3_IRQHandler
                0x00000000080022f0                RTC_IRQHandler
                0x00000000080022f0                DMA1_Channel7_IRQHandler
                0x00000000080022f0                CAN1_RX1_IRQHandler
                0x00000000080022f0                TIM4_IRQHandler
                0x00000000080022f0                I2C1_EV_IRQHandler
                0x00000000080022f0                DMA1_Channel6_IRQHandler
                0x00000000080022f0                TIM3_IRQHandler
                0x00000000080022f0                RCC_IRQHandler
                0x00000000080022f0                TIM1_TRG_COM_IRQHandler
                0x00000000080022f0                DMA1_Channel1_IRQHandler
                0x00000000080022f0                Default_Handler
                0x00000000080022f0                EXTI15_10_IRQHandler
                0x00000000080022f0                EXTI9_5_IRQHandler
                0x00000000080022f0                SPI2_IRQHandler
                0x00000000080022f0                DMA1_Channel5_IRQHandler
                0x00000000080022f0                EXTI4_IRQHandler
                0x00000000080022f0                USB_HP_CAN1_TX_IRQHandler
                0x00000000080022f0                DMA1_Channel3_IRQHandler
                0x00000000080022f0                TIM1_UP_IRQHandler
                0x00000000080022f0                WWDG_IRQHandler
                0x00000000080022f0                TIM2_IRQHandler
                0x00000000080022f0                TIM1_BRK_IRQHandler
                0x00000000080022f0                EXTI1_IRQHandler
                0x00000000080022f0                USART2_IRQHandler
                0x00000000080022f0                I2C2_ER_IRQHandler
                0x00000000080022f0                DMA1_Channel2_IRQHandler
                0x00000000080022f0                CAN1_SCE_IRQHandler
                0x00000000080022f0                FLASH_IRQHandler
                0x00000000080022f0                USART1_IRQHandler
                0x00000000080022f0                I2C1_ER_IRQHandler
                0x00000000080022f0                USBWakeUp_IRQHandler
 *fill*         0x00000000080022f2        0x2 
 .text.__libc_init_array
                0x00000000080022f4       0x48 /mnt/c/gcc-arm-none-eabi-8-2018-q4-major/bin/../lib/gcc/arm-none-eabi/8.2.1/../../../../arm-none-eabi/lib/thumb/v7-m/nofp/libc_nano.a(lib_a-init.o)
                0x00000000080022f4                __libc_init_array
 .text.memset   0x000000000800233c       0x10 /mnt/c/gcc-arm-none-eabi-8-2018-q4-major/bin/../lib/gcc/arm-none-eabi/8.2.1/../../../../arm-none-eabi/lib/thumb/v7-m/nofp/libc_nano.a(lib_a-memset.o)
                0x000000000800233c                memset
 *(.glue_7)
 .glue_7        0x000000000800234c        0x0 linker stubs
 *(.glue_7t)
 .glue_7t       0x000000000800234c        0x0 linker stubs
 *(.eh_frame)
 .eh_frame      0x000000000800234c        0x0 /mnt/c/gcc-arm-none-eabi-8-2018-q4-major/bin/../lib/gcc/arm-none-eabi/8.2.1/thumb/v7-m/nofp/crtbegin.o
 *(.init)
 .init          0x000000000800234c        0x4 /mnt/c/gcc-arm-none-eabi-8-2018-q4-major/bin/../lib/gcc/arm-none-eabi/8.2.1/thumb/v7-m/nofp/crti.o
                0x000000000800234c                _init
 .init          0x0000000008002350        0x8 /mnt/c/gcc-arm-none-eabi-8-2018-q4-major/bin/../lib/gcc/arm-none-eabi/8.2.1/thumb/v7-m/nofp/crtn.o
 *(.fini)
 .fini          0x0000000008002358        0x4 /mnt/c/gcc-arm-none-eabi-8-2018-q4-major/bin/../lib/gcc/arm-none-eabi/8.2.1/thumb/v7-m/nofp/crti.o
                0x0000000008002358                _fini
 .fini          0x000000000800235c        0x8 /mnt/c/gcc-arm-none-eabi-8-2018-q4-major/bin/../lib/gcc/arm-none-eabi/8.2.1/thumb/v7-m/nofp/crtn.o
                0x0000000008002364                . = ALIGN (0x4)
                0x0000000008002364                _etext = .

.vfp11_veneer   0x0000000008002364        0x0
 .vfp11_veneer  0x0000000008002364        0x0 linker stubs

.v4_bx          0x0000000008002364        0x0
 .v4_bx         0x0000000008002364        0x0 linker stubs

.iplt           0x0000000008002364        0x0
 .iplt          0x0000000008002364        0x0 /mnt/c/gcc-arm-none-eabi-8-2018-q4-major/bin/../lib/gcc/arm-none-eabi/8.2.1/thumb/v7-m/nofp/crtbegin.o

.rodata         0x0000000008002364       0x40
                0x0000000008002364                . = ALIGN (0x4)
 *(.rodata)
 .rodata        0x0000000008002364       0x12 build/stm32f1xx_hal_rcc.o
 *fill*         0x0000000008002376        0x2 
 .rodata        0x0000000008002378       0x12 build/stm32f1xx_hal_rcc_ex.o
 *(.rodata*)
 *fill*         0x000000000800238a        0x2 
 .rodata.AHBPrescTable
                0x000000000800238c       0x10 build/system_stm32f1xx.o
                0x000000000800238c                AHBPrescTable
 .rodata.APBPrescTable
                0x000000000800239c        0x8 build/system_stm32f1xx.o
                0x000000000800239c                APBPrescTable
                0x00000000080023a4                . = ALIGN (0x4)

.rel.dyn        0x00000000080023a4        0x0
 .rel.iplt      0x00000000080023a4        0x0 /mnt/c/gcc-arm-none-eabi-8-2018-q4-major/bin/../lib/gcc/arm-none-eabi/8.2.1/thumb/v7-m/nofp/crtbegin.o

.ARM.extab
 *(.ARM.extab* .gnu.linkonce.armextab.*)

.ARM            0x00000000080023a4        0x0
                0x00000000080023a4                __exidx_start = .
 *(.ARM.exidx*)
                0x00000000080023a4                __exidx_end = .

.preinit_array  0x00000000080023a4        0x0
                0x00000000080023a4                PROVIDE (__preinit_array_start = .)
 *(.preinit_array*)
                0x00000000080023a4                PROVIDE (__preinit_array_end = .)

.init_array     0x00000000080023a4        0x4
                0x00000000080023a4                PROVIDE (__init_array_start = .)
 *(SORT_BY_NAME(.init_array.*))
 *(.init_array*)
 .init_array    0x00000000080023a4        0x4 /mnt/c/gcc-arm-none-eabi-8-2018-q4-major/bin/../lib/gcc/arm-none-eabi/8.2.1/thumb/v7-m/nofp/crtbegin.o
                0x00000000080023a8                PROVIDE (__init_array_end = .)

.fini_array     0x00000000080023a8        0x4
                [!provide]                        PROVIDE (__fini_array_start = .)
 *(SORT_BY_NAME(.fini_array.*))
 *(.fini_array*)
 .fini_array    0x00000000080023a8        0x4 /mnt/c/gcc-arm-none-eabi-8-2018-q4-major/bin/../lib/gcc/arm-none-eabi/8.2.1/thumb/v7-m/nofp/crtbegin.o
                [!provide]                        PROVIDE (__fini_array_end = .)
                0x00000000080023ac                _sidata = LOADADDR (.data)

.data           0x0000000020000000       0x1c load address 0x00000000080023ac
                0x0000000020000000                . = ALIGN (0x4)
                0x0000000020000000                _sdata = .
 *(.data)
 *(.data*)
 .data.TxCar_state_data
                0x0000000020000000        0x8 build/main.o
                0x0000000020000000                TxCar_state_data
 .data.TxFault_data
                0x0000000020000008        0x8 build/main.o
                0x0000000020000008                TxFault_data
 .data.uwTickFreq
                0x0000000020000010        0x1 build/stm32f1xx_hal.o
                0x0000000020000010                uwTickFreq
 *fill*         0x0000000020000011        0x3 
 .data.uwTickPrio
                0x0000000020000014        0x4 build/stm32f1xx_hal.o
                0x0000000020000014                uwTickPrio
 .data.SystemCoreClock
                0x0000000020000018        0x4 build/system_stm32f1xx.o
                0x0000000020000018                SystemCoreClock
                0x000000002000001c                . = ALIGN (0x4)
                0x000000002000001c                _edata = .

.igot.plt       0x000000002000001c        0x0 load address 0x00000000080023c8
 .igot.plt      0x000000002000001c        0x0 /mnt/c/gcc-arm-none-eabi-8-2018-q4-major/bin/../lib/gcc/arm-none-eabi/8.2.1/thumb/v7-m/nofp/crtbegin.o
                0x000000002000001c                . = ALIGN (0x4)

.bss            0x000000002000001c      0x144 load address 0x00000000080023c8
                0x000000002000001c                _sbss = .
                0x000000002000001c                __bss_start__ = _sbss
 *(.bss)
 .bss           0x000000002000001c       0x1c /mnt/c/gcc-arm-none-eabi-8-2018-q4-major/bin/../lib/gcc/arm-none-eabi/8.2.1/thumb/v7-m/nofp/crtbegin.o
 *(.bss*)
 .bss.BTSF_ACTIVE
                0x0000000020000038        0x1 build/main.o
                0x0000000020000038                BTSF_ACTIVE
 *fill*         0x0000000020000039        0x3 
 .bss.sConfig   0x000000002000003c        0xc build/main.o
                0x000000002000003c                sConfig
 *(COMMON)
 COMMON         0x0000000020000048      0x111 build/main.o
                0x0000000020000048                throttle_B
                0x000000002000004c                TxCar_stateMailbox
                0x0000000020000050                bspd
                0x0000000020000051                bms
                0x0000000020000054                TxFaultsMailbox
                0x0000000020000058                hcan
                0x0000000020000080                imd
                0x0000000020000084                TxCar_state
                0x000000002000009c                throttle_A
                0x00000000200000a0                RTDS_Timer
                0x00000000200000a4                hadc1
                0x00000000200000d4                brakePressure_1
                0x00000000200000d6                brakePressure_2
                0x00000000200000d8                TxFaults
                0x00000000200000f0                steeringPos
                0x00000000200000f4                hspi1
                0x000000002000014c                CAN_Timer
                0x0000000020000150                brakePos
                0x0000000020000154                millisTimer
                0x0000000020000158                apps
 *fill*         0x0000000020000159        0x3 
 COMMON         0x000000002000015c        0x4 build/stm32f1xx_hal.o
                0x000000002000015c                uwTick
                0x0000000020000160                . = ALIGN (0x4)
                0x0000000020000160                _ebss = .
                0x0000000020000160                __bss_end__ = _ebss

._user_heap_stack
                0x0000000020000160      0x600 load address 0x00000000080023c8
                0x0000000020000160                . = ALIGN (0x8)
                [!provide]                        PROVIDE (end = .)
                [!provide]                        PROVIDE (_end = .)
                0x0000000020000360                . = (. + _Min_Heap_Size)
 *fill*         0x0000000020000160      0x200 
                0x0000000020000760                . = (. + _Min_Stack_Size)
 *fill*         0x0000000020000360      0x400 
                0x0000000020000760                . = ALIGN (0x8)

/DISCARD/
 libc.a(*)
 libm.a(*)
 libgcc.a(*)

.ARM.attributes
                0x0000000000000000       0x29
 *(.ARM.attributes)
 .ARM.attributes
                0x0000000000000000       0x1d /mnt/c/gcc-arm-none-eabi-8-2018-q4-major/bin/../lib/gcc/arm-none-eabi/8.2.1/thumb/v7-m/nofp/crti.o
 .ARM.attributes
                0x000000000000001d       0x2d /mnt/c/gcc-arm-none-eabi-8-2018-q4-major/bin/../lib/gcc/arm-none-eabi/8.2.1/thumb/v7-m/nofp/crtbegin.o
 .ARM.attributes
                0x000000000000004a       0x2d build/main.o
 .ARM.attributes
                0x0000000000000077       0x2d build/stm32f1xx_it.o
 .ARM.attributes
                0x00000000000000a4       0x2d build/stm32f1xx_hal_msp.o
 .ARM.attributes
                0x00000000000000d1       0x2d build/stm32f1xx_hal_adc.o
 .ARM.attributes
                0x00000000000000fe       0x2d build/stm32f1xx_hal_adc_ex.o
 .ARM.attributes
                0x000000000000012b       0x2d build/stm32f1xx_hal_can.o
 .ARM.attributes
                0x0000000000000158       0x2d build/stm32f1xx_hal_spi_ex.o
 .ARM.attributes
                0x0000000000000185       0x2d build/stm32f1xx_hal.o
 .ARM.attributes
                0x00000000000001b2       0x2d build/stm32f1xx_hal_rcc.o
 .ARM.attributes
                0x00000000000001df       0x2d build/stm32f1xx_hal_rcc_ex.o
 .ARM.attributes
                0x000000000000020c       0x2d build/stm32f1xx_hal_gpio.o
 .ARM.attributes
                0x0000000000000239       0x2d build/stm32f1xx_hal_cortex.o
 .ARM.attributes
                0x0000000000000266       0x2d build/system_stm32f1xx.o
 .ARM.attributes
                0x0000000000000293       0x21 build/startup_stm32f103xb.o
 .ARM.attributes
                0x00000000000002b4       0x2d /mnt/c/gcc-arm-none-eabi-8-2018-q4-major/bin/../lib/gcc/arm-none-eabi/8.2.1/../../../../arm-none-eabi/lib/thumb/v7-m/nofp/libc_nano.a(lib_a-init.o)
 .ARM.attributes
                0x00000000000002e1       0x2d /mnt/c/gcc-arm-none-eabi-8-2018-q4-major/bin/../lib/gcc/arm-none-eabi/8.2.1/../../../../arm-none-eabi/lib/thumb/v7-m/nofp/libc_nano.a(lib_a-memset.o)
 .ARM.attributes
                0x000000000000030e       0x1d /mnt/c/gcc-arm-none-eabi-8-2018-q4-major/bin/../lib/gcc/arm-none-eabi/8.2.1/thumb/v7-m/nofp/crtn.o
OUTPUT(build/SAFETYDEV.elf elf32-littlearm)

.debug_info     0x0000000000000000    0x1307f
 .debug_info    0x0000000000000000     0x2dba build/main.o
 .debug_info    0x0000000000002dba     0x15fa build/stm32f1xx_it.o
 .debug_info    0x00000000000043b4     0x1ead build/stm32f1xx_hal_msp.o
 .debug_info    0x0000000000006261     0x1a5b build/stm32f1xx_hal_adc.o
 .debug_info    0x0000000000007cbc     0x16f8 build/stm32f1xx_hal_adc_ex.o
 .debug_info    0x00000000000093b4     0x1df2 build/stm32f1xx_hal_can.o
 .debug_info    0x000000000000b1a6     0x10bf build/stm32f1xx_hal_spi_ex.o
 .debug_info    0x000000000000c265     0x1228 build/stm32f1xx_hal.o
 .debug_info    0x000000000000d48d     0x1515 build/stm32f1xx_hal_rcc.o
 .debug_info    0x000000000000e9a2      0xeb5 build/stm32f1xx_hal_rcc_ex.o
 .debug_info    0x000000000000f857     0x114b build/stm32f1xx_hal_gpio.o
 .debug_info    0x00000000000109a2     0x1866 build/stm32f1xx_hal_cortex.o
 .debug_info    0x0000000000012208      0xe55 build/system_stm32f1xx.o
 .debug_info    0x000000000001305d       0x22 build/startup_stm32f103xb.o

.debug_abbrev   0x0000000000000000     0x28eb
 .debug_abbrev  0x0000000000000000      0x446 build/main.o
 .debug_abbrev  0x0000000000000446      0x287 build/stm32f1xx_it.o
 .debug_abbrev  0x00000000000006cd      0x2ea build/stm32f1xx_hal_msp.o
 .debug_abbrev  0x00000000000009b7      0x2ef build/stm32f1xx_hal_adc.o
 .debug_abbrev  0x0000000000000ca6      0x31d build/stm32f1xx_hal_adc_ex.o
 .debug_abbrev  0x0000000000000fc3      0x3ae build/stm32f1xx_hal_can.o
 .debug_abbrev  0x0000000000001371      0x21a build/stm32f1xx_hal_spi_ex.o
 .debug_abbrev  0x000000000000158b      0x348 build/stm32f1xx_hal.o
 .debug_abbrev  0x00000000000018d3      0x386 build/stm32f1xx_hal_rcc.o
 .debug_abbrev  0x0000000000001c59      0x2de build/stm32f1xx_hal_rcc_ex.o
 .debug_abbrev  0x0000000000001f37      0x30a build/stm32f1xx_hal_gpio.o
 .debug_abbrev  0x0000000000002241      0x459 build/stm32f1xx_hal_cortex.o
 .debug_abbrev  0x000000000000269a      0x23f build/system_stm32f1xx.o
 .debug_abbrev  0x00000000000028d9       0x12 build/startup_stm32f103xb.o

.debug_loc      0x0000000000000000     0x4bb1
 .debug_loc     0x0000000000000000      0x27b build/main.o
 .debug_loc     0x000000000000027b       0xa0 build/stm32f1xx_it.o
 .debug_loc     0x000000000000031b      0x2f9 build/stm32f1xx_hal_msp.o
 .debug_loc     0x0000000000000614      0xe95 build/stm32f1xx_hal_adc.o
 .debug_loc     0x00000000000014a9      0xb01 build/stm32f1xx_hal_adc_ex.o
 .debug_loc     0x0000000000001faa      0xf91 build/stm32f1xx_hal_can.o
 .debug_loc     0x0000000000002f3b       0x85 build/stm32f1xx_hal_spi_ex.o
 .debug_loc     0x0000000000002fc0      0x1cc build/stm32f1xx_hal.o
 .debug_loc     0x000000000000318c      0x815 build/stm32f1xx_hal_rcc.o
 .debug_loc     0x00000000000039a1      0x405 build/stm32f1xx_hal_rcc_ex.o
 .debug_loc     0x0000000000003da6      0x5a1 build/stm32f1xx_hal_gpio.o
 .debug_loc     0x0000000000004347      0x76b build/stm32f1xx_hal_cortex.o
 .debug_loc     0x0000000000004ab2       0xff build/system_stm32f1xx.o

.debug_aranges  0x0000000000000000      0x6f0
 .debug_aranges
                0x0000000000000000       0x90 build/main.o
 .debug_aranges
                0x0000000000000090       0x80 build/stm32f1xx_it.o
 .debug_aranges
                0x0000000000000110       0x50 build/stm32f1xx_hal_msp.o
 .debug_aranges
                0x0000000000000160       0xf0 build/stm32f1xx_hal_adc.o
 .debug_aranges
                0x0000000000000250       0x80 build/stm32f1xx_hal_adc_ex.o
 .debug_aranges
                0x00000000000002d0      0x138 build/stm32f1xx_hal_can.o
 .debug_aranges
                0x0000000000000408       0x20 build/stm32f1xx_hal_spi_ex.o
 .debug_aranges
                0x0000000000000428       0xd0 build/stm32f1xx_hal.o
 .debug_aranges
                0x00000000000004f8       0x90 build/stm32f1xx_hal_rcc.o
 .debug_aranges
                0x0000000000000588       0x30 build/stm32f1xx_hal_rcc_ex.o
 .debug_aranges
                0x00000000000005b8       0x58 build/stm32f1xx_hal_gpio.o
 .debug_aranges
                0x0000000000000610       0x90 build/stm32f1xx_hal_cortex.o
 .debug_aranges
                0x00000000000006a0       0x28 build/system_stm32f1xx.o
 .debug_aranges
                0x00000000000006c8       0x28 build/startup_stm32f103xb.o

.debug_ranges   0x0000000000000000      0x698
 .debug_ranges  0x0000000000000000       0x80 build/main.o
 .debug_ranges  0x0000000000000080       0x70 build/stm32f1xx_it.o
 .debug_ranges  0x00000000000000f0       0x40 build/stm32f1xx_hal_msp.o
 .debug_ranges  0x0000000000000130       0xe0 build/stm32f1xx_hal_adc.o
 .debug_ranges  0x0000000000000210       0x70 build/stm32f1xx_hal_adc_ex.o
 .debug_ranges  0x0000000000000280      0x128 build/stm32f1xx_hal_can.o
 .debug_ranges  0x00000000000003a8       0x10 build/stm32f1xx_hal_spi_ex.o
 .debug_ranges  0x00000000000003b8       0xc0 build/stm32f1xx_hal.o
 .debug_ranges  0x0000000000000478       0xa0 build/stm32f1xx_hal_rcc.o
 .debug_ranges  0x0000000000000518       0x38 build/stm32f1xx_hal_rcc_ex.o
 .debug_ranges  0x0000000000000550       0x48 build/stm32f1xx_hal_gpio.o
 .debug_ranges  0x0000000000000598       0xc8 build/stm32f1xx_hal_cortex.o
 .debug_ranges  0x0000000000000660       0x18 build/system_stm32f1xx.o
 .debug_ranges  0x0000000000000678       0x20 build/startup_stm32f103xb.o

.debug_line     0x0000000000000000     0x696d
 .debug_line    0x0000000000000000      0xaef build/main.o
 .debug_line    0x0000000000000aef      0x40c build/stm32f1xx_it.o
 .debug_line    0x0000000000000efb      0x4d1 build/stm32f1xx_hal_msp.o
 .debug_line    0x00000000000013cc      0xec2 build/stm32f1xx_hal_adc.o
 .debug_line    0x000000000000228e      0xb9c build/stm32f1xx_hal_adc_ex.o
 .debug_line    0x0000000000002e2a     0x115f build/stm32f1xx_hal_can.o
 .debug_line    0x0000000000003f89      0x2e0 build/stm32f1xx_hal_spi_ex.o
 .debug_line    0x0000000000004269      0x54a build/stm32f1xx_hal.o
 .debug_line    0x00000000000047b3      0xc1f build/stm32f1xx_hal_rcc.o
 .debug_line    0x00000000000053d2      0x51c build/stm32f1xx_hal_rcc_ex.o
 .debug_line    0x00000000000058ee      0x68f build/stm32f1xx_hal_gpio.o
 .debug_line    0x0000000000005f7d      0x660 build/stm32f1xx_hal_cortex.o
 .debug_line    0x00000000000065dd      0x31e build/system_stm32f1xx.o
 .debug_line    0x00000000000068fb       0x72 build/startup_stm32f103xb.o

.debug_str      0x0000000000000000     0x2b07
 .debug_str     0x0000000000000000     0x1686 build/main.o
                                       0x17c6 (size before relaxing)
 .debug_str     0x0000000000001686      0x13f build/stm32f1xx_it.o
                                        0xd25 (size before relaxing)
 .debug_str     0x00000000000017c5       0xe0 build/stm32f1xx_hal_msp.o
                                       0x1212 (size before relaxing)
 .debug_str     0x00000000000018a5      0x320 build/stm32f1xx_hal_adc.o
                                        0xd69 (size before relaxing)
 .debug_str     0x0000000000001bc5      0x28e build/stm32f1xx_hal_adc_ex.o
                                        0xd1c (size before relaxing)
 .debug_str     0x0000000000001e53      0x4e6 build/stm32f1xx_hal_can.o
                                        0xf08 (size before relaxing)
 .debug_str     0x0000000000002339       0x38 build/stm32f1xx_hal_spi_ex.o
                                        0xa9d (size before relaxing)
 .debug_str     0x0000000000002371      0x219 build/stm32f1xx_hal.o
                                        0xc4d (size before relaxing)
 .debug_str     0x000000000000258a      0x1dd build/stm32f1xx_hal_rcc.o
                                        0xab9 (size before relaxing)
 .debug_str     0x0000000000002767       0x81 build/stm32f1xx_hal_rcc_ex.o
                                        0x89d (size before relaxing)
 .debug_str     0x00000000000027e8       0xf4 build/stm32f1xx_hal_gpio.o
                                        0x8e2 (size before relaxing)
 .debug_str     0x00000000000028dc      0x1d2 build/stm32f1xx_hal_cortex.o
                                        0xd75 (size before relaxing)
 .debug_str     0x0000000000002aae       0x34 build/system_stm32f1xx.o
                                        0x74b (size before relaxing)
 .debug_str     0x0000000000002ae2       0x25 build/startup_stm32f103xb.o
                                         0x7a (size before relaxing)

.comment        0x0000000000000000       0x75
 .comment       0x0000000000000000       0x75 build/main.o
                                         0x76 (size before relaxing)
 .comment       0x0000000000000075       0x76 build/stm32f1xx_it.o
 .comment       0x0000000000000075       0x76 build/stm32f1xx_hal_msp.o
 .comment       0x0000000000000075       0x76 build/stm32f1xx_hal_adc.o
 .comment       0x0000000000000075       0x76 build/stm32f1xx_hal_adc_ex.o
 .comment       0x0000000000000075       0x76 build/stm32f1xx_hal_can.o
 .comment       0x0000000000000075       0x76 build/stm32f1xx_hal_spi_ex.o
 .comment       0x0000000000000075       0x76 build/stm32f1xx_hal.o
 .comment       0x0000000000000075       0x76 build/stm32f1xx_hal_rcc.o
 .comment       0x0000000000000075       0x76 build/stm32f1xx_hal_rcc_ex.o
 .comment       0x0000000000000075       0x76 build/stm32f1xx_hal_gpio.o
 .comment       0x0000000000000075       0x76 build/stm32f1xx_hal_cortex.o
 .comment       0x0000000000000075       0x76 build/system_stm32f1xx.o

.debug_frame    0x0000000000000000     0x1260
 .debug_frame   0x0000000000000000      0x1b8 build/main.o
 .debug_frame   0x00000000000001b8      0x11c build/stm32f1xx_it.o
 .debug_frame   0x00000000000002d4       0xe8 build/stm32f1xx_hal_msp.o
 .debug_frame   0x00000000000003bc      0x31c build/stm32f1xx_hal_adc.o
 .debug_frame   0x00000000000006d8      0x1c4 build/stm32f1xx_hal_adc_ex.o
 .debug_frame   0x000000000000089c      0x310 build/stm32f1xx_hal_can.o
 .debug_frame   0x0000000000000bac       0x30 build/stm32f1xx_hal_spi_ex.o
 .debug_frame   0x0000000000000bdc      0x1c0 build/stm32f1xx_hal.o
 .debug_frame   0x0000000000000d9c      0x1b0 build/stm32f1xx_hal_rcc.o
 .debug_frame   0x0000000000000f4c       0x74 build/stm32f1xx_hal_rcc_ex.o
 .debug_frame   0x0000000000000fc0       0xe8 build/stm32f1xx_hal_gpio.o
 .debug_frame   0x00000000000010a8      0x13c build/stm32f1xx_hal_cortex.o
 .debug_frame   0x00000000000011e4       0x30 build/system_stm32f1xx.o
 .debug_frame   0x0000000000001214       0x2c /mnt/c/gcc-arm-none-eabi-8-2018-q4-major/bin/../lib/gcc/arm-none-eabi/8.2.1/../../../../arm-none-eabi/lib/thumb/v7-m/nofp/libc_nano.a(lib_a-init.o)
 .debug_frame   0x0000000000001240       0x20 /mnt/c/gcc-arm-none-eabi-8-2018-q4-major/bin/../lib/gcc/arm-none-eabi/8.2.1/../../../../arm-none-eabi/lib/thumb/v7-m/nofp/libc_nano.a(lib_a-memset.o)

Cross Reference Table

Symbol                                            File
ADC1_2_IRQHandler                                 build/stm32f1xx_it.o
ADC_ConversionStop_Disable                        build/stm32f1xx_hal_adc.o
                                                  build/stm32f1xx_hal_adc_ex.o
ADC_DMAConvCplt                                   build/stm32f1xx_hal_adc.o
                                                  build/stm32f1xx_hal_adc_ex.o
ADC_DMAError                                      build/stm32f1xx_hal_adc.o
                                                  build/stm32f1xx_hal_adc_ex.o
ADC_DMAHalfConvCplt                               build/stm32f1xx_hal_adc.o
                                                  build/stm32f1xx_hal_adc_ex.o
ADC_Enable                                        build/stm32f1xx_hal_adc.o
                                                  build/stm32f1xx_hal_adc_ex.o
AHBPrescTable                                     build/system_stm32f1xx.o
                                                  build/stm32f1xx_hal_rcc.o
APBPrescTable                                     build/system_stm32f1xx.o
                                                  build/stm32f1xx_hal_rcc.o
APPS_Diff                                         build/main.o
APPS_difference                                   build/main.o
BTSF_ACTIVE                                       build/main.o
BusFault_Handler                                  build/stm32f1xx_it.o
CAN1_RX1_IRQHandler                               build/startup_stm32f103xb.o
CAN1_SCE_IRQHandler                               build/startup_stm32f103xb.o
CAN_Timer                                         build/stm32f1xx_hal_msp.o
                                                  build/stm32f1xx_it.o
                                                  build/main.o
DMA1_Channel1_IRQHandler                          build/startup_stm32f103xb.o
DMA1_Channel2_IRQHandler                          build/startup_stm32f103xb.o
DMA1_Channel3_IRQHandler                          build/startup_stm32f103xb.o
DMA1_Channel4_IRQHandler                          build/startup_stm32f103xb.o
DMA1_Channel5_IRQHandler                          build/startup_stm32f103xb.o
DMA1_Channel6_IRQHandler                          build/startup_stm32f103xb.o
DMA1_Channel7_IRQHandler                          build/startup_stm32f103xb.o
DebugMon_Handler                                  build/stm32f1xx_it.o
Default_Handler                                   build/startup_stm32f103xb.o
EXTI0_IRQHandler                                  build/startup_stm32f103xb.o
EXTI11_IRQHandler                                 build/stm32f1xx_it.o
EXTI14_IRQHandler                                 build/stm32f1xx_it.o
EXTI15_10_IRQHandler                              build/startup_stm32f103xb.o
EXTI1_IRQHandler                                  build/startup_stm32f103xb.o
EXTI2_IRQHandler                                  build/startup_stm32f103xb.o
EXTI3_IRQHandler                                  build/startup_stm32f103xb.o
EXTI4_IRQHandler                                  build/startup_stm32f103xb.o
EXTI9_5_IRQHandler                                build/startup_stm32f103xb.o
Error_Handler                                     build/main.o
FLASH_IRQHandler                                  build/startup_stm32f103xb.o
FLASH_PageErase                                   build/stm32f1xx_hal_flash_ex.o
                                                  build/stm32f1xx_hal_flash.o
FLASH_WaitForLastOperation                        build/stm32f1xx_hal_flash.o
                                                  build/stm32f1xx_hal_flash_ex.o
HAL_ADCEx_Calibration_Start                       build/stm32f1xx_hal_adc_ex.o
HAL_ADCEx_InjectedConfigChannel                   build/stm32f1xx_hal_adc_ex.o
HAL_ADCEx_InjectedConvCpltCallback                build/stm32f1xx_hal_adc_ex.o
                                                  build/stm32f1xx_hal_adc.o
HAL_ADCEx_InjectedGetValue                        build/stm32f1xx_hal_adc_ex.o
HAL_ADCEx_InjectedPollForConversion               build/stm32f1xx_hal_adc_ex.o
HAL_ADCEx_InjectedStart                           build/stm32f1xx_hal_adc_ex.o
HAL_ADCEx_InjectedStart_IT                        build/stm32f1xx_hal_adc_ex.o
HAL_ADCEx_InjectedStop                            build/stm32f1xx_hal_adc_ex.o
HAL_ADCEx_InjectedStop_IT                         build/stm32f1xx_hal_adc_ex.o
HAL_ADCEx_MultiModeConfigChannel                  build/stm32f1xx_hal_adc_ex.o
HAL_ADCEx_MultiModeGetValue                       build/stm32f1xx_hal_adc_ex.o
HAL_ADCEx_MultiModeStart_DMA                      build/stm32f1xx_hal_adc_ex.o
HAL_ADCEx_MultiModeStop_DMA                       build/stm32f1xx_hal_adc_ex.o
HAL_ADC_AnalogWDGConfig                           build/stm32f1xx_hal_adc.o
HAL_ADC_ConfigChannel                             build/stm32f1xx_hal_adc.o
                                                  build/main.o
HAL_ADC_ConvCpltCallback                          build/stm32f1xx_hal_adc.o
HAL_ADC_ConvHalfCpltCallback                      build/stm32f1xx_hal_adc.o
HAL_ADC_DeInit                                    build/stm32f1xx_hal_adc.o
HAL_ADC_ErrorCallback                             build/stm32f1xx_hal_adc.o
HAL_ADC_GetError                                  build/stm32f1xx_hal_adc.o
HAL_ADC_GetState                                  build/stm32f1xx_hal_adc.o
HAL_ADC_GetValue                                  build/stm32f1xx_hal_adc.o
                                                  build/main.o
HAL_ADC_IRQHandler                                build/stm32f1xx_hal_adc.o
                                                  build/stm32f1xx_it.o
HAL_ADC_Init                                      build/stm32f1xx_hal_adc.o
                                                  build/main.o
HAL_ADC_LevelOutOfWindowCallback                  build/stm32f1xx_hal_adc.o
HAL_ADC_MspDeInit                                 build/stm32f1xx_hal_msp.o
HAL_ADC_MspInit                                   build/stm32f1xx_hal_msp.o
HAL_ADC_PollForConversion                         build/stm32f1xx_hal_adc.o
                                                  build/main.o
HAL_ADC_PollForEvent                              build/stm32f1xx_hal_adc.o
HAL_ADC_Start                                     build/stm32f1xx_hal_adc.o
                                                  build/main.o
HAL_ADC_Start_DMA                                 build/stm32f1xx_hal_adc.o
HAL_ADC_Start_IT                                  build/stm32f1xx_hal_adc.o
HAL_ADC_Stop                                      build/stm32f1xx_hal_adc.o
HAL_ADC_Stop_DMA                                  build/stm32f1xx_hal_adc.o
HAL_ADC_Stop_IT                                   build/stm32f1xx_hal_adc.o
HAL_CAN_AbortTxRequest                            build/stm32f1xx_hal_can.o
HAL_CAN_ActivateNotification                      build/stm32f1xx_hal_can.o
HAL_CAN_AddTxMessage                              build/stm32f1xx_hal_can.o
                                                  build/main.o
HAL_CAN_ConfigFilter                              build/stm32f1xx_hal_can.o
HAL_CAN_DeInit                                    build/stm32f1xx_hal_can.o
HAL_CAN_DeactivateNotification                    build/stm32f1xx_hal_can.o
HAL_CAN_ErrorCallback                             build/stm32f1xx_hal_can.o
HAL_CAN_GetError                                  build/stm32f1xx_hal_can.o
HAL_CAN_GetRxFifoFillLevel                        build/stm32f1xx_hal_can.o
HAL_CAN_GetRxMessage                              build/stm32f1xx_hal_can.o
HAL_CAN_GetState                                  build/stm32f1xx_hal_can.o
HAL_CAN_GetTxMailboxesFreeLevel                   build/stm32f1xx_hal_can.o
HAL_CAN_GetTxTimestamp                            build/stm32f1xx_hal_can.o
HAL_CAN_IRQHandler                                build/stm32f1xx_hal_can.o
                                                  build/stm32f1xx_it.o
HAL_CAN_Init                                      build/stm32f1xx_hal_can.o
                                                  build/main.o
HAL_CAN_IsSleepActive                             build/stm32f1xx_hal_can.o
HAL_CAN_IsTxMessagePending                        build/stm32f1xx_hal_can.o
HAL_CAN_MspDeInit                                 build/stm32f1xx_hal_msp.o
HAL_CAN_MspInit                                   build/stm32f1xx_hal_msp.o
HAL_CAN_RequestSleep                              build/stm32f1xx_hal_can.o
HAL_CAN_ResetError                                build/stm32f1xx_hal_can.o
HAL_CAN_RxFifo0FullCallback                       build/stm32f1xx_hal_can.o
HAL_CAN_RxFifo0MsgPendingCallback                 build/stm32f1xx_hal_can.o
HAL_CAN_RxFifo1FullCallback                       build/stm32f1xx_hal_can.o
HAL_CAN_RxFifo1MsgPendingCallback                 build/stm32f1xx_hal_can.o
HAL_CAN_SleepCallback                             build/stm32f1xx_hal_can.o
HAL_CAN_Start                                     build/stm32f1xx_hal_can.o
                                                  build/main.o
HAL_CAN_Stop                                      build/stm32f1xx_hal_can.o
HAL_CAN_TxMailbox0AbortCallback                   build/stm32f1xx_hal_can.o
HAL_CAN_TxMailbox0CompleteCallback                build/stm32f1xx_hal_can.o
HAL_CAN_TxMailbox1AbortCallback                   build/stm32f1xx_hal_can.o
HAL_CAN_TxMailbox1CompleteCallback                build/stm32f1xx_hal_can.o
HAL_CAN_TxMailbox2AbortCallback                   build/stm32f1xx_hal_can.o
HAL_CAN_TxMailbox2CompleteCallback                build/stm32f1xx_hal_can.o
HAL_CAN_WakeUp                                    build/stm32f1xx_hal_can.o
HAL_CAN_WakeUpFromRxMsgCallback                   build/stm32f1xx_hal_can.o
HAL_DBGMCU_DisableDBGSleepMode                    build/stm32f1xx_hal.o
HAL_DBGMCU_DisableDBGStandbyMode                  build/stm32f1xx_hal.o
HAL_DBGMCU_DisableDBGStopMode                     build/stm32f1xx_hal.o
HAL_DBGMCU_EnableDBGSleepMode                     build/stm32f1xx_hal.o
HAL_DBGMCU_EnableDBGStandbyMode                   build/stm32f1xx_hal.o
HAL_DBGMCU_EnableDBGStopMode                      build/stm32f1xx_hal.o
HAL_DMA_Abort                                     build/stm32f1xx_hal_dma.o
                                                  build/stm32f1xx_hal_spi.o
                                                  build/stm32f1xx_hal_adc_ex.o
                                                  build/stm32f1xx_hal_adc.o
HAL_DMA_Abort_IT                                  build/stm32f1xx_hal_dma.o
                                                  build/stm32f1xx_hal_spi.o
HAL_DMA_DeInit                                    build/stm32f1xx_hal_dma.o
HAL_DMA_GetError                                  build/stm32f1xx_hal_dma.o
HAL_DMA_GetState                                  build/stm32f1xx_hal_dma.o
HAL_DMA_IRQHandler                                build/stm32f1xx_hal_dma.o
HAL_DMA_Init                                      build/stm32f1xx_hal_dma.o
HAL_DMA_PollForTransfer                           build/stm32f1xx_hal_dma.o
HAL_DMA_RegisterCallback                          build/stm32f1xx_hal_dma.o
HAL_DMA_Start                                     build/stm32f1xx_hal_dma.o
HAL_DMA_Start_IT                                  build/stm32f1xx_hal_dma.o
                                                  build/stm32f1xx_hal_spi.o
                                                  build/stm32f1xx_hal_adc_ex.o
                                                  build/stm32f1xx_hal_adc.o
HAL_DMA_UnRegisterCallback                        build/stm32f1xx_hal_dma.o
HAL_DeInit                                        build/stm32f1xx_hal.o
HAL_Delay                                         build/stm32f1xx_hal.o
                                                  build/main.o
HAL_FLASHEx_Erase                                 build/stm32f1xx_hal_flash_ex.o
HAL_FLASHEx_Erase_IT                              build/stm32f1xx_hal_flash_ex.o
HAL_FLASHEx_OBErase                               build/stm32f1xx_hal_flash_ex.o
HAL_FLASHEx_OBGetConfig                           build/stm32f1xx_hal_flash_ex.o
HAL_FLASHEx_OBGetUserData                         build/stm32f1xx_hal_flash_ex.o
HAL_FLASHEx_OBProgram                             build/stm32f1xx_hal_flash_ex.o
HAL_FLASH_EndOfOperationCallback                  build/stm32f1xx_hal_flash.o
HAL_FLASH_GetError                                build/stm32f1xx_hal_flash.o
HAL_FLASH_IRQHandler                              build/stm32f1xx_hal_flash.o
HAL_FLASH_Lock                                    build/stm32f1xx_hal_flash.o
HAL_FLASH_OB_Launch                               build/stm32f1xx_hal_flash.o
HAL_FLASH_OB_Lock                                 build/stm32f1xx_hal_flash.o
HAL_FLASH_OB_Unlock                               build/stm32f1xx_hal_flash.o
HAL_FLASH_OperationErrorCallback                  build/stm32f1xx_hal_flash.o
HAL_FLASH_Program                                 build/stm32f1xx_hal_flash.o
HAL_FLASH_Program_IT                              build/stm32f1xx_hal_flash.o
HAL_FLASH_Unlock                                  build/stm32f1xx_hal_flash.o
HAL_GPIOEx_ConfigEventout                         build/stm32f1xx_hal_gpio_ex.o
HAL_GPIOEx_DisableEventout                        build/stm32f1xx_hal_gpio_ex.o
HAL_GPIOEx_EnableEventout                         build/stm32f1xx_hal_gpio_ex.o
HAL_GPIO_DeInit                                   build/stm32f1xx_hal_gpio.o
                                                  build/stm32f1xx_hal_msp.o
HAL_GPIO_EXTI_Callback                            build/stm32f1xx_hal_gpio.o
HAL_GPIO_EXTI_IRQHandler                          build/stm32f1xx_hal_gpio.o
                                                  build/stm32f1xx_it.o
HAL_GPIO_Init                                     build/stm32f1xx_hal_gpio.o
                                                  build/stm32f1xx_hal_rcc.o
                                                  build/stm32f1xx_hal_msp.o
                                                  build/main.o
HAL_GPIO_LockPin                                  build/stm32f1xx_hal_gpio.o
HAL_GPIO_ReadPin                                  build/stm32f1xx_hal_gpio.o
                                                  build/main.o
HAL_GPIO_TogglePin                                build/stm32f1xx_hal_gpio.o
HAL_GPIO_WritePin                                 build/stm32f1xx_hal_gpio.o
                                                  build/main.o
HAL_GetDEVID                                      build/stm32f1xx_hal.o
HAL_GetHalVersion                                 build/stm32f1xx_hal.o
HAL_GetREVID                                      build/stm32f1xx_hal.o
HAL_GetTick                                       build/stm32f1xx_hal.o
                                                  build/stm32f1xx_hal_flash.o
                                                  build/stm32f1xx_hal_dma.o
                                                  build/stm32f1xx_hal_rcc_ex.o
                                                  build/stm32f1xx_hal_rcc.o
                                                  build/stm32f1xx_hal_spi.o
                                                  build/stm32f1xx_hal_can.o
                                                  build/stm32f1xx_hal_adc_ex.o
                                                  build/stm32f1xx_hal_adc.o
HAL_GetTickFreq                                   build/stm32f1xx_hal.o
HAL_GetTickPrio                                   build/stm32f1xx_hal.o
HAL_GetUID                                        build/stm32f1xx_hal.o
HAL_IncTick                                       build/stm32f1xx_hal.o
                                                  build/stm32f1xx_it.o
HAL_Init                                          build/stm32f1xx_hal.o
                                                  build/main.o
HAL_InitTick                                      build/stm32f1xx_hal.o
                                                  build/stm32f1xx_hal_rcc.o
HAL_MspDeInit                                     build/stm32f1xx_hal.o
HAL_MspInit                                       build/stm32f1xx_hal_msp.o
HAL_NVIC_ClearPendingIRQ                          build/stm32f1xx_hal_cortex.o
HAL_NVIC_DisableIRQ                               build/stm32f1xx_hal_cortex.o
                                                  build/stm32f1xx_hal_msp.o
HAL_NVIC_EnableIRQ                                build/stm32f1xx_hal_cortex.o
                                                  build/stm32f1xx_hal_msp.o
HAL_NVIC_GetActive                                build/stm32f1xx_hal_cortex.o
HAL_NVIC_GetPendingIRQ                            build/stm32f1xx_hal_cortex.o
HAL_NVIC_GetPriority                              build/stm32f1xx_hal_cortex.o
HAL_NVIC_GetPriorityGrouping                      build/stm32f1xx_hal_cortex.o
HAL_NVIC_SetPendingIRQ                            build/stm32f1xx_hal_cortex.o
HAL_NVIC_SetPriority                              build/stm32f1xx_hal_cortex.o
                                                  build/stm32f1xx_hal.o
                                                  build/stm32f1xx_hal_msp.o
HAL_NVIC_SetPriorityGrouping                      build/stm32f1xx_hal_cortex.o
                                                  build/stm32f1xx_hal.o
HAL_NVIC_SystemReset                              build/stm32f1xx_hal_cortex.o
                                                  build/stm32f1xx_hal_flash.o
HAL_PWR_ConfigPVD                                 build/stm32f1xx_hal_pwr.o
HAL_PWR_DeInit                                    build/stm32f1xx_hal_pwr.o
HAL_PWR_DisableBkUpAccess                         build/stm32f1xx_hal_pwr.o
HAL_PWR_DisablePVD                                build/stm32f1xx_hal_pwr.o
HAL_PWR_DisableSEVOnPend                          build/stm32f1xx_hal_pwr.o
HAL_PWR_DisableSleepOnExit                        build/stm32f1xx_hal_pwr.o
HAL_PWR_DisableWakeUpPin                          build/stm32f1xx_hal_pwr.o
HAL_PWR_EnableBkUpAccess                          build/stm32f1xx_hal_pwr.o
HAL_PWR_EnablePVD                                 build/stm32f1xx_hal_pwr.o
HAL_PWR_EnableSEVOnPend                           build/stm32f1xx_hal_pwr.o
HAL_PWR_EnableSleepOnExit                         build/stm32f1xx_hal_pwr.o
HAL_PWR_EnableWakeUpPin                           build/stm32f1xx_hal_pwr.o
HAL_PWR_EnterSLEEPMode                            build/stm32f1xx_hal_pwr.o
HAL_PWR_EnterSTANDBYMode                          build/stm32f1xx_hal_pwr.o
HAL_PWR_EnterSTOPMode                             build/stm32f1xx_hal_pwr.o
HAL_PWR_PVDCallback                               build/stm32f1xx_hal_pwr.o
HAL_PWR_PVD_IRQHandler                            build/stm32f1xx_hal_pwr.o
HAL_RCCEx_GetPeriphCLKConfig                      build/stm32f1xx_hal_rcc_ex.o
HAL_RCCEx_GetPeriphCLKFreq                        build/stm32f1xx_hal_rcc_ex.o
                                                  build/stm32f1xx_hal_adc_ex.o
                                                  build/stm32f1xx_hal_adc.o
HAL_RCCEx_PeriphCLKConfig                         build/stm32f1xx_hal_rcc_ex.o
                                                  build/main.o
HAL_RCC_CSSCallback                               build/stm32f1xx_hal_rcc.o
HAL_RCC_ClockConfig                               build/stm32f1xx_hal_rcc.o
                                                  build/main.o
HAL_RCC_DeInit                                    build/stm32f1xx_hal_rcc.o
HAL_RCC_DisableCSS                                build/stm32f1xx_hal_rcc.o
HAL_RCC_EnableCSS                                 build/stm32f1xx_hal_rcc.o
HAL_RCC_GetClockConfig                            build/stm32f1xx_hal_rcc.o
HAL_RCC_GetHCLKFreq                               build/stm32f1xx_hal_rcc.o
HAL_RCC_GetOscConfig                              build/stm32f1xx_hal_rcc.o
HAL_RCC_GetPCLK1Freq                              build/stm32f1xx_hal_rcc.o
HAL_RCC_GetPCLK2Freq                              build/stm32f1xx_hal_rcc.o
                                                  build/stm32f1xx_hal_rcc_ex.o
HAL_RCC_GetSysClockFreq                           build/stm32f1xx_hal_rcc.o
HAL_RCC_MCOConfig                                 build/stm32f1xx_hal_rcc.o
HAL_RCC_NMI_IRQHandler                            build/stm32f1xx_hal_rcc.o
HAL_RCC_OscConfig                                 build/stm32f1xx_hal_rcc.o
                                                  build/main.o
HAL_ResumeTick                                    build/stm32f1xx_hal.o
HAL_SPI_Abort                                     build/stm32f1xx_hal_spi.o
HAL_SPI_AbortCpltCallback                         build/stm32f1xx_hal_spi.o
HAL_SPI_Abort_IT                                  build/stm32f1xx_hal_spi.o
HAL_SPI_DMAPause                                  build/stm32f1xx_hal_spi.o
HAL_SPI_DMAResume                                 build/stm32f1xx_hal_spi.o
HAL_SPI_DMAStop                                   build/stm32f1xx_hal_spi.o
HAL_SPI_DeInit                                    build/stm32f1xx_hal_spi.o
HAL_SPI_ErrorCallback                             build/stm32f1xx_hal_spi.o
HAL_SPI_GetError                                  build/stm32f1xx_hal_spi.o
HAL_SPI_GetState                                  build/stm32f1xx_hal_spi.o
HAL_SPI_IRQHandler                                build/stm32f1xx_hal_spi.o
HAL_SPI_Init                                      build/stm32f1xx_hal_spi_ex.o
                                                  build/stm32f1xx_hal_spi.o
                                                  build/main.o
HAL_SPI_MspDeInit                                 build/stm32f1xx_hal_msp.o
HAL_SPI_MspInit                                   build/stm32f1xx_hal_msp.o
                                                  build/stm32f1xx_hal_spi_ex.o
HAL_SPI_Receive                                   build/stm32f1xx_hal_spi.o
HAL_SPI_Receive_DMA                               build/stm32f1xx_hal_spi.o
HAL_SPI_Receive_IT                                build/stm32f1xx_hal_spi.o
HAL_SPI_RxCpltCallback                            build/stm32f1xx_hal_spi.o
HAL_SPI_RxHalfCpltCallback                        build/stm32f1xx_hal_spi.o
HAL_SPI_Transmit                                  build/stm32f1xx_hal_spi.o
HAL_SPI_TransmitReceive                           build/stm32f1xx_hal_spi.o
HAL_SPI_TransmitReceive_DMA                       build/stm32f1xx_hal_spi.o
HAL_SPI_TransmitReceive_IT                        build/stm32f1xx_hal_spi.o
HAL_SPI_Transmit_DMA                              build/stm32f1xx_hal_spi.o
HAL_SPI_Transmit_IT                               build/stm32f1xx_hal_spi.o
HAL_SPI_TxCpltCallback                            build/stm32f1xx_hal_spi.o
HAL_SPI_TxHalfCpltCallback                        build/stm32f1xx_hal_spi.o
HAL_SPI_TxRxCpltCallback                          build/stm32f1xx_hal_spi.o
HAL_SPI_TxRxHalfCpltCallback                      build/stm32f1xx_hal_spi.o
HAL_SYSTICK_CLKSourceConfig                       build/stm32f1xx_hal_cortex.o
HAL_SYSTICK_Callback                              build/stm32f1xx_hal_cortex.o
HAL_SYSTICK_Config                                build/stm32f1xx_hal_cortex.o
                                                  build/stm32f1xx_hal.o
HAL_SYSTICK_IRQHandler                            build/stm32f1xx_hal_cortex.o
HAL_SetTickFreq                                   build/stm32f1xx_hal.o
HAL_SuspendTick                                   build/stm32f1xx_hal.o
HardFault_Handler                                 build/stm32f1xx_it.o
I2C1_ER_IRQHandler                                build/startup_stm32f103xb.o
I2C1_EV_IRQHandler                                build/startup_stm32f103xb.o
I2C2_ER_IRQHandler                                build/startup_stm32f103xb.o
I2C2_EV_IRQHandler                                build/startup_stm32f103xb.o
MemManage_Handler                                 build/stm32f1xx_it.o
NMI_Handler                                       build/stm32f1xx_it.o
PVD_IRQHandler                                    build/startup_stm32f103xb.o
PendSV_Handler                                    build/stm32f1xx_it.o
Prev_State                                        build/main.o
RCC_IRQHandler                                    build/startup_stm32f103xb.o
RTC_Alarm_IRQHandler                              build/startup_stm32f103xb.o
RTC_IRQHandler                                    build/startup_stm32f103xb.o
RTDS_Timer                                        build/stm32f1xx_hal_msp.o
                                                  build/stm32f1xx_it.o
                                                  build/main.o
RTD_Threshold                                     build/main.o
Reset_Handler                                     build/startup_stm32f103xb.o
SPI1_IRQHandler                                   build/startup_stm32f103xb.o
SPI2_IRQHandler                                   build/startup_stm32f103xb.o
SPI_ISCRCErrorValid                               build/stm32f1xx_hal_spi.o
SVC_Handler                                       build/stm32f1xx_it.o
SysTick_Handler                                   build/stm32f1xx_it.o
SystemClock_Config                                build/main.o
SystemCoreClock                                   build/system_stm32f1xx.o
                                                  build/stm32f1xx_hal_rcc.o
                                                  build/stm32f1xx_hal.o
                                                  build/stm32f1xx_hal_spi.o
                                                  build/stm32f1xx_hal_adc_ex.o
                                                  build/stm32f1xx_hal_adc.o
                                                  build/main.o
SystemCoreClockUpdate                             build/system_stm32f1xx.o
                                                  build/main.o
SystemInit                                        build/system_stm32f1xx.o
                                                  build/startup_stm32f103xb.o
TAMPER_IRQHandler                                 build/startup_stm32f103xb.o
TIM1_BRK_IRQHandler                               build/startup_stm32f103xb.o
TIM1_CC_IRQHandler                                build/startup_stm32f103xb.o
TIM1_TRG_COM_IRQHandler                           build/startup_stm32f103xb.o
TIM1_UP_IRQHandler                                build/startup_stm32f103xb.o
TIM2_IRQHandler                                   build/startup_stm32f103xb.o
TIM3_IRQHandler                                   build/startup_stm32f103xb.o
TIM4_IRQHandler                                   build/startup_stm32f103xb.o
ThrottleA_25                                      build/main.o
ThrottleA_5                                       build/main.o
TxCar_state                                       build/main.o
TxCar_stateMailbox                                build/main.o
TxCar_state_data                                  build/main.o
TxFault_data                                      build/main.o
TxFaults                                          build/main.o
TxFaultsMailbox                                   build/main.o
USART1_IRQHandler                                 build/startup_stm32f103xb.o
USART2_IRQHandler                                 build/startup_stm32f103xb.o
USART3_IRQHandler                                 build/startup_stm32f103xb.o
USBWakeUp_IRQHandler                              build/startup_stm32f103xb.o
USB_HP_CAN1_TX_IRQHandler                         build/startup_stm32f103xb.o
USB_LP_CAN1_RX0_IRQHandler                        build/stm32f1xx_it.o
UsageFault_Handler                                build/stm32f1xx_it.o
WWDG_IRQHandler                                   build/startup_stm32f103xb.o
__bss_end__                                       /mnt/c/gcc-arm-none-eabi-8-2018-q4-major/bin/../lib/gcc/arm-none-eabi/8.2.1/../../../../arm-none-eabi/lib/thumb/v7-m/nofp/crt0.o
__bss_start__                                     /mnt/c/gcc-arm-none-eabi-8-2018-q4-major/bin/../lib/gcc/arm-none-eabi/8.2.1/../../../../arm-none-eabi/lib/thumb/v7-m/nofp/crt0.o
__call_exitprocs                                  /mnt/c/gcc-arm-none-eabi-8-2018-q4-major/bin/../lib/gcc/arm-none-eabi/8.2.1/../../../../arm-none-eabi/lib/thumb/v7-m/nofp/libc_nano.a(lib_a-exit.o)
__deregister_frame_info                           /mnt/c/gcc-arm-none-eabi-8-2018-q4-major/bin/../lib/gcc/arm-none-eabi/8.2.1/thumb/v7-m/nofp/crtbegin.o
__dso_handle                                      /mnt/c/gcc-arm-none-eabi-8-2018-q4-major/bin/../lib/gcc/arm-none-eabi/8.2.1/thumb/v7-m/nofp/crtbegin.o
__init_array_end                                  /mnt/c/gcc-arm-none-eabi-8-2018-q4-major/bin/../lib/gcc/arm-none-eabi/8.2.1/../../../../arm-none-eabi/lib/thumb/v7-m/nofp/libc_nano.a(lib_a-init.o)
__init_array_start                                /mnt/c/gcc-arm-none-eabi-8-2018-q4-major/bin/../lib/gcc/arm-none-eabi/8.2.1/../../../../arm-none-eabi/lib/thumb/v7-m/nofp/libc_nano.a(lib_a-init.o)
__libc_fini_array                                 /mnt/c/gcc-arm-none-eabi-8-2018-q4-major/bin/../lib/gcc/arm-none-eabi/8.2.1/../../../../arm-none-eabi/lib/thumb/v7-m/nofp/crt0.o
__libc_init_array                                 /mnt/c/gcc-arm-none-eabi-8-2018-q4-major/bin/../lib/gcc/arm-none-eabi/8.2.1/../../../../arm-none-eabi/lib/thumb/v7-m/nofp/libc_nano.a(lib_a-init.o)
                                                  build/startup_stm32f103xb.o
                                                  /mnt/c/gcc-arm-none-eabi-8-2018-q4-major/bin/../lib/gcc/arm-none-eabi/8.2.1/../../../../arm-none-eabi/lib/thumb/v7-m/nofp/crt0.o
__preinit_array_end                               /mnt/c/gcc-arm-none-eabi-8-2018-q4-major/bin/../lib/gcc/arm-none-eabi/8.2.1/../../../../arm-none-eabi/lib/thumb/v7-m/nofp/libc_nano.a(lib_a-init.o)
__preinit_array_start                             /mnt/c/gcc-arm-none-eabi-8-2018-q4-major/bin/../lib/gcc/arm-none-eabi/8.2.1/../../../../arm-none-eabi/lib/thumb/v7-m/nofp/libc_nano.a(lib_a-init.o)
__register_frame_info                             /mnt/c/gcc-arm-none-eabi-8-2018-q4-major/bin/../lib/gcc/arm-none-eabi/8.2.1/thumb/v7-m/nofp/crtbegin.o
__sf_fake_stderr                                  /mnt/c/gcc-arm-none-eabi-8-2018-q4-major/bin/../lib/gcc/arm-none-eabi/8.2.1/../../../../arm-none-eabi/lib/thumb/v7-m/nofp/libc_nano.a(lib_a-impure.o)
__sf_fake_stdin                                   /mnt/c/gcc-arm-none-eabi-8-2018-q4-major/bin/../lib/gcc/arm-none-eabi/8.2.1/../../../../arm-none-eabi/lib/thumb/v7-m/nofp/libc_nano.a(lib_a-impure.o)
__sf_fake_stdout                                  /mnt/c/gcc-arm-none-eabi-8-2018-q4-major/bin/../lib/gcc/arm-none-eabi/8.2.1/../../../../arm-none-eabi/lib/thumb/v7-m/nofp/libc_nano.a(lib_a-impure.o)
__stack                                           /mnt/c/gcc-arm-none-eabi-8-2018-q4-major/bin/../lib/gcc/arm-none-eabi/8.2.1/../../../../arm-none-eabi/lib/thumb/v7-m/nofp/crt0.o
_ebss                                             build/startup_stm32f103xb.o
_edata                                            build/startup_stm32f103xb.o
_estack                                           build/startup_stm32f103xb.o
_exit                                             /mnt/c/gcc-arm-none-eabi-8-2018-q4-major/bin/../lib/gcc/arm-none-eabi/8.2.1/../../../../arm-none-eabi/lib/thumb/v7-m/nofp/libnosys.a(_exit.o)
                                                  /mnt/c/gcc-arm-none-eabi-8-2018-q4-major/bin/../lib/gcc/arm-none-eabi/8.2.1/../../../../arm-none-eabi/lib/thumb/v7-m/nofp/libc_nano.a(lib_a-exit.o)
_fini                                             /mnt/c/gcc-arm-none-eabi-8-2018-q4-major/bin/../lib/gcc/arm-none-eabi/8.2.1/thumb/v7-m/nofp/crti.o
_global_impure_ptr                                /mnt/c/gcc-arm-none-eabi-8-2018-q4-major/bin/../lib/gcc/arm-none-eabi/8.2.1/../../../../arm-none-eabi/lib/thumb/v7-m/nofp/libc_nano.a(lib_a-impure.o)
                                                  /mnt/c/gcc-arm-none-eabi-8-2018-q4-major/bin/../lib/gcc/arm-none-eabi/8.2.1/../../../../arm-none-eabi/lib/thumb/v7-m/nofp/libc_nano.a(lib_a-exit.o)
_impure_ptr                                       /mnt/c/gcc-arm-none-eabi-8-2018-q4-major/bin/../lib/gcc/arm-none-eabi/8.2.1/../../../../arm-none-eabi/lib/thumb/v7-m/nofp/libc_nano.a(lib_a-impure.o)
_init                                             /mnt/c/gcc-arm-none-eabi-8-2018-q4-major/bin/../lib/gcc/arm-none-eabi/8.2.1/thumb/v7-m/nofp/crti.o
                                                  /mnt/c/gcc-arm-none-eabi-8-2018-q4-major/bin/../lib/gcc/arm-none-eabi/8.2.1/../../../../arm-none-eabi/lib/thumb/v7-m/nofp/libc_nano.a(lib_a-init.o)
_mainCRTStartup                                   /mnt/c/gcc-arm-none-eabi-8-2018-q4-major/bin/../lib/gcc/arm-none-eabi/8.2.1/../../../../arm-none-eabi/lib/thumb/v7-m/nofp/crt0.o
_sbss                                             build/startup_stm32f103xb.o
_sdata                                            build/startup_stm32f103xb.o
_sidata                                           build/startup_stm32f103xb.o
_start                                            /mnt/c/gcc-arm-none-eabi-8-2018-q4-major/bin/../lib/gcc/arm-none-eabi/8.2.1/../../../../arm-none-eabi/lib/thumb/v7-m/nofp/crt0.o
apps                                              build/main.o
atexit                                            /mnt/c/gcc-arm-none-eabi-8-2018-q4-major/bin/../lib/gcc/arm-none-eabi/8.2.1/../../../../arm-none-eabi/lib/thumb/v7-m/nofp/crt0.o
bms                                               build/main.o
brakePos                                          build/main.o
brakePressure_1                                   build/main.o
brakePressure_2                                   build/main.o
brakeThreshold                                    build/main.o
bspd                                              build/main.o
car_state_machine                                 build/main.o
checkAPPS                                         build/main.o
checkBTSF                                         build/main.o
exit                                              /mnt/c/gcc-arm-none-eabi-8-2018-q4-major/bin/../lib/gcc/arm-none-eabi/8.2.1/../../../../arm-none-eabi/lib/thumb/v7-m/nofp/libc_nano.a(lib_a-exit.o)
                                                  /mnt/c/gcc-arm-none-eabi-8-2018-q4-major/bin/../lib/gcc/arm-none-eabi/8.2.1/../../../../arm-none-eabi/lib/thumb/v7-m/nofp/crt0.o
g_pfnVectors                                      build/startup_stm32f103xb.o
hadc1                                             build/main.o
                                                  build/stm32f1xx_it.o
hardFaultFlag                                     build/main.o
hardware_init_hook                                /mnt/c/gcc-arm-none-eabi-8-2018-q4-major/bin/../lib/gcc/arm-none-eabi/8.2.1/../../../../arm-none-eabi/lib/thumb/v7-m/nofp/crt0.o
hcan                                              build/main.o
                                                  build/stm32f1xx_it.o
hspi1                                             build/main.o
imd                                               build/main.o
main                                              build/main.o
                                                  build/startup_stm32f103xb.o
                                                  /mnt/c/gcc-arm-none-eabi-8-2018-q4-major/bin/../lib/gcc/arm-none-eabi/8.2.1/../../../../arm-none-eabi/lib/thumb/v7-m/nofp/crt0.o
max_throttle                                      build/main.o
memset                                            /mnt/c/gcc-arm-none-eabi-8-2018-q4-major/bin/../lib/gcc/arm-none-eabi/8.2.1/../../../../arm-none-eabi/lib/thumb/v7-m/nofp/libc_nano.a(lib_a-memset.o)
                                                  build/main.o
                                                  /mnt/c/gcc-arm-none-eabi-8-2018-q4-major/bin/../lib/gcc/arm-none-eabi/8.2.1/../../../../arm-none-eabi/lib/thumb/v7-m/nofp/crt0.o
millisTimer                                       build/stm32f1xx_hal_msp.o
                                                  build/stm32f1xx_it.o
                                                  build/main.o
pFlash                                            build/stm32f1xx_hal_flash.o
                                                  build/stm32f1xx_hal_flash_ex.o
readFaults                                        build/main.o
sConfig                                           build/main.o
sendCar_state                                     build/main.o
sendFaultMsg                                      build/main.o
software_init_hook                                /mnt/c/gcc-arm-none-eabi-8-2018-q4-major/bin/../lib/gcc/arm-none-eabi/8.2.1/../../../../arm-none-eabi/lib/thumb/v7-m/nofp/crt0.o
steeringPos                                       build/main.o
throttle_A                                        build/main.o
throttle_A_max                                    build/main.o
throttle_A_min                                    build/main.o
throttle_B                                        build/main.o
throttle_B_max                                    build/main.o
throttle_B_min                                    build/main.o
updateADC                                         build/main.o
uwTick                                            build/stm32f1xx_hal.o
uwTickFreq                                        build/stm32f1xx_hal.o
uwTickPrio                                        build/stm32f1xx_hal.o
