Archive member included to satisfy reference by file (symbol)

/mnt/c/Users/evanc/Documents/IFE/gcc-arm-none-eabi-8-2018-q4-major/bin/../lib/gcc/arm-none-eabi/8.2.1/../../../../arm-none-eabi/lib/thumb/v7-m/nofp/libc_nano.a(lib_a-exit.o)
                              /mnt/c/Users/evanc/Documents/IFE/gcc-arm-none-eabi-8-2018-q4-major/bin/../lib/gcc/arm-none-eabi/8.2.1/../../../../arm-none-eabi/lib/thumb/v7-m/nofp/crt0.o (exit)
/mnt/c/Users/evanc/Documents/IFE/gcc-arm-none-eabi-8-2018-q4-major/bin/../lib/gcc/arm-none-eabi/8.2.1/../../../../arm-none-eabi/lib/thumb/v7-m/nofp/libc_nano.a(lib_a-impure.o)
                              /mnt/c/Users/evanc/Documents/IFE/gcc-arm-none-eabi-8-2018-q4-major/bin/../lib/gcc/arm-none-eabi/8.2.1/../../../../arm-none-eabi/lib/thumb/v7-m/nofp/libc_nano.a(lib_a-exit.o) (_global_impure_ptr)
/mnt/c/Users/evanc/Documents/IFE/gcc-arm-none-eabi-8-2018-q4-major/bin/../lib/gcc/arm-none-eabi/8.2.1/../../../../arm-none-eabi/lib/thumb/v7-m/nofp/libc_nano.a(lib_a-init.o)
                              /mnt/c/Users/evanc/Documents/IFE/gcc-arm-none-eabi-8-2018-q4-major/bin/../lib/gcc/arm-none-eabi/8.2.1/../../../../arm-none-eabi/lib/thumb/v7-m/nofp/crt0.o (__libc_init_array)
/mnt/c/Users/evanc/Documents/IFE/gcc-arm-none-eabi-8-2018-q4-major/bin/../lib/gcc/arm-none-eabi/8.2.1/../../../../arm-none-eabi/lib/thumb/v7-m/nofp/libc_nano.a(lib_a-malloc.o)
                              build/LTC6811.o (malloc)
/mnt/c/Users/evanc/Documents/IFE/gcc-arm-none-eabi-8-2018-q4-major/bin/../lib/gcc/arm-none-eabi/8.2.1/../../../../arm-none-eabi/lib/thumb/v7-m/nofp/libc_nano.a(lib_a-memset.o)
                              /mnt/c/Users/evanc/Documents/IFE/gcc-arm-none-eabi-8-2018-q4-major/bin/../lib/gcc/arm-none-eabi/8.2.1/../../../../arm-none-eabi/lib/thumb/v7-m/nofp/crt0.o (memset)
/mnt/c/Users/evanc/Documents/IFE/gcc-arm-none-eabi-8-2018-q4-major/bin/../lib/gcc/arm-none-eabi/8.2.1/../../../../arm-none-eabi/lib/thumb/v7-m/nofp/libc_nano.a(lib_a-nano-freer.o)
                              /mnt/c/Users/evanc/Documents/IFE/gcc-arm-none-eabi-8-2018-q4-major/bin/../lib/gcc/arm-none-eabi/8.2.1/../../../../arm-none-eabi/lib/thumb/v7-m/nofp/libc_nano.a(lib_a-malloc.o) (_free_r)
/mnt/c/Users/evanc/Documents/IFE/gcc-arm-none-eabi-8-2018-q4-major/bin/../lib/gcc/arm-none-eabi/8.2.1/../../../../arm-none-eabi/lib/thumb/v7-m/nofp/libc_nano.a(lib_a-nano-mallocr.o)
                              /mnt/c/Users/evanc/Documents/IFE/gcc-arm-none-eabi-8-2018-q4-major/bin/../lib/gcc/arm-none-eabi/8.2.1/../../../../arm-none-eabi/lib/thumb/v7-m/nofp/libc_nano.a(lib_a-malloc.o) (_malloc_r)
/mnt/c/Users/evanc/Documents/IFE/gcc-arm-none-eabi-8-2018-q4-major/bin/../lib/gcc/arm-none-eabi/8.2.1/../../../../arm-none-eabi/lib/thumb/v7-m/nofp/libc_nano.a(lib_a-sbrkr.o)
                              /mnt/c/Users/evanc/Documents/IFE/gcc-arm-none-eabi-8-2018-q4-major/bin/../lib/gcc/arm-none-eabi/8.2.1/../../../../arm-none-eabi/lib/thumb/v7-m/nofp/libc_nano.a(lib_a-nano-mallocr.o) (_sbrk_r)
/mnt/c/Users/evanc/Documents/IFE/gcc-arm-none-eabi-8-2018-q4-major/bin/../lib/gcc/arm-none-eabi/8.2.1/../../../../arm-none-eabi/lib/thumb/v7-m/nofp/libc_nano.a(lib_a-mlock.o)
                              /mnt/c/Users/evanc/Documents/IFE/gcc-arm-none-eabi-8-2018-q4-major/bin/../lib/gcc/arm-none-eabi/8.2.1/../../../../arm-none-eabi/lib/thumb/v7-m/nofp/libc_nano.a(lib_a-nano-freer.o) (__malloc_lock)
/mnt/c/Users/evanc/Documents/IFE/gcc-arm-none-eabi-8-2018-q4-major/bin/../lib/gcc/arm-none-eabi/8.2.1/../../../../arm-none-eabi/lib/thumb/v7-m/nofp/libc_nano.a(lib_a-reent.o)
                              /mnt/c/Users/evanc/Documents/IFE/gcc-arm-none-eabi-8-2018-q4-major/bin/../lib/gcc/arm-none-eabi/8.2.1/../../../../arm-none-eabi/lib/thumb/v7-m/nofp/libc_nano.a(lib_a-sbrkr.o) (errno)
/mnt/c/Users/evanc/Documents/IFE/gcc-arm-none-eabi-8-2018-q4-major/bin/../lib/gcc/arm-none-eabi/8.2.1/../../../../arm-none-eabi/lib/thumb/v7-m/nofp/libc_nano.a(lib_a-lock.o)
                              /mnt/c/Users/evanc/Documents/IFE/gcc-arm-none-eabi-8-2018-q4-major/bin/../lib/gcc/arm-none-eabi/8.2.1/../../../../arm-none-eabi/lib/thumb/v7-m/nofp/libc_nano.a(lib_a-mlock.o) (__retarget_lock_acquire_recursive)
/mnt/c/Users/evanc/Documents/IFE/gcc-arm-none-eabi-8-2018-q4-major/bin/../lib/gcc/arm-none-eabi/8.2.1/../../../../arm-none-eabi/lib/thumb/v7-m/nofp/libm.a(lib_a-w_pow.o)
                              build/LTC6811.o (pow)
/mnt/c/Users/evanc/Documents/IFE/gcc-arm-none-eabi-8-2018-q4-major/bin/../lib/gcc/arm-none-eabi/8.2.1/../../../../arm-none-eabi/lib/thumb/v7-m/nofp/libm.a(lib_a-e_pow.o)
                              /mnt/c/Users/evanc/Documents/IFE/gcc-arm-none-eabi-8-2018-q4-major/bin/../lib/gcc/arm-none-eabi/8.2.1/../../../../arm-none-eabi/lib/thumb/v7-m/nofp/libm.a(lib_a-w_pow.o) (__ieee754_pow)
/mnt/c/Users/evanc/Documents/IFE/gcc-arm-none-eabi-8-2018-q4-major/bin/../lib/gcc/arm-none-eabi/8.2.1/../../../../arm-none-eabi/lib/thumb/v7-m/nofp/libm.a(lib_a-e_sqrt.o)
[...]
Memory Configuration

Name             Origin             Length             Attributes
RAM              0x0000000020000000 0x0000000000005000 xrw
FLASH            0x0000000008000000 0x0000000000010000 xr
*default*        0x0000000000000000 0xffffffffffffffff

Linker script and memory map

LOAD /mnt/c/Users/evanc/Documents/IFE/gcc-arm-none-eabi-8-2018-q4-major/bin/../lib/gcc/arm-none-eabi/8.2.1/thumb/v7-m/nofp/crti.o
LOAD /mnt/c/Users/evanc/Documents/IFE/gcc-arm-none-eabi-8-2018-q4-major/bin/../lib/gcc/arm-none-eabi/8.2.1/thumb/v7-m/nofp/crtbegin.o
LOAD /mnt/c/Users/evanc/Documents/IFE/gcc-arm-none-eabi-8-2018-q4-major/bin/../lib/gcc/arm-none-eabi/8.2.1/../../../../arm-none-eabi/lib/thumb/v7-m/nofp/crt0.o
LOAD build/main.o
LOAD build/stm32f1xx_it.o
LOAD build/stm32f1xx_hal_msp.o
LOAD build/stm32f1xx_hal_gpio_ex.o
LOAD build/stm32f1xx_hal_adc.o
LOAD build/stm32f1xx_hal_adc_ex.o
LOAD build/stm32f1xx_hal_can.o
LOAD build/stm32f1xx_hal_spi.o
LOAD build/stm32f1xx_hal_spi_ex.o
LOAD build/stm32f1xx_hal_tim.o
LOAD build/stm32f1xx_hal_tim_ex.o
LOAD build/stm32f1xx_hal.o
LOAD build/stm32f1xx_hal_rcc.o
LOAD build/stm32f1xx_hal_rcc_ex.o
LOAD build/stm32f1xx_hal_gpio.o
LOAD build/stm32f1xx_hal_dma.o
LOAD build/stm32f1xx_hal_cortex.o
LOAD build/stm32f1xx_hal_pwr.o
LOAD build/stm32f1xx_hal_flash.o
LOAD build/stm32f1xx_hal_flash_ex.o
LOAD build/system_stm32f1xx.o
LOAD build/BMSconfig.o
LOAD build/ChargerFunctions.o
LOAD build/LTC6811.o
LOAD build/SPI.o
LOAD build/startup_stm32f103xb.o
LOAD /mnt/c/Users/evanc/Documents/IFE/gcc-arm-none-eabi-8-2018-q4-major/bin/../lib/gcc/arm-none-eabi/8.2.1/../../../../arm-none-eabi/lib/thumb/v7-m/nofp/libc_nano.a
LOAD /mnt/c/Users/evanc/Documents/IFE/gcc-arm-none-eabi-8-2018-q4-major/bin/../lib/gcc/arm-none-eabi/8.2.1/../../../../arm-none-eabi/lib/thumb/v7-m/nofp/libm.a
LOAD /mnt/c/Users/evanc/Documents/IFE/gcc-arm-none-eabi-8-2018-q4-major/bin/../lib/gcc/arm-none-eabi/8.2.1/../../../../arm-none-eabi/lib/thumb/v7-m/nofp/libnosys.a
START GROUP
LOAD /mnt/c/Users/evanc/Documents/IFE/gcc-arm-none-eabi-8-2018-q4-major/bin/../lib/gcc/arm-none-eabi/8.2.1/thumb/v7-m/nofp/libgcc.a
LOAD /mnt/c/Users/evanc/Documents/IFE/gcc-arm-none-eabi-8-2018-q4-major/bin/../lib/gcc/arm-none-eabi/8.2.1/../../../../arm-none-eabi/lib/thumb/v7-m/nofp/libc_nano.a
END GROUP
START GROUP
LOAD /mnt/c/Users/evanc/Documents/IFE/gcc-arm-none-eabi-8-2018-q4-major/bin/../lib/gcc/arm-none-eabi/8.2.1/thumb/v7-m/nofp/libgcc.a
LOAD /mnt/c/Users/evanc/Documents/IFE/gcc-arm-none-eabi-8-2018-q4-major/bin/../lib/gcc/arm-none-eabi/8.2.1/../../../../arm-none-eabi/lib/thumb/v7-m/nofp/libc_nano.a
END GROUP
LOAD /mnt/c/Users/evanc/Documents/IFE/gcc-arm-none-eabi-8-2018-q4-major/bin/../lib/gcc/arm-none-eabi/8.2.1/thumb/v7-m/nofp/crtend.o
LOAD /mnt/c/Users/evanc/Documents/IFE/gcc-arm-none-eabi-8-2018-q4-major/bin/../lib/gcc/arm-none-eabi/8.2.1/thumb/v7-m/nofp/crtn.o
                0x0000000020005000                _estack = 0x20005000
                0x0000000000000200                _Min_Heap_Size = 0x200
                0x0000000000000400                _Min_Stack_Size = 0x400

.isr_vector     0x0000000008000000      0x10c
                0x0000000008000000                . = ALIGN (0x4)
 *(.isr_vector)
 .isr_vector    0x0000000008000000      0x10c build/startup_stm32f103xb.o
                0x0000000008000000                g_pfnVectors
                0x000000000800010c                . = ALIGN (0x4)

.text           0x000000000800010c     0x2a0c
                0x000000000800010c                . = ALIGN (0x4)
 *(.text)
 .text          0x000000000800010c       0x40 /mnt/c/Users/evanc/Documents/IFE/gcc-arm-none-eabi-8-2018-q4-major/bin/../lib/gcc/arm-none-eabi/8.2.1/thumb/v7-m/nofp/crtbegin.o
 *(.text*)
 .text.MX_GPIO_Init
                0x000000000800014c       0xf0 build/main.o
 .text.MX_ADC1_Init
                0x000000000800023c       0x48 build/main.o
 .text.MX_CAN_Init
                0x0000000008000284       0x64 build/main.o
 .text.MX_TIM2_Init
                0x00000000080002e8       0x4c build/main.o
 .text.SystemClock_Config
                0x0000000008000334       0x56 build/main.o
                0x0000000008000334                SystemClock_Config
 *fill*         0x000000000800038a        0x2 
 .text.CELLVAL_message
                0x000000000800038c       0xb0 build/main.o
                0x000000000800038c                CELLVAL_message
 .text.main     0x000000000800043c      0x264 build/main.o
                0x000000000800043c                main
 .text.NMI_Handler
                0x00000000080006a0        0x2 build/stm32f1xx_it.o
                0x00000000080006a0                NMI_Handler
 .text.HardFault_Handler
                0x00000000080006a2        0x2 build/stm32f1xx_it.o
                0x00000000080006a2                HardFault_Handler
 .text.MemManage_Handler
                0x00000000080006a4        0x2 build/stm32f1xx_it.o
                0x00000000080006a4                MemManage_Handler
 .text.BusFault_Handler
                0x00000000080006a6        0x2 build/stm32f1xx_it.o
                0x00000000080006a6                BusFault_Handler
 .text.UsageFault_Handler
                0x00000000080006a8        0x2 build/stm32f1xx_it.o
                0x00000000080006a8                UsageFault_Handler
 .text.SVC_Handler
                0x00000000080006aa        0x2 build/stm32f1xx_it.o
                0x00000000080006aa                SVC_Handler
 .text.DebugMon_Handler
                0x00000000080006ac        0x2 build/stm32f1xx_it.o
                0x00000000080006ac                DebugMon_Handler
 .text.PendSV_Handler
                0x00000000080006ae        0x2 build/stm32f1xx_it.o
                0x00000000080006ae                PendSV_Handler
 .text.SysTick_Handler
                0x00000000080006b0        0x8 build/stm32f1xx_it.o
                0x00000000080006b0                SysTick_Handler
 .text.USB_LP_CAN1_RX0_IRQHandler
                0x00000000080006b8       0x10 build/stm32f1xx_it.o
                0x00000000080006b8                USB_LP_CAN1_RX0_IRQHandler
 .text.HAL_MspInit
                0x00000000080006c8       0x44 build/stm32f1xx_hal_msp.o
                0x00000000080006c8                HAL_MspInit
 .text.HAL_ADC_MspInit
                0x000000000800070c       0x5c build/stm32f1xx_hal_msp.o
                0x000000000800070c                HAL_ADC_MspInit
 .text.HAL_CAN_MspInit
                0x0000000008000768       0x84 build/stm32f1xx_hal_msp.o
                0x0000000008000768                HAL_CAN_MspInit
 .text.HAL_SPI_MspInit
                0x00000000080007ec       0x74 build/stm32f1xx_hal_msp.o
                0x00000000080007ec                HAL_SPI_MspInit
 .text.HAL_TIM_Base_MspInit
                0x0000000008000860       0x26 build/stm32f1xx_hal_msp.o
                0x0000000008000860                HAL_TIM_Base_MspInit
 *fill*         0x0000000008000886        0x2 
 .text.HAL_ADC_ConfigChannel
                0x0000000008000888      0x138 build/stm32f1xx_hal_adc.o
                0x0000000008000888                HAL_ADC_ConfigChannel
 .text.ADC_ConversionStop_Disable
                0x00000000080009c0       0x4c build/stm32f1xx_hal_adc.o
                0x00000000080009c0                ADC_ConversionStop_Disable
 .text.HAL_ADC_Init
                0x0000000008000a0c      0x110 build/stm32f1xx_hal_adc.o
                0x0000000008000a0c                HAL_ADC_Init
 .text.HAL_CAN_Init
                0x0000000008000b1c      0x14c build/stm32f1xx_hal_can.o
                0x0000000008000b1c                HAL_CAN_Init
 .text.HAL_CAN_Start
                0x0000000008000c68       0x5c build/stm32f1xx_hal_can.o
                0x0000000008000c68                HAL_CAN_Start
 .text.HAL_CAN_AddTxMessage
                0x0000000008000cc4       0xec build/stm32f1xx_hal_can.o
                0x0000000008000cc4                HAL_CAN_AddTxMessage
 .text.HAL_CAN_TxMailbox0CompleteCallback
                0x0000000008000db0        0x2 build/stm32f1xx_hal_can.o
                0x0000000008000db0                HAL_CAN_TxMailbox0CompleteCallback
 .text.HAL_CAN_TxMailbox1CompleteCallback
                0x0000000008000db2        0x2 build/stm32f1xx_hal_can.o
                0x0000000008000db2                HAL_CAN_TxMailbox1CompleteCallback
 .text.HAL_CAN_TxMailbox2CompleteCallback
                0x0000000008000db4        0x2 build/stm32f1xx_hal_can.o
                0x0000000008000db4                HAL_CAN_TxMailbox2CompleteCallback
 .text.HAL_CAN_TxMailbox0AbortCallback
                0x0000000008000db6        0x2 build/stm32f1xx_hal_can.o
                0x0000000008000db6                HAL_CAN_TxMailbox0AbortCallback
 .text.HAL_CAN_TxMailbox1AbortCallback
                0x0000000008000db8        0x2 build/stm32f1xx_hal_can.o
                0x0000000008000db8                HAL_CAN_TxMailbox1AbortCallback
 .text.HAL_CAN_TxMailbox2AbortCallback
                0x0000000008000dba        0x2 build/stm32f1xx_hal_can.o
                0x0000000008000dba                HAL_CAN_TxMailbox2AbortCallback
 .text.HAL_CAN_RxFifo0MsgPendingCallback
                0x0000000008000dbc        0x2 build/stm32f1xx_hal_can.o
                0x0000000008000dbc                HAL_CAN_RxFifo0MsgPendingCallback
 .text.HAL_CAN_RxFifo0FullCallback
                0x0000000008000dbe        0x2 build/stm32f1xx_hal_can.o
                0x0000000008000dbe                HAL_CAN_RxFifo0FullCallback
 .text.HAL_CAN_RxFifo1MsgPendingCallback
                0x0000000008000dc0        0x2 build/stm32f1xx_hal_can.o
                0x0000000008000dc0                HAL_CAN_RxFifo1MsgPendingCallback
 .text.HAL_CAN_RxFifo1FullCallback
                0x0000000008000dc2        0x2 build/stm32f1xx_hal_can.o
                0x0000000008000dc2                HAL_CAN_RxFifo1FullCallback
 .text.HAL_CAN_SleepCallback
                0x0000000008000dc4        0x2 build/stm32f1xx_hal_can.o
                0x0000000008000dc4                HAL_CAN_SleepCallback
 .text.HAL_CAN_WakeUpFromRxMsgCallback
                0x0000000008000dc6        0x2 build/stm32f1xx_hal_can.o
                0x0000000008000dc6                HAL_CAN_WakeUpFromRxMsgCallback
 .text.HAL_CAN_ErrorCallback
                0x0000000008000dc8        0x2 build/stm32f1xx_hal_can.o
                0x0000000008000dc8                HAL_CAN_ErrorCallback
 .text.HAL_CAN_IRQHandler
                0x0000000008000dca      0x25a build/stm32f1xx_hal_can.o
                0x0000000008000dca                HAL_CAN_IRQHandler
 .text.SPI_WaitFlagStateUntilTimeout
                0x0000000008001024       0x96 build/stm32f1xx_hal_spi.o
 .text.SPI_CheckFlag_BSY
                0x00000000080010ba       0x28 build/stm32f1xx_hal_spi.o
 .text.HAL_SPI_TransmitReceive
                0x00000000080010e2      0x238 build/stm32f1xx_hal_spi.o
                0x00000000080010e2                HAL_SPI_TransmitReceive
 .text.HAL_SPI_Init
                0x000000000800131a       0x82 build/stm32f1xx_hal_spi_ex.o
                0x000000000800131a                HAL_SPI_Init
 .text.TIM_TI1_ConfigInputStage
                0x000000000800139c       0x24 build/stm32f1xx_hal_tim.o
 .text.TIM_TI2_ConfigInputStage
                0x00000000080013c0       0x26 build/stm32f1xx_hal_tim.o
 .text.TIM_ITRx_SetConfig
                0x00000000080013e6       0x10 build/stm32f1xx_hal_tim.o
 .text.TIM_ETR_SetConfig
                0x00000000080013f6       0x16 build/stm32f1xx_hal_tim.o
 .text.HAL_TIM_ConfigClockSource
                0x000000000800140c      0x108 build/stm32f1xx_hal_tim.o
                0x000000000800140c                HAL_TIM_ConfigClockSource
 .text.TIM_Base_SetConfig
                0x0000000008001514       0x74 build/stm32f1xx_hal_tim.o
                0x0000000008001514                TIM_Base_SetConfig
 .text.HAL_TIM_Base_Init
                0x0000000008001588       0x34 build/stm32f1xx_hal_tim.o
                0x0000000008001588                HAL_TIM_Base_Init
 .text.HAL_TIMEx_MasterConfigSynchronization
                0x00000000080015bc       0x52 build/stm32f1xx_hal_tim_ex.o
                0x00000000080015bc                HAL_TIMEx_MasterConfigSynchronization
 *fill*         0x000000000800160e        0x2 
 .text.HAL_InitTick
                0x0000000008001610       0x4c build/stm32f1xx_hal.o
                0x0000000008001610                HAL_InitTick
 .text.HAL_Init
                0x000000000800165c       0x24 build/stm32f1xx_hal.o
                0x000000000800165c                HAL_Init
 .text.HAL_IncTick
                0x0000000008001680       0x18 build/stm32f1xx_hal.o
                0x0000000008001680                HAL_IncTick
 .text.HAL_GetTick
                0x0000000008001698        0xc build/stm32f1xx_hal.o
                0x0000000008001698                HAL_GetTick
 .text.HAL_Delay
                0x00000000080016a4       0x28 build/stm32f1xx_hal.o
                0x00000000080016a4                HAL_Delay
 .text.RCC_Delay
                0x00000000080016cc       0x2c build/stm32f1xx_hal_rcc.o
 .text.HAL_RCC_OscConfig
                0x00000000080016f8      0x3e0 build/stm32f1xx_hal_rcc.o
                0x00000000080016f8                HAL_RCC_OscConfig
 .text.HAL_RCC_GetSysClockFreq
                0x0000000008001ad8       0x70 build/stm32f1xx_hal_rcc.o
                0x0000000008001ad8                HAL_RCC_GetSysClockFreq
 .text.HAL_RCC_ClockConfig
                0x0000000008001b48      0x19c build/stm32f1xx_hal_rcc.o
                0x0000000008001b48                HAL_RCC_ClockConfig
 .text.HAL_RCCEx_PeriphCLKConfig
                0x0000000008001ce4      0x114 build/stm32f1xx_hal_rcc_ex.o
                0x0000000008001ce4                HAL_RCCEx_PeriphCLKConfig
 .text.HAL_GPIO_Init
                0x0000000008001df8      0x1d4 build/stm32f1xx_hal_gpio.o
                0x0000000008001df8                HAL_GPIO_Init
 .text.HAL_GPIO_WritePin
                0x0000000008001fcc        0xc build/stm32f1xx_hal_gpio.o
                0x0000000008001fcc                HAL_GPIO_WritePin
 .text.HAL_GPIO_TogglePin
                0x0000000008001fd8        0x8 build/stm32f1xx_hal_gpio.o
                0x0000000008001fd8                HAL_GPIO_TogglePin
 .text.HAL_NVIC_SetPriorityGrouping
                0x0000000008001fe0       0x24 build/stm32f1xx_hal_cortex.o
                0x0000000008001fe0                HAL_NVIC_SetPriorityGrouping
 .text.HAL_NVIC_SetPriority
                0x0000000008002004       0x68 build/stm32f1xx_hal_cortex.o
                0x0000000008002004                HAL_NVIC_SetPriority
 .text.HAL_NVIC_EnableIRQ
                0x000000000800206c       0x18 build/stm32f1xx_hal_cortex.o
                0x000000000800206c                HAL_NVIC_EnableIRQ
 .text.HAL_SYSTICK_Config
                0x0000000008002084       0x2c build/stm32f1xx_hal_cortex.o
                0x0000000008002084                HAL_SYSTICK_Config
 .text.SystemInit
                0x00000000080020b0       0x4c build/system_stm32f1xx.o
                0x00000000080020b0                SystemInit
 .text.loadConfig
                0x00000000080020fc       0x86 build/BMSconfig.o
                0x00000000080020fc                loadConfig
 .text.getLowestVoltage
                0x0000000008002182       0x40 build/ChargerFunctions.o
                0x0000000008002182                getLowestVoltage
 .text.setDischarge
                0x00000000080021c2       0xa0 build/ChargerFunctions.o
                0x00000000080021c2                setDischarge
 .text.setChargerTxData
                0x0000000008002262       0x38 build/ChargerFunctions.o
                0x0000000008002262                setChargerTxData
 *fill*         0x000000000800229a        0x2 
 .text.initPECTable
                0x000000000800229c       0x40 build/LTC6811.o
                0x000000000800229c                initPECTable
 .text.calculatePEC
                0x00000000080022dc       0x30 build/LTC6811.o
                0x00000000080022dc                calculatePEC
 .text.writeConfigAll
                0x000000000800230c       0x78 build/LTC6811.o
                0x000000000800230c                writeConfigAll
 .text.readRegister
                0x0000000008002384      0x226 build/LTC6811.o
                0x0000000008002384                readRegister
 .text.sendBroadcastCommand
                0x00000000080025aa       0x32 build/LTC6811.o
                0x00000000080025aa                sendBroadcastCommand
 .text.sendAddressCommand
                0x00000000080025dc       0x56 build/LTC6811.o
                0x00000000080025dc                sendAddressCommand
 .text.readCellVoltage
                0x0000000008002632       0x6e build/LTC6811.o
                0x0000000008002632                readCellVoltage
 .text.readAllCellVoltages
                0x00000000080026a0       0x94 build/LTC6811.o
                0x00000000080026a0                readAllCellVoltages
 .text.checkCellConnection
                0x0000000008002734       0x5a build/LTC6811.o
                0x0000000008002734                checkCellConnection
 *fill*         0x000000000800278e        0x2 
 .text.SPI_Init
                0x0000000008002790       0x40 build/SPI.o
                0x0000000008002790                SPI_Init
 .text.SPIWrite
                0x00000000080027d0       0x6c build/SPI.o
                0x00000000080027d0                SPIWrite
 .text.SPIWriteRead
                0x000000000800283c       0x5c build/SPI.o
                0x000000000800283c                SPIWriteRead
 .text.Reset_Handler
                0x0000000008002898       0x48 build/startup_stm32f103xb.o
                0x0000000008002898                Reset_Handler
 .text.Default_Handler
                0x00000000080028e0        0x2 build/startup_stm32f103xb.o
                0x00000000080028e0                RTC_Alarm_IRQHandler
                0x00000000080028e0                EXTI2_IRQHandler
                0x00000000080028e0                TIM1_CC_IRQHandler
                0x00000000080028e0                PVD_IRQHandler
                0x00000000080028e0                EXTI3_IRQHandler
                0x00000000080028e0                EXTI0_IRQHandler
                0x00000000080028e0                I2C2_EV_IRQHandler
                0x00000000080028e0                ADC1_2_IRQHandler
                0x00000000080028e0                SPI1_IRQHandler
                0x00000000080028e0                TAMPER_IRQHandler
                0x00000000080028e0                DMA1_Channel4_IRQHandler
                0x00000000080028e0                USART3_IRQHandler
                0x00000000080028e0                RTC_IRQHandler
                0x00000000080028e0                DMA1_Channel7_IRQHandler
                0x00000000080028e0                CAN1_RX1_IRQHandler
                0x00000000080028e0                TIM4_IRQHandler
                0x00000000080028e0                I2C1_EV_IRQHandler
                0x00000000080028e0                DMA1_Channel6_IRQHandler
                0x00000000080028e0                TIM3_IRQHandler
                0x00000000080028e0                RCC_IRQHandler
                0x00000000080028e0                TIM1_TRG_COM_IRQHandler
                0x00000000080028e0                DMA1_Channel1_IRQHandler
                0x00000000080028e0                Default_Handler
                0x00000000080028e0                EXTI15_10_IRQHandler
                0x00000000080028e0                EXTI9_5_IRQHandler
                0x00000000080028e0                SPI2_IRQHandler
                0x00000000080028e0                DMA1_Channel5_IRQHandler
                0x00000000080028e0                EXTI4_IRQHandler
                0x00000000080028e0                USB_HP_CAN1_TX_IRQHandler
                0x00000000080028e0                DMA1_Channel3_IRQHandler
                0x00000000080028e0                TIM1_UP_IRQHandler
                0x00000000080028e0                WWDG_IRQHandler
                0x00000000080028e0                TIM2_IRQHandler
                0x00000000080028e0                TIM1_BRK_IRQHandler
                0x00000000080028e0                EXTI1_IRQHandler
                0x00000000080028e0                USART2_IRQHandler
                0x00000000080028e0                I2C2_ER_IRQHandler
                0x00000000080028e0                DMA1_Channel2_IRQHandler
                0x00000000080028e0                CAN1_SCE_IRQHandler
                0x00000000080028e0                FLASH_IRQHandler
                0x00000000080028e0                USART1_IRQHandler
                0x00000000080028e0                I2C1_ER_IRQHandler
                0x00000000080028e0                USBWakeUp_IRQHandler
 *fill*         0x00000000080028e2        0x2 
 .text.__libc_init_array
                0x00000000080028e4       0x48 /mnt/c/Users/evanc/Documents/IFE/gcc-arm-none-eabi-8-2018-q4-major/bin/../lib/gcc/arm-none-eabi/8.2.1/../../../../arm-none-eabi/lib/thumb/v7-m/nofp/libc_nano.a(lib_a-init.o)
                0x00000000080028e4                __libc_init_array
 .text.malloc   0x000000000800292c       0x10 /mnt/c/Users/evanc/Documents/IFE/gcc-arm-none-eabi-8-2018-q4-major/bin/../lib/gcc/arm-none-eabi/8.2.1/../../../../arm-none-eabi/lib/thumb/v7-m/nofp/libc_nano.a(lib_a-malloc.o)
                0x000000000800292c                malloc
 .text.free     0x000000000800293c       0x10 /mnt/c/Users/evanc/Documents/IFE/gcc-arm-none-eabi-8-2018-q4-major/bin/../lib/gcc/arm-none-eabi/8.2.1/../../../../arm-none-eabi/lib/thumb/v7-m/nofp/libc_nano.a(lib_a-malloc.o)
                0x000000000800293c                free
 .text.memset   0x000000000800294c       0x10 /mnt/c/Users/evanc/Documents/IFE/gcc-arm-none-eabi-8-2018-q4-major/bin/../lib/gcc/arm-none-eabi/8.2.1/../../../../arm-none-eabi/lib/thumb/v7-m/nofp/libc_nano.a(lib_a-memset.o)
                0x000000000800294c                memset
 .text._free_r  0x000000000800295c       0x98 /mnt/c/Users/evanc/Documents/IFE/gcc-arm-none-eabi-8-2018-q4-major/bin/../lib/gcc/arm-none-eabi/8.2.1/../../../../arm-none-eabi/lib/thumb/v7-m/nofp/libc_nano.a(lib_a-nano-freer.o)
                0x000000000800295c                _free_r
 .text._malloc_r
                0x00000000080029f4       0xb4 /mnt/c/Users/evanc/Documents/IFE/gcc-arm-none-eabi-8-2018-q4-major/bin/../lib/gcc/arm-none-eabi/8.2.1/../../../../arm-none-eabi/lib/thumb/v7-m/nofp/libc_nano.a(lib_a-nano-mallocr.o)
                0x00000000080029f4                _malloc_r
 .text._sbrk_r  0x0000000008002aa8       0x20 /mnt/c/Users/evanc/Documents/IFE/gcc-arm-none-eabi-8-2018-q4-major/bin/../lib/gcc/arm-none-eabi/8.2.1/../../../../arm-none-eabi/lib/thumb/v7-m/nofp/libc_nano.a(lib_a-sbrkr.o)
                0x0000000008002aa8                _sbrk_r
 .text.__malloc_lock
                0x0000000008002ac8        0xc /mnt/c/Users/evanc/Documents/IFE/gcc-arm-none-eabi-8-2018-q4-major/bin/../lib/gcc/arm-none-eabi/8.2.1/../../../../arm-none-eabi/lib/thumb/v7-m/nofp/libc_nano.a(lib_a-mlock.o)
                0x0000000008002ac8                __malloc_lock
 .text.__malloc_unlock
                0x0000000008002ad4        0xc /mnt/c/Users/evanc/Documents/IFE/gcc-arm-none-eabi-8-2018-q4-major/bin/../lib/gcc/arm-none-eabi/8.2.1/../../../../arm-none-eabi/lib/thumb/v7-m/nofp/libc_nano.a(lib_a-mlock.o)
                0x0000000008002ad4                __malloc_unlock
 .text.__retarget_lock_acquire_recursive
                0x0000000008002ae0        0x2 /mnt/c/Users/evanc/Documents/IFE/gcc-arm-none-eabi-8-2018-q4-major/bin/../lib/gcc/arm-none-eabi/8.2.1/../../../../arm-none-eabi/lib/thumb/v7-m/nofp/libc_nano.a(lib_a-lock.o)
                0x0000000008002ae0                __retarget_lock_acquire_recursive
 .text.__retarget_lock_release_recursive
                0x0000000008002ae2        0x2 /mnt/c/Users/evanc/Documents/IFE/gcc-arm-none-eabi-8-2018-q4-major/bin/../lib/gcc/arm-none-eabi/8.2.1/../../../../arm-none-eabi/lib/thumb/v7-m/nofp/libc_nano.a(lib_a-lock.o)
                0x0000000008002ae2                __retarget_lock_release_recursive
 .text._sbrk    0x0000000008002ae4       0x1c /mnt/c/Users/evanc/Documents/IFE/gcc-arm-none-eabi-8-2018-q4-major/bin/../lib/gcc/arm-none-eabi/8.2.1/../../../../arm-none-eabi/lib/thumb/v7-m/nofp/libnosys.a(sbrk.o)
                0x0000000008002ae4                _sbrk
 *(.glue_7)
 .glue_7        0x0000000008002b00        0x0 linker stubs
 *(.glue_7t)
 .glue_7t       0x0000000008002b00        0x0 linker stubs
 *(.eh_frame)
 .eh_frame      0x0000000008002b00        0x0 /mnt/c/Users/evanc/Documents/IFE/gcc-arm-none-eabi-8-2018-q4-major/bin/../lib/gcc/arm-none-eabi/8.2.1/thumb/v7-m/nofp/crtbegin.o
 *(.init)
 .init          0x0000000008002b00        0x4 /mnt/c/Users/evanc/Documents/IFE/gcc-arm-none-eabi-8-2018-q4-major/bin/../lib/gcc/arm-none-eabi/8.2.1/thumb/v7-m/nofp/crti.o
                0x0000000008002b00                _init
 .init          0x0000000008002b04        0x8 /mnt/c/Users/evanc/Documents/IFE/gcc-arm-none-eabi-8-2018-q4-major/bin/../lib/gcc/arm-none-eabi/8.2.1/thumb/v7-m/nofp/crtn.o
 *(.fini)
 .fini          0x0000000008002b0c        0x4 /mnt/c/Users/evanc/Documents/IFE/gcc-arm-none-eabi-8-2018-q4-major/bin/../lib/gcc/arm-none-eabi/8.2.1/thumb/v7-m/nofp/crti.o
                0x0000000008002b0c                _fini
 .fini          0x0000000008002b10        0x8 /mnt/c/Users/evanc/Documents/IFE/gcc-arm-none-eabi-8-2018-q4-major/bin/../lib/gcc/arm-none-eabi/8.2.1/thumb/v7-m/nofp/crtn.o
                0x0000000008002b18                . = ALIGN (0x4)
                0x0000000008002b18                _etext = .

.vfp11_veneer   0x0000000008002b18        0x0
 .vfp11_veneer  0x0000000008002b18        0x0 linker stubs

.v4_bx          0x0000000008002b18        0x0
 .v4_bx         0x0000000008002b18        0x0 linker stubs

.iplt           0x0000000008002b18        0x0
 .iplt          0x0000000008002b18        0x0 /mnt/c/Users/evanc/Documents/IFE/gcc-arm-none-eabi-8-2018-q4-major/bin/../lib/gcc/arm-none-eabi/8.2.1/thumb/v7-m/nofp/crtbegin.o

.rodata         0x0000000008002b18       0x24
                0x0000000008002b18                . = ALIGN (0x4)
 *(.rodata)
 .rodata        0x0000000008002b18       0x12 build/stm32f1xx_hal_rcc.o
 *(.rodata*)
 *fill*         0x0000000008002b2a        0x2 
 .rodata.AHBPrescTable
                0x0000000008002b2c       0x10 build/system_stm32f1xx.o
                0x0000000008002b2c                AHBPrescTable
                0x0000000008002b3c                . = ALIGN (0x4)

.rel.dyn        0x0000000008002b3c        0x0
 .rel.iplt      0x0000000008002b3c        0x0 /mnt/c/Users/evanc/Documents/IFE/gcc-arm-none-eabi-8-2018-q4-major/bin/../lib/gcc/arm-none-eabi/8.2.1/thumb/v7-m/nofp/crtbegin.o

.ARM.extab
 *(.ARM.extab* .gnu.linkonce.armextab.*)

.ARM            0x0000000008002b3c        0x0
                0x0000000008002b3c                __exidx_start = .
 *(.ARM.exidx*)
                0x0000000008002b3c                __exidx_end = .

.preinit_array  0x0000000008002b3c        0x0
                0x0000000008002b3c                PROVIDE (__preinit_array_start = .)
 *(.preinit_array*)
                0x0000000008002b3c                PROVIDE (__preinit_array_end = .)

.init_array     0x0000000008002b3c        0x4
                0x0000000008002b3c                PROVIDE (__init_array_start = .)
 *(SORT_BY_NAME(.init_array.*))
 *(.init_array*)
 .init_array    0x0000000008002b3c        0x4 /mnt/c/Users/evanc/Documents/IFE/gcc-arm-none-eabi-8-2018-q4-major/bin/../lib/gcc/arm-none-eabi/8.2.1/thumb/v7-m/nofp/crtbegin.o
                0x0000000008002b40                PROVIDE (__init_array_end = .)

.fini_array     0x0000000008002b40        0x4
                [!provide]                        PROVIDE (__fini_array_start = .)
 *(SORT_BY_NAME(.fini_array.*))
 *(.fini_array*)
 .fini_array    0x0000000008002b40        0x4 /mnt/c/Users/evanc/Documents/IFE/gcc-arm-none-eabi-8-2018-q4-major/bin/../lib/gcc/arm-none-eabi/8.2.1/thumb/v7-m/nofp/crtbegin.o
                [!provide]                        PROVIDE (__fini_array_end = .)
                0x0000000008002b44                _sidata = LOADADDR (.data)

.data           0x0000000020000000       0x74 load address 0x0000000008002b44
                0x0000000020000000                . = ALIGN (0x4)
                0x0000000020000000                _sdata = .
 *(.data)
 *(.data*)
 .data.uwTickFreq
                0x0000000020000000        0x1 build/stm32f1xx_hal.o
                0x0000000020000000                uwTickFreq
 *fill*         0x0000000020000001        0x3 
 .data.uwTickPrio
                0x0000000020000004        0x4 build/stm32f1xx_hal.o
                0x0000000020000004                uwTickPrio
 .data.SystemCoreClock
                0x0000000020000008        0x4 build/system_stm32f1xx.o
                0x0000000020000008                SystemCoreClock
 .data.CRC15_POLY
                0x000000002000000c        0x2 build/LTC6811.o
                0x000000002000000c                CRC15_POLY
 *fill*         0x000000002000000e        0x2 
 .data._impure_ptr
                0x0000000020000010        0x4 /mnt/c/Users/evanc/Documents/IFE/gcc-arm-none-eabi-8-2018-q4-major/bin/../lib/gcc/arm-none-eabi/8.2.1/../../../../arm-none-eabi/lib/thumb/v7-m/nofp/libc_nano.a(lib_a-impure.o)
                0x0000000020000010                _impure_ptr
 .data.impure_data
                0x0000000020000014       0x60 /mnt/c/Users/evanc/Documents/IFE/gcc-arm-none-eabi-8-2018-q4-major/bin/../lib/gcc/arm-none-eabi/8.2.1/../../../../arm-none-eabi/lib/thumb/v7-m/nofp/libc_nano.a(lib_a-impure.o)
                0x0000000020000074                . = ALIGN (0x4)
                0x0000000020000074                _edata = .

.igot.plt       0x0000000020000074        0x0 load address 0x0000000008002bb8
 .igot.plt      0x0000000020000074        0x0 /mnt/c/Users/evanc/Documents/IFE/gcc-arm-none-eabi-8-2018-q4-major/bin/../lib/gcc/arm-none-eabi/8.2.1/thumb/v7-m/nofp/crtbegin.o
                0x0000000020000074                . = ALIGN (0x4)

.bss            0x0000000020000074      0x448 load address 0x0000000008002bb8
                0x0000000020000074                _sbss = .
                0x0000000020000074                __bss_start__ = _sbss
 *(.bss)
 .bss           0x0000000020000074       0x1c /mnt/c/Users/evanc/Documents/IFE/gcc-arm-none-eabi-8-2018-q4-major/bin/../lib/gcc/arm-none-eabi/8.2.1/thumb/v7-m/nofp/crtbegin.o
 *(.bss*)
 .bss.__malloc_free_list
                0x0000000020000090        0x4 /mnt/c/Users/evanc/Documents/IFE/gcc-arm-none-eabi-8-2018-q4-major/bin/../lib/gcc/arm-none-eabi/8.2.1/../../../../arm-none-eabi/lib/thumb/v7-m/nofp/libc_nano.a(lib_a-nano-mallocr.o)
                0x0000000020000090                __malloc_free_list
 .bss.__malloc_sbrk_start
                0x0000000020000094        0x4 /mnt/c/Users/evanc/Documents/IFE/gcc-arm-none-eabi-8-2018-q4-major/bin/../lib/gcc/arm-none-eabi/8.2.1/../../../../arm-none-eabi/lib/thumb/v7-m/nofp/libc_nano.a(lib_a-nano-mallocr.o)
                0x0000000020000094                __malloc_sbrk_start
 .bss.heap_end.4194
                0x0000000020000098        0x4 /mnt/c/Users/evanc/Documents/IFE/gcc-arm-none-eabi-8-2018-q4-major/bin/../lib/gcc/arm-none-eabi/8.2.1/../../../../arm-none-eabi/lib/thumb/v7-m/nofp/libnosys.a(sbrk.o)
 *(COMMON)
 COMMON         0x000000002000009c      0x1b2 build/main.o
                0x000000002000009c                BMSTINF_DATA
                0x00000000200000a4                BMSVINF_DATA
                0x00000000200000ac                CommandCode
                0x00000000200000b0                hcan
                0x00000000200000d8                CHARGER_DATA
                0x00000000200000e0                CELLVAL_DATA
                0x00000000200000e8                hadc1
                0x0000000020000118                BMSconfig
                0x0000000020000168                TxData
                0x0000000020000170                TxMailbox
                0x0000000020000174                hspi1
                0x00000000200001cc                RxData
                0x00000000200001d4                htim2
                0x0000000020000214                TxHeader
                0x000000002000022c                RxHeader
                0x0000000020000248                BMSSTAT_DATA
 *fill*         0x000000002000024e        0x2 
 COMMON         0x0000000020000250        0x4 build/stm32f1xx_hal.o
                0x0000000020000250                uwTick
 COMMON         0x0000000020000254      0x200 build/LTC6811.o
                0x0000000020000254                pec15Table
 COMMON         0x0000000020000454       0x58 build/SPI.o
                0x0000000020000454                SPIHandle
 COMMON         0x00000000200004ac        0x4 /mnt/c/Users/evanc/Documents/IFE/gcc-arm-none-eabi-8-2018-q4-major/bin/../lib/gcc/arm-none-eabi/8.2.1/../../../../arm-none-eabi/lib/thumb/v7-m/nofp/libc_nano.a(lib_a-reent.o)
                0x00000000200004ac                errno
 COMMON         0x00000000200004b0        0x9 /mnt/c/Users/evanc/Documents/IFE/gcc-arm-none-eabi-8-2018-q4-major/bin/../lib/gcc/arm-none-eabi/8.2.1/../../../../arm-none-eabi/lib/thumb/v7-m/nofp/libc_nano.a(lib_a-lock.o)
                0x00000000200004b0                __lock___atexit_recursive_mutex
                0x00000000200004b1                __lock___arc4random_mutex
                0x00000000200004b2                __lock___env_recursive_mutex
                0x00000000200004b3                __lock___sinit_recursive_mutex
                0x00000000200004b4                __lock___malloc_recursive_mutex
                0x00000000200004b5                __lock___at_quick_exit_mutex
                0x00000000200004b6                __lock___dd_hash_mutex
                0x00000000200004b7                __lock___tz_mutex
                0x00000000200004b8                __lock___sfp_recursive_mutex
                0x00000000200004bc                . = ALIGN (0x4)
 *fill*         0x00000000200004b9        0x3 
                0x00000000200004bc                _ebss = .
                0x00000000200004bc                __bss_end__ = _ebss

._user_heap_stack
                0x00000000200004bc      0x604 load address 0x0000000008002bb8
                0x00000000200004c0                . = ALIGN (0x8)
 *fill*         0x00000000200004bc        0x4 
                0x00000000200004c0                PROVIDE (end = .)
                [!provide]                        PROVIDE (_end = .)
                0x00000000200006c0                . = (. + _Min_Heap_Size)
 *fill*         0x00000000200004c0      0x200 
                0x0000000020000ac0                . = (. + _Min_Stack_Size)
 *fill*         0x00000000200006c0      0x400 
                0x0000000020000ac0                . = ALIGN (0x8)

/DISCARD/
 libc.a(*)
 libm.a(*)
 libgcc.a(*)

.ARM.attributes
                0x0000000000000000       0x29
 *(.ARM.attributes)
 .ARM.attributes
                0x0000000000000000       0x1d /mnt/c/Users/evanc/Documents/IFE/gcc-arm-none-eabi-8-2018-q4-major/bin/../lib/gcc/arm-none-eabi/8.2.1/thumb/v7-m/nofp/crti.o
 .ARM.attributes
                0x000000000000001d       0x2d /mnt/c/Users/evanc/Documents/IFE/gcc-arm-none-eabi-8-2018-q4-major/bin/../lib/gcc/arm-none-eabi/8.2.1/thumb/v7-m/nofp/crtbegin.o
 .ARM.attributes
                0x000000000000004a       0x2d build/main.o
 .ARM.attributes
                0x0000000000000077       0x2d build/stm32f1xx_it.o
 .ARM.attributes
                0x00000000000000a4       0x2d build/stm32f1xx_hal_msp.o
 .ARM.attributes
                0x00000000000000d1       0x2d build/stm32f1xx_hal_adc.o
 .ARM.attributes
                0x00000000000000fe       0x2d build/stm32f1xx_hal_can.o
 .ARM.attributes
                0x000000000000012b       0x2d build/stm32f1xx_hal_spi.o
 .ARM.attributes
                0x0000000000000158       0x2d build/stm32f1xx_hal_spi_ex.o
 .ARM.attributes
                0x0000000000000185       0x2d build/stm32f1xx_hal_tim.o
 .ARM.attributes
                0x00000000000001b2       0x2d build/stm32f1xx_hal_tim_ex.o
 .ARM.attributes
                0x00000000000001df       0x2d build/stm32f1xx_hal.o
 .ARM.attributes
                0x000000000000020c       0x2d build/stm32f1xx_hal_rcc.o
 .ARM.attributes
                0x0000000000000239       0x2d build/stm32f1xx_hal_rcc_ex.o
 .ARM.attributes
                0x0000000000000266       0x2d build/stm32f1xx_hal_gpio.o
 .ARM.attributes
                0x0000000000000293       0x2d build/stm32f1xx_hal_cortex.o
 .ARM.attributes
                0x00000000000002c0       0x2d build/system_stm32f1xx.o
 .ARM.attributes
                0x00000000000002ed       0x2d build/BMSconfig.o
 .ARM.attributes
                0x000000000000031a       0x2d build/ChargerFunctions.o
 .ARM.attributes
                0x0000000000000347       0x2d build/LTC6811.o
 .ARM.attributes
                0x0000000000000374       0x2d build/SPI.o
 .ARM.attributes
                0x00000000000003a1       0x21 build/startup_stm32f103xb.o
 .ARM.attributes
                0x00000000000003c2       0x2d /mnt/c/Users/evanc/Documents/IFE/gcc-arm-none-eabi-8-2018-q4-major/bin/../lib/gcc/arm-none-eabi/8.2.1/../../../../arm-none-eabi/lib/thumb/v7-m/nofp/libc_nano.a(lib_a-impure.o)
 .ARM.attributes
                0x00000000000003ef       0x2d /mnt/c/Users/evanc/Documents/IFE/gcc-arm-none-eabi-8-2018-q4-major/bin/../lib/gcc/arm-none-eabi/8.2.1/../../../../arm-none-eabi/lib/thumb/v7-m/nofp/libc_nano.a(lib_a-init.o)
 .ARM.attributes
                0x000000000000041c       0x2d /mnt/c/Users/evanc/Documents/IFE/gcc-arm-none-eabi-8-2018-q4-major/bin/../lib/gcc/arm-none-eabi/8.2.1/../../../../arm-none-eabi/lib/thumb/v7-m/nofp/libc_nano.a(lib_a-malloc.o)
 .ARM.attributes
                0x0000000000000449       0x2d /mnt/c/Users/evanc/Documents/IFE/gcc-arm-none-eabi-8-2018-q4-major/bin/../lib/gcc/arm-none-eabi/8.2.1/../../../../arm-none-eabi/lib/thumb/v7-m/nofp/libc_nano.a(lib_a-memset.o)
 .ARM.attributes
                0x0000000000000476       0x2d /mnt/c/Users/evanc/Documents/IFE/gcc-arm-none-eabi-8-2018-q4-major/bin/../lib/gcc/arm-none-eabi/8.2.1/../../../../arm-none-eabi/lib/thumb/v7-m/nofp/libc_nano.a(lib_a-nano-freer.o)
 .ARM.attributes
                0x00000000000004a3       0x2d /mnt/c/Users/evanc/Documents/IFE/gcc-arm-none-eabi-8-2018-q4-major/bin/../lib/gcc/arm-none-eabi/8.2.1/../../../../arm-none-eabi/lib/thumb/v7-m/nofp/libc_nano.a(lib_a-nano-mallocr.o)
 .ARM.attributes
                0x00000000000004d0       0x2d /mnt/c/Users/evanc/Documents/IFE/gcc-arm-none-eabi-8-2018-q4-major/bin/../lib/gcc/arm-none-eabi/8.2.1/../../../../arm-none-eabi/lib/thumb/v7-m/nofp/libc_nano.a(lib_a-sbrkr.o)
 .ARM.attributes
                0x00000000000004fd       0x2d /mnt/c/Users/evanc/Documents/IFE/gcc-arm-none-eabi-8-2018-q4-major/bin/../lib/gcc/arm-none-eabi/8.2.1/../../../../arm-none-eabi/lib/thumb/v7-m/nofp/libc_nano.a(lib_a-mlock.o)
 .ARM.attributes
                0x000000000000052a       0x2d /mnt/c/Users/evanc/Documents/IFE/gcc-arm-none-eabi-8-2018-q4-major/bin/../lib/gcc/arm-none-eabi/8.2.1/../../../../arm-none-eabi/lib/thumb/v7-m/nofp/libc_nano.a(lib_a-reent.o)
 .ARM.attributes
                0x0000000000000557       0x2d /mnt/c/Users/evanc/Documents/IFE/gcc-arm-none-eabi-8-2018-q4-major/bin/../lib/gcc/arm-none-eabi/8.2.1/../../../../arm-none-eabi/lib/thumb/v7-m/nofp/libc_nano.a(lib_a-lock.o)
 .ARM.attributes
                0x0000000000000584       0x2d /mnt/c/Users/evanc/Documents/IFE/gcc-arm-none-eabi-8-2018-q4-major/bin/../lib/gcc/arm-none-eabi/8.2.1/../../../../arm-none-eabi/lib/thumb/v7-m/nofp/libnosys.a(sbrk.o)
 .ARM.attributes
                0x00000000000005b1       0x1d /mnt/c/Users/evanc/Documents/IFE/gcc-arm-none-eabi-8-2018-q4-major/bin/../lib/gcc/arm-none-eabi/8.2.1/thumb/v7-m/nofp/crtn.o
OUTPUT(build/BMS_FINAL.elf elf32-littlearm)

.debug_info     0x0000000000000000    0x1ef04
 .debug_info    0x0000000000000000     0x2fb5 build/main.o
 .debug_info    0x0000000000002fb5     0x1067 build/stm32f1xx_it.o
 .debug_info    0x000000000000401c     0x212c build/stm32f1xx_hal_msp.o
 .debug_info    0x0000000000006148     0x1a5b build/stm32f1xx_hal_adc.o
 .debug_info    0x0000000000007ba3     0x1df2 build/stm32f1xx_hal_can.o
 .debug_info    0x0000000000009995     0x2746 build/stm32f1xx_hal_spi.o
 .debug_info    0x000000000000c0db     0x10bf build/stm32f1xx_hal_spi_ex.o
 .debug_info    0x000000000000d19a     0x3fed build/stm32f1xx_hal_tim.o
 .debug_info    0x0000000000011187     0x1fa8 build/stm32f1xx_hal_tim_ex.o
 .debug_info    0x000000000001312f     0x1228 build/stm32f1xx_hal.o
 .debug_info    0x0000000000014357     0x1515 build/stm32f1xx_hal_rcc.o
 .debug_info    0x000000000001586c      0xeb5 build/stm32f1xx_hal_rcc_ex.o
 .debug_info    0x0000000000016721     0x114b build/stm32f1xx_hal_gpio.o
 .debug_info    0x000000000001786c     0x1866 build/stm32f1xx_hal_cortex.o
 .debug_info    0x00000000000190d2      0xe55 build/system_stm32f1xx.o
 .debug_info    0x0000000000019f27      0xde1 build/BMSconfig.o
 .debug_info    0x000000000001ad08      0xfc1 build/ChargerFunctions.o
 .debug_info    0x000000000001bcc9     0x1e4c build/LTC6811.o
 .debug_info    0x000000000001db15     0x13cd build/SPI.o
 .debug_info    0x000000000001eee2       0x22 build/startup_stm32f103xb.o

.debug_abbrev   0x0000000000000000     0x3b1f
 .debug_abbrev  0x0000000000000000      0x425 build/main.o
 .debug_abbrev  0x0000000000000425      0x22d build/stm32f1xx_it.o
 .debug_abbrev  0x0000000000000652      0x317 build/stm32f1xx_hal_msp.o
 .debug_abbrev  0x0000000000000969      0x2ef build/stm32f1xx_hal_adc.o
 .debug_abbrev  0x0000000000000c58      0x3ae build/stm32f1xx_hal_can.o
 .debug_abbrev  0x0000000000001006      0x35c build/stm32f1xx_hal_spi.o
 .debug_abbrev  0x0000000000001362      0x21a build/stm32f1xx_hal_spi_ex.o
 .debug_abbrev  0x000000000000157c      0x371 build/stm32f1xx_hal_tim.o
 .debug_abbrev  0x00000000000018ed      0x346 build/stm32f1xx_hal_tim_ex.o
 .debug_abbrev  0x0000000000001c33      0x348 build/stm32f1xx_hal.o
 .debug_abbrev  0x0000000000001f7b      0x386 build/stm32f1xx_hal_rcc.o
 .debug_abbrev  0x0000000000002301      0x2de build/stm32f1xx_hal_rcc_ex.o
 .debug_abbrev  0x00000000000025df      0x30a build/stm32f1xx_hal_gpio.o
 .debug_abbrev  0x00000000000028e9      0x459 build/stm32f1xx_hal_cortex.o
 .debug_abbrev  0x0000000000002d42      0x23f build/system_stm32f1xx.o
 .debug_abbrev  0x0000000000002f81      0x207 build/BMSconfig.o
 .debug_abbrev  0x0000000000003188      0x274 build/ChargerFunctions.o
 .debug_abbrev  0x00000000000033fc      0x470 build/LTC6811.o
 .debug_abbrev  0x000000000000386c      0x2a1 build/SPI.o
 .debug_abbrev  0x0000000000003b0d       0x12 build/startup_stm32f103xb.o

.debug_loc      0x0000000000000000     0xdeb9
 .debug_loc     0x0000000000000000      0x6d7 build/main.o
 .debug_loc     0x00000000000006d7       0x40 build/stm32f1xx_it.o
 .debug_loc     0x0000000000000717      0x325 build/stm32f1xx_hal_msp.o
 .debug_loc     0x0000000000000a3c      0xe95 build/stm32f1xx_hal_adc.o
 .debug_loc     0x00000000000018d1      0xf91 build/stm32f1xx_hal_can.o
 .debug_loc     0x0000000000002862     0x2504 build/stm32f1xx_hal_spi.o
 .debug_loc     0x0000000000004d66       0x85 build/stm32f1xx_hal_spi_ex.o
 .debug_loc     0x0000000000004deb     0x4b08 build/stm32f1xx_hal_tim.o
 .debug_loc     0x00000000000098f3     0x15b2 build/stm32f1xx_hal_tim_ex.o
 .debug_loc     0x000000000000aea5      0x1cc build/stm32f1xx_hal.o
 .debug_loc     0x000000000000b071      0x815 build/stm32f1xx_hal_rcc.o
 .debug_loc     0x000000000000b886      0x405 build/stm32f1xx_hal_rcc_ex.o
 .debug_loc     0x000000000000bc8b      0x5a1 build/stm32f1xx_hal_gpio.o
 .debug_loc     0x000000000000c22c      0x76b build/stm32f1xx_hal_cortex.o
 .debug_loc     0x000000000000c997       0xff build/system_stm32f1xx.o
 .debug_loc     0x000000000000ca96      0x2a4 build/ChargerFunctions.o
 .debug_loc     0x000000000000cd3a      0xf86 build/LTC6811.o
 .debug_loc     0x000000000000dcc0      0x1f9 build/SPI.o

.debug_aranges  0x0000000000000000      0xdd0
 .debug_aranges
                0x0000000000000000       0x78 build/main.o
 .debug_aranges
                0x0000000000000078       0x68 build/stm32f1xx_it.o
 .debug_aranges
                0x00000000000000e0       0x60 build/stm32f1xx_hal_msp.o
 .debug_aranges
                0x0000000000000140       0xf0 build/stm32f1xx_hal_adc.o
 .debug_aranges
                0x0000000000000230      0x138 build/stm32f1xx_hal_can.o
 .debug_aranges
                0x0000000000000368      0x1d0 build/stm32f1xx_hal_spi.o
 .debug_aranges
                0x0000000000000538       0x20 build/stm32f1xx_hal_spi_ex.o
 .debug_aranges
                0x0000000000000558      0x368 build/stm32f1xx_hal_tim.o
 .debug_aranges
                0x00000000000008c0      0x138 build/stm32f1xx_hal_tim_ex.o
 .debug_aranges
                0x00000000000009f8       0xd0 build/stm32f1xx_hal.o
 .debug_aranges
                0x0000000000000ac8       0x90 build/stm32f1xx_hal_rcc.o
 .debug_aranges
                0x0000000000000b58       0x30 build/stm32f1xx_hal_rcc_ex.o
 .debug_aranges
                0x0000000000000b88       0x58 build/stm32f1xx_hal_gpio.o
 .debug_aranges
                0x0000000000000be0       0x90 build/stm32f1xx_hal_cortex.o
 .debug_aranges
                0x0000000000000c70       0x28 build/system_stm32f1xx.o
 .debug_aranges
                0x0000000000000c98       0x20 build/BMSconfig.o
 .debug_aranges
                0x0000000000000cb8       0x30 build/ChargerFunctions.o
 .debug_aranges
                0x0000000000000ce8       0x90 build/LTC6811.o
 .debug_aranges
                0x0000000000000d78       0x30 build/SPI.o
 .debug_aranges
                0x0000000000000da8       0x28 build/startup_stm32f103xb.o

.debug_ranges   0x0000000000000000      0xe50
 .debug_ranges  0x0000000000000000       0xb0 build/main.o
 .debug_ranges  0x00000000000000b0       0x58 build/stm32f1xx_it.o
 .debug_ranges  0x0000000000000108       0x50 build/stm32f1xx_hal_msp.o
 .debug_ranges  0x0000000000000158       0xe0 build/stm32f1xx_hal_adc.o
 .debug_ranges  0x0000000000000238      0x128 build/stm32f1xx_hal_can.o
 .debug_ranges  0x0000000000000360      0x1c0 build/stm32f1xx_hal_spi.o
 .debug_ranges  0x0000000000000520       0x10 build/stm32f1xx_hal_spi_ex.o
 .debug_ranges  0x0000000000000530      0x358 build/stm32f1xx_hal_tim.o
 .debug_ranges  0x0000000000000888      0x128 build/stm32f1xx_hal_tim_ex.o
 .debug_ranges  0x00000000000009b0       0xc0 build/stm32f1xx_hal.o
 .debug_ranges  0x0000000000000a70       0xa0 build/stm32f1xx_hal_rcc.o
 .debug_ranges  0x0000000000000b10       0x38 build/stm32f1xx_hal_rcc_ex.o
 .debug_ranges  0x0000000000000b48       0x48 build/stm32f1xx_hal_gpio.o
 .debug_ranges  0x0000000000000b90       0xc8 build/stm32f1xx_hal_cortex.o
 .debug_ranges  0x0000000000000c58       0x18 build/system_stm32f1xx.o
 .debug_ranges  0x0000000000000c70       0x10 build/BMSconfig.o
 .debug_ranges  0x0000000000000c80       0x80 build/ChargerFunctions.o
 .debug_ranges  0x0000000000000d00      0x110 build/LTC6811.o
 .debug_ranges  0x0000000000000e10       0x20 build/SPI.o
 .debug_ranges  0x0000000000000e30       0x20 build/startup_stm32f103xb.o

.debug_line     0x0000000000000000     0xdeaf
 .debug_line    0x0000000000000000      0xcd9 build/main.o
 .debug_line    0x0000000000000cd9      0x36b build/stm32f1xx_it.o
 .debug_line    0x0000000000001044      0x55c build/stm32f1xx_hal_msp.o
 .debug_line    0x00000000000015a0      0xf10 build/stm32f1xx_hal_adc.o
 .debug_line    0x00000000000024b0     0x11ad build/stm32f1xx_hal_can.o
 .debug_line    0x000000000000365d     0x210b build/stm32f1xx_hal_spi.o
 .debug_line    0x0000000000005768      0x32e build/stm32f1xx_hal_spi_ex.o
 .debug_line    0x0000000000005a96     0x2f2c build/stm32f1xx_hal_tim.o
 .debug_line    0x00000000000089c2      0xf3f build/stm32f1xx_hal_tim_ex.o
 .debug_line    0x0000000000009901      0x598 build/stm32f1xx_hal.o
 .debug_line    0x0000000000009e99      0xc6d build/stm32f1xx_hal_rcc.o
 .debug_line    0x000000000000ab06      0x56a build/stm32f1xx_hal_rcc_ex.o
 .debug_line    0x000000000000b070      0x6dd build/stm32f1xx_hal_gpio.o
 .debug_line    0x000000000000b74d      0x6ae build/stm32f1xx_hal_cortex.o
 .debug_line    0x000000000000bdfb      0x36c build/system_stm32f1xx.o
 .debug_line    0x000000000000c167      0x3bf build/BMSconfig.o
 .debug_line    0x000000000000c526      0x47d build/ChargerFunctions.o
 .debug_line    0x000000000000c9a3     0x1085 build/LTC6811.o
 .debug_line    0x000000000000da28      0x415 build/SPI.o
 .debug_line    0x000000000000de3d       0x72 build/startup_stm32f103xb.o

.debug_str      0x0000000000000000     0x4861
 .debug_str     0x0000000000000000     0x1a10 build/main.o
                                       0x1b53 (size before relaxing)
 .debug_str     0x0000000000001a10       0xdd build/stm32f1xx_it.o
                                        0x9cf (size before relaxing)
 .debug_str     0x0000000000001aed      0x40f build/stm32f1xx_hal_msp.o
                                       0x13ed (size before relaxing)
 .debug_str     0x0000000000001efc      0x358 build/stm32f1xx_hal_adc.o
                                        0xd5e (size before relaxing)
 .debug_str     0x0000000000002254      0x4c1 build/stm32f1xx_hal_can.o
                                        0xefd (size before relaxing)
 .debug_str     0x0000000000002715      0x4e1 build/stm32f1xx_hal_spi.o
                                        0xfaa (size before relaxing)
 .debug_str     0x0000000000002bf6       0x38 build/stm32f1xx_hal_spi_ex.o
                                        0xa92 (size before relaxing)
 .debug_str     0x0000000000002c2e      0xc93 build/stm32f1xx_hal_tim.o
                                       0x1806 (size before relaxing)
 .debug_str     0x00000000000038c1      0x47e build/stm32f1xx_hal_tim_ex.o
                                       0x10a8 (size before relaxing)
 .debug_str     0x0000000000003d3f      0x236 build/stm32f1xx_hal.o
                                        0xc42 (size before relaxing)
 .debug_str     0x0000000000003f75      0x1dd build/stm32f1xx_hal_rcc.o
                                        0xaae (size before relaxing)
 .debug_str     0x0000000000004152       0x81 build/stm32f1xx_hal_rcc_ex.o
                                        0x892 (size before relaxing)
 .debug_str     0x00000000000041d3       0xff build/stm32f1xx_hal_gpio.o
                                        0x8d7 (size before relaxing)
 .debug_str     0x00000000000042d2      0x27f build/stm32f1xx_hal_cortex.o
                                        0xd6a (size before relaxing)
 .debug_str     0x0000000000004551       0x4a build/system_stm32f1xx.o
                                        0x740 (size before relaxing)
 .debug_str     0x000000000000459b       0x10 build/BMSconfig.o
                                        0x912 (size before relaxing)
 .debug_str     0x00000000000045ab       0x79 build/ChargerFunctions.o
                                        0x9b0 (size before relaxing)
 .debug_str     0x0000000000004624      0x1d2 build/LTC6811.o
                                        0xd54 (size before relaxing)
 .debug_str     0x00000000000047f6       0x46 build/SPI.o
                                        0xb21 (size before relaxing)
 .debug_str     0x000000000000483c       0x25 build/startup_stm32f103xb.o
                                         0x6f (size before relaxing)

.comment        0x0000000000000000       0x75
 .comment       0x0000000000000000       0x75 build/main.o
                                         0x76 (size before relaxing)
 .comment       0x0000000000000075       0x76 build/stm32f1xx_it.o
 .comment       0x0000000000000075       0x76 build/stm32f1xx_hal_msp.o
 .comment       0x0000000000000075       0x76 build/stm32f1xx_hal_adc.o
 .comment       0x0000000000000075       0x76 build/stm32f1xx_hal_can.o
 .comment       0x0000000000000075       0x76 build/stm32f1xx_hal_spi.o
 .comment       0x0000000000000075       0x76 build/stm32f1xx_hal_spi_ex.o
 .comment       0x0000000000000075       0x76 build/stm32f1xx_hal_tim.o
 .comment       0x0000000000000075       0x76 build/stm32f1xx_hal_tim_ex.o
 .comment       0x0000000000000075       0x76 build/stm32f1xx_hal.o
 .comment       0x0000000000000075       0x76 build/stm32f1xx_hal_rcc.o
 .comment       0x0000000000000075       0x76 build/stm32f1xx_hal_rcc_ex.o
 .comment       0x0000000000000075       0x76 build/stm32f1xx_hal_gpio.o
 .comment       0x0000000000000075       0x76 build/stm32f1xx_hal_cortex.o
 .comment       0x0000000000000075       0x76 build/system_stm32f1xx.o
 .comment       0x0000000000000075       0x76 build/BMSconfig.o
 .comment       0x0000000000000075       0x76 build/ChargerFunctions.o
 .comment       0x0000000000000075       0x76 build/LTC6811.o
 .comment       0x0000000000000075       0x76 build/SPI.o

.debug_frame    0x0000000000000000     0x2bd8
 .debug_frame   0x0000000000000000      0x1f0 build/main.o
 .debug_frame   0x00000000000001f0       0xc8 build/stm32f1xx_it.o
 .debug_frame   0x00000000000002b8      0x10c build/stm32f1xx_hal_msp.o
 .debug_frame   0x00000000000003c4      0x31c build/stm32f1xx_hal_adc.o
 .debug_frame   0x00000000000006e0      0x310 build/stm32f1xx_hal_can.o
 .debug_frame   0x00000000000009f0      0x5fc build/stm32f1xx_hal_spi.o
 .debug_frame   0x0000000000000fec       0x30 build/stm32f1xx_hal_spi_ex.o
 .debug_frame   0x000000000000101c      0xb18 build/stm32f1xx_hal_tim.o
 .debug_frame   0x0000000000001b34      0x3e4 build/stm32f1xx_hal_tim_ex.o
 .debug_frame   0x0000000000001f18      0x1c0 build/stm32f1xx_hal.o
 .debug_frame   0x00000000000020d8      0x1b0 build/stm32f1xx_hal_rcc.o
 .debug_frame   0x0000000000002288       0x74 build/stm32f1xx_hal_rcc_ex.o
 .debug_frame   0x00000000000022fc       0xe8 build/stm32f1xx_hal_gpio.o
 .debug_frame   0x00000000000023e4      0x13c build/stm32f1xx_hal_cortex.o
 .debug_frame   0x0000000000002520       0x30 build/system_stm32f1xx.o
 .debug_frame   0x0000000000002550       0x20 build/BMSconfig.o
 .debug_frame   0x0000000000002570       0x94 build/ChargerFunctions.o
 .debug_frame   0x0000000000002604      0x2e4 build/LTC6811.o
 .debug_frame   0x00000000000028e8       0x84 build/SPI.o
 .debug_frame   0x000000000000296c       0x2c /mnt/c/Users/evanc/Documents/IFE/gcc-arm-none-eabi-8-2018-q4-major/bin/../lib/gcc/arm-none-eabi/8.2.1/../../../../arm-none-eabi/lib/thumb/v7-m/nofp/libc_nano.a(lib_a-init.o)
 .debug_frame   0x0000000000002998       0x30 /mnt/c/Users/evanc/Documents/IFE/gcc-arm-none-eabi-8-2018-q4-major/bin/../lib/gcc/arm-none-eabi/8.2.1/../../../../arm-none-eabi/lib/thumb/v7-m/nofp/libc_nano.a(lib_a-malloc.o)
 .debug_frame   0x00000000000029c8       0x20 /mnt/c/Users/evanc/Documents/IFE/gcc-arm-none-eabi-8-2018-q4-major/bin/../lib/gcc/arm-none-eabi/8.2.1/../../../../arm-none-eabi/lib/thumb/v7-m/nofp/libc_nano.a(lib_a-memset.o)
 .debug_frame   0x00000000000029e8       0x38 /mnt/c/Users/evanc/Documents/IFE/gcc-arm-none-eabi-8-2018-q4-major/bin/../lib/gcc/arm-none-eabi/8.2.1/../../../../arm-none-eabi/lib/thumb/v7-m/nofp/libc_nano.a(lib_a-nano-freer.o)
 .debug_frame   0x0000000000002a20       0x30 /mnt/c/Users/evanc/Documents/IFE/gcc-arm-none-eabi-8-2018-q4-major/bin/../lib/gcc/arm-none-eabi/8.2.1/../../../../arm-none-eabi/lib/thumb/v7-m/nofp/libc_nano.a(lib_a-nano-mallocr.o)
 .debug_frame   0x0000000000002a50       0x2c /mnt/c/Users/evanc/Documents/IFE/gcc-arm-none-eabi-8-2018-q4-major/bin/../lib/gcc/arm-none-eabi/8.2.1/../../../../arm-none-eabi/lib/thumb/v7-m/nofp/libc_nano.a(lib_a-sbrkr.o)
 .debug_frame   0x0000000000002a7c       0x30 /mnt/c/Users/evanc/Documents/IFE/gcc-arm-none-eabi-8-2018-q4-major/bin/../lib/gcc/arm-none-eabi/8.2.1/../../../../arm-none-eabi/lib/thumb/v7-m/nofp/libc_nano.a(lib_a-mlock.o)
 .debug_frame   0x0000000000002aac       0x5c /mnt/c/Users/evanc/Documents/IFE/gcc-arm-none-eabi-8-2018-q4-major/bin/../lib/gcc/arm-none-eabi/8.2.1/../../../../arm-none-eabi/lib/thumb/v7-m/nofp/libc_nano.a(lib_a-reent.o)
 .debug_frame   0x0000000000002b08       0xb0 /mnt/c/Users/evanc/Documents/IFE/gcc-arm-none-eabi-8-2018-q4-major/bin/../lib/gcc/arm-none-eabi/8.2.1/../../../../arm-none-eabi/lib/thumb/v7-m/nofp/libc_nano.a(lib_a-lock.o)
 .debug_frame   0x0000000000002bb8       0x20 /mnt/c/Users/evanc/Documents/IFE/gcc-arm-none-eabi-8-2018-q4-major/bin/../lib/gcc/arm-none-eabi/8.2.1/../../../../arm-none-eabi/lib/thumb/v7-m/nofp/libnosys.a(sbrk.o)

Cross Reference Table

Symbol                                            File
ADC1_2_IRQHandler                                 build/startup_stm32f103xb.o
ADC_ConversionStop_Disable                        build/stm32f1xx_hal_adc.o
                                                  build/stm32f1xx_hal_adc_ex.o
ADC_DMAConvCplt                                   build/stm32f1xx_hal_adc.o
                                                  build/stm32f1xx_hal_adc_ex.o
ADC_DMAError                                      build/stm32f1xx_hal_adc.o
                                                  build/stm32f1xx_hal_adc_ex.o
ADC_DMAHalfConvCplt                               build/stm32f1xx_hal_adc.o
                                                  build/stm32f1xx_hal_adc_ex.o
ADC_Enable                                        build/stm32f1xx_hal_adc.o
                                                  build/stm32f1xx_hal_adc_ex.o
AHBPrescTable                                     build/system_stm32f1xx.o
                                                  build/stm32f1xx_hal_rcc.o
APBPrescTable                                     build/system_stm32f1xx.o
                                                  build/stm32f1xx_hal_rcc.o
BMSSTAT_DATA                                      build/main.o
BMSSTAT_message                                   build/main.o
BMSTINF_DATA                                      build/main.o
BMSVINF_DATA                                      build/main.o
BMSconfig                                         build/main.o
BusFault_Handler                                  build/stm32f1xx_it.o
CAN1_RX1_IRQHandler                               build/startup_stm32f103xb.o
CAN1_SCE_IRQHandler                               build/startup_stm32f103xb.o
CELLVAL_DATA                                      build/main.o
CELLVAL_message                                   build/main.o
CHARGER_DATA                                      build/main.o
CONNECTION_sort                                   build/main.o
CRC15_POLY                                        build/LTC6811.o
CommandCode                                       build/main.o
DMA1_Channel1_IRQHandler                          build/startup_stm32f103xb.o
DMA1_Channel2_IRQHandler                          build/startup_stm32f103xb.o
DMA1_Channel3_IRQHandler                          build/startup_stm32f103xb.o
DMA1_Channel4_IRQHandler                          build/startup_stm32f103xb.o
DMA1_Channel5_IRQHandler                          build/startup_stm32f103xb.o
DMA1_Channel6_IRQHandler                          build/startup_stm32f103xb.o
DMA1_Channel7_IRQHandler                          build/startup_stm32f103xb.o
DebugMon_Handler                                  build/stm32f1xx_it.o
Default_Handler                                   build/startup_stm32f103xb.o
EXTI0_IRQHandler                                  build/startup_stm32f103xb.o
EXTI15_10_IRQHandler                              build/startup_stm32f103xb.o
EXTI1_IRQHandler                                  build/startup_stm32f103xb.o
EXTI2_IRQHandler                                  build/startup_stm32f103xb.o
EXTI3_IRQHandler                                  build/startup_stm32f103xb.o
EXTI4_IRQHandler                                  build/startup_stm32f103xb.o
EXTI9_5_IRQHandler                                build/startup_stm32f103xb.o
Error_Handler                                     build/main.o
FAULT_check                                       build/main.o
FLASH_IRQHandler                                  build/startup_stm32f103xb.o
FLASH_PageErase                                   build/stm32f1xx_hal_flash_ex.o
                                                  build/stm32f1xx_hal_flash.o
FLASH_WaitForLastOperation                        build/stm32f1xx_hal_flash.o
                                                  build/stm32f1xx_hal_flash_ex.o
HAL_ADCEx_Calibration_Start                       build/stm32f1xx_hal_adc_ex.o
HAL_ADCEx_InjectedConfigChannel                   build/stm32f1xx_hal_adc_ex.o
HAL_ADCEx_InjectedConvCpltCallback                build/stm32f1xx_hal_adc_ex.o
                                                  build/stm32f1xx_hal_adc.o
HAL_ADCEx_InjectedGetValue                        build/stm32f1xx_hal_adc_ex.o
HAL_ADCEx_InjectedPollForConversion               build/stm32f1xx_hal_adc_ex.o
HAL_ADCEx_InjectedStart                           build/stm32f1xx_hal_adc_ex.o
HAL_ADCEx_InjectedStart_IT                        build/stm32f1xx_hal_adc_ex.o
HAL_ADCEx_InjectedStop                            build/stm32f1xx_hal_adc_ex.o
HAL_ADCEx_InjectedStop_IT                         build/stm32f1xx_hal_adc_ex.o
HAL_ADCEx_MultiModeConfigChannel                  build/stm32f1xx_hal_adc_ex.o
HAL_ADCEx_MultiModeGetValue                       build/stm32f1xx_hal_adc_ex.o
HAL_ADCEx_MultiModeStart_DMA                      build/stm32f1xx_hal_adc_ex.o
HAL_ADCEx_MultiModeStop_DMA                       build/stm32f1xx_hal_adc_ex.o
HAL_ADC_AnalogWDGConfig                           build/stm32f1xx_hal_adc.o
HAL_ADC_ConfigChannel                             build/stm32f1xx_hal_adc.o
                                                  build/main.o
HAL_ADC_ConvCpltCallback                          build/stm32f1xx_hal_adc.o
HAL_ADC_ConvHalfCpltCallback                      build/stm32f1xx_hal_adc.o
HAL_ADC_DeInit                                    build/stm32f1xx_hal_adc.o
HAL_ADC_ErrorCallback                             build/stm32f1xx_hal_adc.o
HAL_ADC_GetError                                  build/stm32f1xx_hal_adc.o
HAL_ADC_GetState                                  build/stm32f1xx_hal_adc.o
HAL_ADC_GetValue                                  build/stm32f1xx_hal_adc.o
HAL_ADC_IRQHandler                                build/stm32f1xx_hal_adc.o
HAL_ADC_Init                                      build/stm32f1xx_hal_adc.o
                                                  build/main.o
HAL_ADC_LevelOutOfWindowCallback                  build/stm32f1xx_hal_adc.o
HAL_ADC_MspDeInit                                 build/stm32f1xx_hal_msp.o
HAL_ADC_MspInit                                   build/stm32f1xx_hal_msp.o
HAL_ADC_PollForConversion                         build/stm32f1xx_hal_adc.o
HAL_ADC_PollForEvent                              build/stm32f1xx_hal_adc.o
HAL_ADC_Start                                     build/stm32f1xx_hal_adc.o
HAL_ADC_Start_DMA                                 build/stm32f1xx_hal_adc.o
HAL_ADC_Start_IT                                  build/stm32f1xx_hal_adc.o
HAL_ADC_Stop                                      build/stm32f1xx_hal_adc.o
HAL_ADC_Stop_DMA                                  build/stm32f1xx_hal_adc.o
HAL_ADC_Stop_IT                                   build/stm32f1xx_hal_adc.o
HAL_CAN_AbortTxRequest                            build/stm32f1xx_hal_can.o
HAL_CAN_ActivateNotification                      build/stm32f1xx_hal_can.o
HAL_CAN_AddTxMessage                              build/stm32f1xx_hal_can.o
                                                  build/main.o
HAL_CAN_ConfigFilter                              build/stm32f1xx_hal_can.o
HAL_CAN_DeInit                                    build/stm32f1xx_hal_can.o
HAL_CAN_DeactivateNotification                    build/stm32f1xx_hal_can.o
HAL_CAN_ErrorCallback                             build/stm32f1xx_hal_can.o
HAL_CAN_GetError                                  build/stm32f1xx_hal_can.o
HAL_CAN_GetRxFifoFillLevel                        build/stm32f1xx_hal_can.o
HAL_CAN_GetRxMessage                              build/stm32f1xx_hal_can.o
HAL_CAN_GetState                                  build/stm32f1xx_hal_can.o
HAL_CAN_GetTxMailboxesFreeLevel                   build/stm32f1xx_hal_can.o
HAL_CAN_GetTxTimestamp                            build/stm32f1xx_hal_can.o
HAL_CAN_IRQHandler                                build/stm32f1xx_hal_can.o
                                                  build/stm32f1xx_it.o
HAL_CAN_Init                                      build/stm32f1xx_hal_can.o
                                                  build/main.o
HAL_CAN_IsSleepActive                             build/stm32f1xx_hal_can.o
HAL_CAN_IsTxMessagePending                        build/stm32f1xx_hal_can.o
HAL_CAN_MspDeInit                                 build/stm32f1xx_hal_msp.o
HAL_CAN_MspInit                                   build/stm32f1xx_hal_msp.o
HAL_CAN_RequestSleep                              build/stm32f1xx_hal_can.o
HAL_CAN_ResetError                                build/stm32f1xx_hal_can.o
HAL_CAN_RxFifo0FullCallback                       build/stm32f1xx_hal_can.o
HAL_CAN_RxFifo0MsgPendingCallback                 build/stm32f1xx_hal_can.o
HAL_CAN_RxFifo1FullCallback                       build/stm32f1xx_hal_can.o
HAL_CAN_RxFifo1MsgPendingCallback                 build/stm32f1xx_hal_can.o
HAL_CAN_SleepCallback                             build/stm32f1xx_hal_can.o
HAL_CAN_Start                                     build/stm32f1xx_hal_can.o
                                                  build/main.o
HAL_CAN_Stop                                      build/stm32f1xx_hal_can.o
HAL_CAN_TxMailbox0AbortCallback                   build/stm32f1xx_hal_can.o
HAL_CAN_TxMailbox0CompleteCallback                build/stm32f1xx_hal_can.o
HAL_CAN_TxMailbox1AbortCallback                   build/stm32f1xx_hal_can.o
HAL_CAN_TxMailbox1CompleteCallback                build/stm32f1xx_hal_can.o
HAL_CAN_TxMailbox2AbortCallback                   build/stm32f1xx_hal_can.o
HAL_CAN_TxMailbox2CompleteCallback                build/stm32f1xx_hal_can.o
HAL_CAN_WakeUp                                    build/stm32f1xx_hal_can.o
HAL_CAN_WakeUpFromRxMsgCallback                   build/stm32f1xx_hal_can.o
HAL_DBGMCU_DisableDBGSleepMode                    build/stm32f1xx_hal.o
HAL_DBGMCU_DisableDBGStandbyMode                  build/stm32f1xx_hal.o
HAL_DBGMCU_DisableDBGStopMode                     build/stm32f1xx_hal.o
HAL_DBGMCU_EnableDBGSleepMode                     build/stm32f1xx_hal.o
HAL_DBGMCU_EnableDBGStandbyMode                   build/stm32f1xx_hal.o
HAL_DBGMCU_EnableDBGStopMode                      build/stm32f1xx_hal.o
HAL_DMA_Abort                                     build/stm32f1xx_hal_dma.o
                                                  build/stm32f1xx_hal_tim.o
                                                  build/stm32f1xx_hal_spi.o
                                                  build/stm32f1xx_hal_adc_ex.o
                                                  build/stm32f1xx_hal_adc.o
HAL_DMA_Abort_IT                                  build/stm32f1xx_hal_dma.o
                                                  build/stm32f1xx_hal_spi.o
HAL_DMA_DeInit                                    build/stm32f1xx_hal_dma.o
HAL_DMA_GetError                                  build/stm32f1xx_hal_dma.o
HAL_DMA_GetState                                  build/stm32f1xx_hal_dma.o
HAL_DMA_IRQHandler                                build/stm32f1xx_hal_dma.o
HAL_DMA_Init                                      build/stm32f1xx_hal_dma.o
HAL_DMA_PollForTransfer                           build/stm32f1xx_hal_dma.o
HAL_DMA_RegisterCallback                          build/stm32f1xx_hal_dma.o
HAL_DMA_Start                                     build/stm32f1xx_hal_dma.o
HAL_DMA_Start_IT                                  build/stm32f1xx_hal_dma.o
                                                  build/stm32f1xx_hal_tim_ex.o
                                                  build/stm32f1xx_hal_tim.o
                                                  build/stm32f1xx_hal_spi.o
                                                  build/stm32f1xx_hal_adc_ex.o
                                                  build/stm32f1xx_hal_adc.o
HAL_DMA_UnRegisterCallback                        build/stm32f1xx_hal_dma.o
HAL_DeInit                                        build/stm32f1xx_hal.o
HAL_Delay                                         build/stm32f1xx_hal.o
                                                  build/SPI.o
                                                  build/LTC6811.o
                                                  build/main.o
HAL_FLASHEx_Erase                                 build/stm32f1xx_hal_flash_ex.o
HAL_FLASHEx_Erase_IT                              build/stm32f1xx_hal_flash_ex.o
HAL_FLASHEx_OBErase                               build/stm32f1xx_hal_flash_ex.o
HAL_FLASHEx_OBGetConfig                           build/stm32f1xx_hal_flash_ex.o
HAL_FLASHEx_OBGetUserData                         build/stm32f1xx_hal_flash_ex.o
HAL_FLASHEx_OBProgram                             build/stm32f1xx_hal_flash_ex.o
HAL_FLASH_EndOfOperationCallback                  build/stm32f1xx_hal_flash.o
HAL_FLASH_GetError                                build/stm32f1xx_hal_flash.o
HAL_FLASH_IRQHandler                              build/stm32f1xx_hal_flash.o
HAL_FLASH_Lock                                    build/stm32f1xx_hal_flash.o
HAL_FLASH_OB_Launch                               build/stm32f1xx_hal_flash.o
HAL_FLASH_OB_Lock                                 build/stm32f1xx_hal_flash.o
HAL_FLASH_OB_Unlock                               build/stm32f1xx_hal_flash.o
HAL_FLASH_OperationErrorCallback                  build/stm32f1xx_hal_flash.o
HAL_FLASH_Program                                 build/stm32f1xx_hal_flash.o
HAL_FLASH_Program_IT                              build/stm32f1xx_hal_flash.o
HAL_FLASH_Unlock                                  build/stm32f1xx_hal_flash.o
HAL_GPIOEx_ConfigEventout                         build/stm32f1xx_hal_gpio_ex.o
HAL_GPIOEx_DisableEventout                        build/stm32f1xx_hal_gpio_ex.o
HAL_GPIOEx_EnableEventout                         build/stm32f1xx_hal_gpio_ex.o
HAL_GPIO_DeInit                                   build/stm32f1xx_hal_gpio.o
                                                  build/stm32f1xx_hal_msp.o
HAL_GPIO_EXTI_Callback                            build/stm32f1xx_hal_gpio.o
HAL_GPIO_EXTI_IRQHandler                          build/stm32f1xx_hal_gpio.o
HAL_GPIO_Init                                     build/stm32f1xx_hal_gpio.o
                                                  build/stm32f1xx_hal_rcc.o
                                                  build/stm32f1xx_hal_msp.o
                                                  build/main.o
HAL_GPIO_LockPin                                  build/stm32f1xx_hal_gpio.o
HAL_GPIO_ReadPin                                  build/stm32f1xx_hal_gpio.o
HAL_GPIO_TogglePin                                build/stm32f1xx_hal_gpio.o
                                                  build/main.o
HAL_GPIO_WritePin                                 build/stm32f1xx_hal_gpio.o
                                                  build/SPI.o
                                                  build/main.o
HAL_GetDEVID                                      build/stm32f1xx_hal.o
HAL_GetHalVersion                                 build/stm32f1xx_hal.o
HAL_GetREVID                                      build/stm32f1xx_hal.o
HAL_GetTick                                       build/stm32f1xx_hal.o
                                                  build/stm32f1xx_hal_flash.o
                                                  build/stm32f1xx_hal_dma.o
                                                  build/stm32f1xx_hal_rcc_ex.o
                                                  build/stm32f1xx_hal_rcc.o
                                                  build/stm32f1xx_hal_spi.o
                                                  build/stm32f1xx_hal_can.o
                                                  build/stm32f1xx_hal_adc_ex.o
                                                  build/stm32f1xx_hal_adc.o
HAL_GetTickFreq                                   build/stm32f1xx_hal.o
HAL_GetTickPrio                                   build/stm32f1xx_hal.o
HAL_GetUID                                        build/stm32f1xx_hal.o
HAL_IncTick                                       build/stm32f1xx_hal.o
                                                  build/stm32f1xx_it.o
HAL_Init                                          build/stm32f1xx_hal.o
                                                  build/main.o
HAL_InitTick                                      build/stm32f1xx_hal.o
                                                  build/stm32f1xx_hal_rcc.o
HAL_MspDeInit                                     build/stm32f1xx_hal.o
HAL_MspInit                                       build/stm32f1xx_hal_msp.o
HAL_NVIC_ClearPendingIRQ                          build/stm32f1xx_hal_cortex.o
HAL_NVIC_DisableIRQ                               build/stm32f1xx_hal_cortex.o
                                                  build/stm32f1xx_hal_msp.o
HAL_NVIC_EnableIRQ                                build/stm32f1xx_hal_cortex.o
                                                  build/stm32f1xx_hal_msp.o
HAL_NVIC_GetActive                                build/stm32f1xx_hal_cortex.o
HAL_NVIC_GetPendingIRQ                            build/stm32f1xx_hal_cortex.o
HAL_NVIC_GetPriority                              build/stm32f1xx_hal_cortex.o
HAL_NVIC_GetPriorityGrouping                      build/stm32f1xx_hal_cortex.o
HAL_NVIC_SetPendingIRQ                            build/stm32f1xx_hal_cortex.o
HAL_NVIC_SetPriority                              build/stm32f1xx_hal_cortex.o
                                                  build/stm32f1xx_hal.o
                                                  build/stm32f1xx_hal_msp.o
HAL_NVIC_SetPriorityGrouping                      build/stm32f1xx_hal_cortex.o
                                                  build/stm32f1xx_hal.o
HAL_NVIC_SystemReset                              build/stm32f1xx_hal_cortex.o
                                                  build/stm32f1xx_hal_flash.o
HAL_PWR_ConfigPVD                                 build/stm32f1xx_hal_pwr.o
HAL_PWR_DeInit                                    build/stm32f1xx_hal_pwr.o
HAL_PWR_DisableBkUpAccess                         build/stm32f1xx_hal_pwr.o
HAL_PWR_DisablePVD                                build/stm32f1xx_hal_pwr.o
HAL_PWR_DisableSEVOnPend                          build/stm32f1xx_hal_pwr.o
HAL_PWR_DisableSleepOnExit                        build/stm32f1xx_hal_pwr.o
HAL_PWR_DisableWakeUpPin                          build/stm32f1xx_hal_pwr.o
HAL_PWR_EnableBkUpAccess                          build/stm32f1xx_hal_pwr.o
HAL_PWR_EnablePVD                                 build/stm32f1xx_hal_pwr.o
HAL_PWR_EnableSEVOnPend                           build/stm32f1xx_hal_pwr.o
HAL_PWR_EnableSleepOnExit                         build/stm32f1xx_hal_pwr.o
HAL_PWR_EnableWakeUpPin                           build/stm32f1xx_hal_pwr.o
HAL_PWR_EnterSLEEPMode                            build/stm32f1xx_hal_pwr.o
HAL_PWR_EnterSTANDBYMode                          build/stm32f1xx_hal_pwr.o
HAL_PWR_EnterSTOPMode                             build/stm32f1xx_hal_pwr.o
HAL_PWR_PVDCallback                               build/stm32f1xx_hal_pwr.o
HAL_PWR_PVD_IRQHandler                            build/stm32f1xx_hal_pwr.o
HAL_RCCEx_GetPeriphCLKConfig                      build/stm32f1xx_hal_rcc_ex.o
HAL_RCCEx_GetPeriphCLKFreq                        build/stm32f1xx_hal_rcc_ex.o
                                                  build/stm32f1xx_hal_adc_ex.o
                                                  build/stm32f1xx_hal_adc.o
HAL_RCCEx_PeriphCLKConfig                         build/stm32f1xx_hal_rcc_ex.o
                                                  build/main.o
HAL_RCC_CSSCallback                               build/stm32f1xx_hal_rcc.o
HAL_RCC_ClockConfig                               build/stm32f1xx_hal_rcc.o
                                                  build/main.o
HAL_RCC_DeInit                                    build/stm32f1xx_hal_rcc.o
HAL_RCC_DisableCSS                                build/stm32f1xx_hal_rcc.o
HAL_RCC_EnableCSS                                 build/stm32f1xx_hal_rcc.o
HAL_RCC_GetClockConfig                            build/stm32f1xx_hal_rcc.o
HAL_RCC_GetHCLKFreq                               build/stm32f1xx_hal_rcc.o
HAL_RCC_GetOscConfig                              build/stm32f1xx_hal_rcc.o
HAL_RCC_GetPCLK1Freq                              build/stm32f1xx_hal_rcc.o
HAL_RCC_GetPCLK2Freq                              build/stm32f1xx_hal_rcc.o
                                                  build/stm32f1xx_hal_rcc_ex.o
HAL_RCC_GetSysClockFreq                           build/stm32f1xx_hal_rcc.o
HAL_RCC_MCOConfig                                 build/stm32f1xx_hal_rcc.o
HAL_RCC_NMI_IRQHandler                            build/stm32f1xx_hal_rcc.o
HAL_RCC_OscConfig                                 build/stm32f1xx_hal_rcc.o
                                                  build/main.o
HAL_ResumeTick                                    build/stm32f1xx_hal.o
HAL_SPI_Abort                                     build/stm32f1xx_hal_spi.o
HAL_SPI_AbortCpltCallback                         build/stm32f1xx_hal_spi.o
HAL_SPI_Abort_IT                                  build/stm32f1xx_hal_spi.o
HAL_SPI_DMAPause                                  build/stm32f1xx_hal_spi.o
HAL_SPI_DMAResume                                 build/stm32f1xx_hal_spi.o
HAL_SPI_DMAStop                                   build/stm32f1xx_hal_spi.o
HAL_SPI_DeInit                                    build/stm32f1xx_hal_spi.o
HAL_SPI_ErrorCallback                             build/stm32f1xx_hal_spi.o
HAL_SPI_GetError                                  build/stm32f1xx_hal_spi.o
HAL_SPI_GetState                                  build/stm32f1xx_hal_spi.o
HAL_SPI_IRQHandler                                build/stm32f1xx_hal_spi.o
HAL_SPI_Init                                      build/stm32f1xx_hal_spi_ex.o
                                                  build/stm32f1xx_hal_spi.o
                                                  build/SPI.o
HAL_SPI_MspDeInit                                 build/stm32f1xx_hal_msp.o
HAL_SPI_MspInit                                   build/stm32f1xx_hal_msp.o
                                                  build/stm32f1xx_hal_spi_ex.o
HAL_SPI_Receive                                   build/stm32f1xx_hal_spi.o
HAL_SPI_Receive_DMA                               build/stm32f1xx_hal_spi.o
HAL_SPI_Receive_IT                                build/stm32f1xx_hal_spi.o
HAL_SPI_RxCpltCallback                            build/stm32f1xx_hal_spi.o
HAL_SPI_RxHalfCpltCallback                        build/stm32f1xx_hal_spi.o
HAL_SPI_Transmit                                  build/stm32f1xx_hal_spi.o
HAL_SPI_TransmitReceive                           build/stm32f1xx_hal_spi.o
                                                  build/SPI.o
HAL_SPI_TransmitReceive_DMA                       build/stm32f1xx_hal_spi.o
HAL_SPI_TransmitReceive_IT                        build/stm32f1xx_hal_spi.o
HAL_SPI_Transmit_DMA                              build/stm32f1xx_hal_spi.o
HAL_SPI_Transmit_IT                               build/stm32f1xx_hal_spi.o
HAL_SPI_TxCpltCallback                            build/stm32f1xx_hal_spi.o
HAL_SPI_TxHalfCpltCallback                        build/stm32f1xx_hal_spi.o
HAL_SPI_TxRxCpltCallback                          build/stm32f1xx_hal_spi.o
HAL_SPI_TxRxHalfCpltCallback                      build/stm32f1xx_hal_spi.o
HAL_SYSTICK_CLKSourceConfig                       build/stm32f1xx_hal_cortex.o
HAL_SYSTICK_Callback                              build/stm32f1xx_hal_cortex.o
HAL_SYSTICK_Config                                build/stm32f1xx_hal_cortex.o
                                                  build/stm32f1xx_hal.o
HAL_SYSTICK_IRQHandler                            build/stm32f1xx_hal_cortex.o
HAL_SetTickFreq                                   build/stm32f1xx_hal.o
HAL_SuspendTick                                   build/stm32f1xx_hal.o
HAL_TIMEx_BreakCallback                           build/stm32f1xx_hal_tim_ex.o
                                                  build/stm32f1xx_hal_tim.o
HAL_TIMEx_CommutationCallback                     build/stm32f1xx_hal_tim_ex.o
                                                  build/stm32f1xx_hal_tim.o
HAL_TIMEx_ConfigBreakDeadTime                     build/stm32f1xx_hal_tim_ex.o
HAL_TIMEx_ConfigCommutationEvent                  build/stm32f1xx_hal_tim_ex.o
HAL_TIMEx_ConfigCommutationEvent_DMA              build/stm32f1xx_hal_tim_ex.o
HAL_TIMEx_ConfigCommutationEvent_IT               build/stm32f1xx_hal_tim_ex.o
HAL_TIMEx_HallSensor_DeInit                       build/stm32f1xx_hal_tim_ex.o
HAL_TIMEx_HallSensor_GetState                     build/stm32f1xx_hal_tim_ex.o
HAL_TIMEx_HallSensor_Init                         build/stm32f1xx_hal_tim_ex.o
HAL_TIMEx_HallSensor_MspDeInit                    build/stm32f1xx_hal_tim_ex.o
HAL_TIMEx_HallSensor_MspInit                      build/stm32f1xx_hal_tim_ex.o
HAL_TIMEx_HallSensor_Start                        build/stm32f1xx_hal_tim_ex.o
HAL_TIMEx_HallSensor_Start_DMA                    build/stm32f1xx_hal_tim_ex.o
HAL_TIMEx_HallSensor_Start_IT                     build/stm32f1xx_hal_tim_ex.o
HAL_TIMEx_HallSensor_Stop                         build/stm32f1xx_hal_tim_ex.o
HAL_TIMEx_HallSensor_Stop_DMA                     build/stm32f1xx_hal_tim_ex.o
HAL_TIMEx_HallSensor_Stop_IT                      build/stm32f1xx_hal_tim_ex.o
HAL_TIMEx_MasterConfigSynchronization             build/stm32f1xx_hal_tim_ex.o
                                                  build/main.o
HAL_TIMEx_OCN_Start                               build/stm32f1xx_hal_tim_ex.o
HAL_TIMEx_OCN_Start_DMA                           build/stm32f1xx_hal_tim_ex.o
HAL_TIMEx_OCN_Start_IT                            build/stm32f1xx_hal_tim_ex.o
HAL_TIMEx_OCN_Stop                                build/stm32f1xx_hal_tim_ex.o
HAL_TIMEx_OCN_Stop_DMA                            build/stm32f1xx_hal_tim_ex.o
HAL_TIMEx_OCN_Stop_IT                             build/stm32f1xx_hal_tim_ex.o
HAL_TIMEx_OnePulseN_Start                         build/stm32f1xx_hal_tim_ex.o
HAL_TIMEx_OnePulseN_Start_IT                      build/stm32f1xx_hal_tim_ex.o
HAL_TIMEx_OnePulseN_Stop                          build/stm32f1xx_hal_tim_ex.o
HAL_TIMEx_OnePulseN_Stop_IT                       build/stm32f1xx_hal_tim_ex.o
HAL_TIMEx_PWMN_Start                              build/stm32f1xx_hal_tim_ex.o
HAL_TIMEx_PWMN_Start_DMA                          build/stm32f1xx_hal_tim_ex.o
HAL_TIMEx_PWMN_Start_IT                           build/stm32f1xx_hal_tim_ex.o
HAL_TIMEx_PWMN_Stop                               build/stm32f1xx_hal_tim_ex.o
HAL_TIMEx_PWMN_Stop_DMA                           build/stm32f1xx_hal_tim_ex.o
HAL_TIMEx_PWMN_Stop_IT                            build/stm32f1xx_hal_tim_ex.o
HAL_TIM_Base_DeInit                               build/stm32f1xx_hal_tim.o
HAL_TIM_Base_GetState                             build/stm32f1xx_hal_tim.o
HAL_TIM_Base_Init                                 build/stm32f1xx_hal_tim.o
                                                  build/main.o
HAL_TIM_Base_MspDeInit                            build/stm32f1xx_hal_msp.o
HAL_TIM_Base_MspInit                              build/stm32f1xx_hal_msp.o
HAL_TIM_Base_Start                                build/stm32f1xx_hal_tim.o
HAL_TIM_Base_Start_DMA                            build/stm32f1xx_hal_tim.o
HAL_TIM_Base_Start_IT                             build/stm32f1xx_hal_tim.o
HAL_TIM_Base_Stop                                 build/stm32f1xx_hal_tim.o
HAL_TIM_Base_Stop_DMA                             build/stm32f1xx_hal_tim.o
HAL_TIM_Base_Stop_IT                              build/stm32f1xx_hal_tim.o
HAL_TIM_ConfigClockSource                         build/stm32f1xx_hal_tim.o
                                                  build/main.o
HAL_TIM_ConfigOCrefClear                          build/stm32f1xx_hal_tim.o
HAL_TIM_ConfigTI1Input                            build/stm32f1xx_hal_tim.o
HAL_TIM_DMABurst_ReadStart                        build/stm32f1xx_hal_tim.o
HAL_TIM_DMABurst_ReadStop                         build/stm32f1xx_hal_tim.o
HAL_TIM_DMABurst_WriteStart                       build/stm32f1xx_hal_tim.o
HAL_TIM_DMABurst_WriteStop                        build/stm32f1xx_hal_tim.o
HAL_TIM_Encoder_DeInit                            build/stm32f1xx_hal_tim.o
HAL_TIM_Encoder_GetState                          build/stm32f1xx_hal_tim.o
HAL_TIM_Encoder_Init                              build/stm32f1xx_hal_tim.o
HAL_TIM_Encoder_MspDeInit                         build/stm32f1xx_hal_tim.o
HAL_TIM_Encoder_MspInit                           build/stm32f1xx_hal_tim.o
HAL_TIM_Encoder_Start                             build/stm32f1xx_hal_tim.o
HAL_TIM_Encoder_Start_DMA                         build/stm32f1xx_hal_tim.o
HAL_TIM_Encoder_Start_IT                          build/stm32f1xx_hal_tim.o
HAL_TIM_Encoder_Stop                              build/stm32f1xx_hal_tim.o
HAL_TIM_Encoder_Stop_DMA                          build/stm32f1xx_hal_tim.o
HAL_TIM_Encoder_Stop_IT                           build/stm32f1xx_hal_tim.o
HAL_TIM_ErrorCallback                             build/stm32f1xx_hal_tim.o
HAL_TIM_GenerateEvent                             build/stm32f1xx_hal_tim.o
HAL_TIM_IC_CaptureCallback                        build/stm32f1xx_hal_tim.o
HAL_TIM_IC_ConfigChannel                          build/stm32f1xx_hal_tim.o
HAL_TIM_IC_DeInit                                 build/stm32f1xx_hal_tim.o
HAL_TIM_IC_GetState                               build/stm32f1xx_hal_tim.o
HAL_TIM_IC_Init                                   build/stm32f1xx_hal_tim.o
HAL_TIM_IC_MspDeInit                              build/stm32f1xx_hal_tim.o
HAL_TIM_IC_MspInit                                build/stm32f1xx_hal_tim.o
HAL_TIM_IC_Start                                  build/stm32f1xx_hal_tim.o
HAL_TIM_IC_Start_DMA                              build/stm32f1xx_hal_tim.o
HAL_TIM_IC_Start_IT                               build/stm32f1xx_hal_tim.o
HAL_TIM_IC_Stop                                   build/stm32f1xx_hal_tim.o
HAL_TIM_IC_Stop_DMA                               build/stm32f1xx_hal_tim.o
HAL_TIM_IC_Stop_IT                                build/stm32f1xx_hal_tim.o
HAL_TIM_IRQHandler                                build/stm32f1xx_hal_tim.o
HAL_TIM_OC_ConfigChannel                          build/stm32f1xx_hal_tim.o
HAL_TIM_OC_DeInit                                 build/stm32f1xx_hal_tim.o
HAL_TIM_OC_DelayElapsedCallback                   build/stm32f1xx_hal_tim.o
HAL_TIM_OC_GetState                               build/stm32f1xx_hal_tim.o
HAL_TIM_OC_Init                                   build/stm32f1xx_hal_tim.o
HAL_TIM_OC_MspDeInit                              build/stm32f1xx_hal_tim.o
HAL_TIM_OC_MspInit                                build/stm32f1xx_hal_tim.o
HAL_TIM_OC_Start                                  build/stm32f1xx_hal_tim.o
HAL_TIM_OC_Start_DMA                              build/stm32f1xx_hal_tim.o
HAL_TIM_OC_Start_IT                               build/stm32f1xx_hal_tim.o
HAL_TIM_OC_Stop                                   build/stm32f1xx_hal_tim.o
HAL_TIM_OC_Stop_DMA                               build/stm32f1xx_hal_tim.o
HAL_TIM_OC_Stop_IT                                build/stm32f1xx_hal_tim.o
HAL_TIM_OnePulse_ConfigChannel                    build/stm32f1xx_hal_tim.o
HAL_TIM_OnePulse_DeInit                           build/stm32f1xx_hal_tim.o
HAL_TIM_OnePulse_GetState                         build/stm32f1xx_hal_tim.o
HAL_TIM_OnePulse_Init                             build/stm32f1xx_hal_tim.o
HAL_TIM_OnePulse_MspDeInit                        build/stm32f1xx_hal_tim.o
HAL_TIM_OnePulse_MspInit                          build/stm32f1xx_hal_tim.o
HAL_TIM_OnePulse_Start                            build/stm32f1xx_hal_tim.o
HAL_TIM_OnePulse_Start_IT                         build/stm32f1xx_hal_tim.o
HAL_TIM_OnePulse_Stop                             build/stm32f1xx_hal_tim.o
HAL_TIM_OnePulse_Stop_IT                          build/stm32f1xx_hal_tim.o
HAL_TIM_PWM_ConfigChannel                         build/stm32f1xx_hal_tim.o
HAL_TIM_PWM_DeInit                                build/stm32f1xx_hal_tim.o
HAL_TIM_PWM_GetState                              build/stm32f1xx_hal_tim.o
HAL_TIM_PWM_Init                                  build/stm32f1xx_hal_tim.o
HAL_TIM_PWM_MspDeInit                             build/stm32f1xx_hal_tim.o
HAL_TIM_PWM_MspInit                               build/stm32f1xx_hal_tim.o
HAL_TIM_PWM_PulseFinishedCallback                 build/stm32f1xx_hal_tim.o
HAL_TIM_PWM_Start                                 build/stm32f1xx_hal_tim.o
HAL_TIM_PWM_Start_DMA                             build/stm32f1xx_hal_tim.o
HAL_TIM_PWM_Start_IT                              build/stm32f1xx_hal_tim.o
HAL_TIM_PWM_Stop                                  build/stm32f1xx_hal_tim.o
HAL_TIM_PWM_Stop_DMA                              build/stm32f1xx_hal_tim.o
HAL_TIM_PWM_Stop_IT                               build/stm32f1xx_hal_tim.o
HAL_TIM_PeriodElapsedCallback                     build/stm32f1xx_hal_tim.o
HAL_TIM_ReadCapturedValue                         build/stm32f1xx_hal_tim.o
HAL_TIM_SlaveConfigSynchronization                build/stm32f1xx_hal_tim.o
HAL_TIM_SlaveConfigSynchronization_IT             build/stm32f1xx_hal_tim.o
HAL_TIM_TriggerCallback                           build/stm32f1xx_hal_tim.o
HardFault_Handler                                 build/stm32f1xx_it.o
I2C1_ER_IRQHandler                                build/startup_stm32f103xb.o
I2C1_EV_IRQHandler                                build/startup_stm32f103xb.o
I2C2_ER_IRQHandler                                build/startup_stm32f103xb.o
I2C2_EV_IRQHandler                                build/startup_stm32f103xb.o
MemManage_Handler                                 build/stm32f1xx_it.o
NMI_Handler                                       build/stm32f1xx_it.o
PVD_IRQHandler                                    build/startup_stm32f103xb.o
PendSV_Handler                                    build/stm32f1xx_it.o
RCC_IRQHandler                                    build/startup_stm32f103xb.o
RTC_Alarm_IRQHandler                              build/startup_stm32f103xb.o
RTC_IRQHandler                                    build/startup_stm32f103xb.o
Reset_Handler                                     build/startup_stm32f103xb.o
RxData                                            build/main.o
RxHeader                                          build/main.o
SPI1_IRQHandler                                   build/startup_stm32f103xb.o
SPI2_IRQHandler                                   build/startup_stm32f103xb.o
SPIHandle                                         build/SPI.o
SPIWrite                                          build/SPI.o
                                                  build/LTC6811.o
SPIWriteRead                                      build/SPI.o
                                                  build/LTC6811.o
SPI_ISCRCErrorValid                               build/stm32f1xx_hal_spi.o
SPI_Init                                          build/SPI.o
                                                  build/main.o
SVC_Handler                                       build/stm32f1xx_it.o
SysTick_Handler                                   build/stm32f1xx_it.o
SystemClock_Config                                build/main.o
SystemCoreClock                                   build/system_stm32f1xx.o
                                                  build/stm32f1xx_hal_rcc.o
                                                  build/stm32f1xx_hal.o
                                                  build/stm32f1xx_hal_spi.o
                                                  build/stm32f1xx_hal_adc_ex.o
                                                  build/stm32f1xx_hal_adc.o
SystemCoreClockUpdate                             build/system_stm32f1xx.o
SystemInit                                        build/system_stm32f1xx.o
                                                  build/startup_stm32f103xb.o
TAMPER_IRQHandler                                 build/startup_stm32f103xb.o
TIM1_BRK_IRQHandler                               build/startup_stm32f103xb.o
TIM1_CC_IRQHandler                                build/startup_stm32f103xb.o
TIM1_TRG_COM_IRQHandler                           build/startup_stm32f103xb.o
TIM1_UP_IRQHandler                                build/startup_stm32f103xb.o
TIM2_IRQHandler                                   build/startup_stm32f103xb.o
TIM3_IRQHandler                                   build/startup_stm32f103xb.o
TIM4_IRQHandler                                   build/startup_stm32f103xb.o
TIMEx_DMACommutationCplt                          build/stm32f1xx_hal_tim_ex.o
                                                  build/stm32f1xx_hal_tim.o
TIM_Base_SetConfig                                build/stm32f1xx_hal_tim.o
                                                  build/stm32f1xx_hal_tim_ex.o
TIM_CCxChannelCmd                                 build/stm32f1xx_hal_tim.o
                                                  build/stm32f1xx_hal_tim_ex.o
TIM_DMACaptureCplt                                build/stm32f1xx_hal_tim.o
                                                  build/stm32f1xx_hal_tim_ex.o
TIM_DMADelayPulseCplt                             build/stm32f1xx_hal_tim.o
                                                  build/stm32f1xx_hal_tim_ex.o
TIM_DMAError                                      build/stm32f1xx_hal_tim.o
                                                  build/stm32f1xx_hal_tim_ex.o
TIM_OC2_SetConfig                                 build/stm32f1xx_hal_tim.o
                                                  build/stm32f1xx_hal_tim_ex.o