Archive member included to satisfy reference by file (symbol)

c:/arm-gcc/8-2018-q4-major/bin/../lib/gcc/arm-none-eabi/8.2.1/../../../../arm-none-eabi/lib/thumb/v7-m/nofp\libc_nano.a(lib_a-exit.o)
                              c:/arm-gcc/8-2018-q4-major/bin/../lib/gcc/arm-none-eabi/8.2.1/../../../../arm-none-eabi/lib/thumb/v7-m/nofp/crt0.o (exit)
c:/arm-gcc/8-2018-q4-major/bin/../lib/gcc/arm-none-eabi/8.2.1/../../../../arm-none-eabi/lib/thumb/v7-m/nofp\libc_nano.a(lib_a-impure.o)
                              c:/arm-gcc/8-2018-q4-major/bin/../lib/gcc/arm-none-eabi/8.2.1/../../../../arm-none-eabi/lib/thumb/v7-m/nofp\libc_nano.a(lib_a-exit.o) (_global_impure_ptr)
c:/arm-gcc/8-2018-q4-major/bin/../lib/gcc/arm-none-eabi/8.2.1/../../../../arm-none-eabi/lib/thumb/v7-m/nofp\libc_nano.a(lib_a-init.o)
                              c:/arm-gcc/8-2018-q4-major/bin/../lib/gcc/arm-none-eabi/8.2.1/../../../../arm-none-eabi/lib/thumb/v7-m/nofp/crt0.o (__libc_init_array)
c:/arm-gcc/8-2018-q4-major/bin/../lib/gcc/arm-none-eabi/8.2.1/../../../../arm-none-eabi/lib/thumb/v7-m/nofp\libc_nano.a(lib_a-malloc.o)
                              build/LTC6811.o (malloc)
c:/arm-gcc/8-2018-q4-major/bin/../lib/gcc/arm-none-eabi/8.2.1/../../../../arm-none-eabi/lib/thumb/v7-m/nofp\libc_nano.a(lib_a-memcpy-stub.o)
                              build/main.o (memcpy)
c:/arm-gcc/8-2018-q4-major/bin/../lib/gcc/arm-none-eabi/8.2.1/../../../../arm-none-eabi/lib/thumb/v7-m/nofp\libc_nano.a(lib_a-memset.o)
                              c:/arm-gcc/8-2018-q4-major/bin/../lib/gcc/arm-none-eabi/8.2.1/../../../../arm-none-eabi/lib/thumb/v7-m/nofp/crt0.o (memset)
c:/arm-gcc/8-2018-q4-major/bin/../lib/gcc/arm-none-eabi/8.2.1/../../../../arm-none-eabi/lib/thumb/v7-m/nofp\libc_nano.a(lib_a-nano-freer.o)
                              c:/arm-gcc/8-2018-q4-major/bin/../lib/gcc/arm-none-eabi/8.2.1/../../../../arm-none-eabi/lib/thumb/v7-m/nofp\libc_nano.a(lib_a-malloc.o) (_free_r)
c:/arm-gcc/8-2018-q4-major/bin/../lib/gcc/arm-none-eabi/8.2.1/../../../../arm-none-eabi/lib/thumb/v7-m/nofp\libc_nano.a(lib_a-nano-mallocr.o)
                              c:/arm-gcc/8-2018-q4-major/bin/../lib/gcc/arm-none-eabi/8.2.1/../../../../arm-none-eabi/lib/thumb/v7-m/nofp\libc_nano.a(lib_a-malloc.o) (_malloc_r)
c:/arm-gcc/8-2018-q4-major/bin/../lib/gcc/arm-none-eabi/8.2.1/../../../../arm-none-eabi/lib/thumb/v7-m/nofp\libc_nano.a(lib_a-sbrkr.o)
                              c:/arm-gcc/8-2018-q4-major/bin/../lib/gcc/arm-none-eabi/8.2.1/../../../../arm-none-eabi/lib/thumb/v7-m/nofp\libc_nano.a(lib_a-nano-mallocr.o) (_sbrk_r)
c:/arm-gcc/8-2018-q4-major/bin/../lib/gcc/arm-none-eabi/8.2.1/../../../../arm-none-eabi/lib/thumb/v7-m/nofp\libc_nano.a(lib_a-mlock.o)
                              c:/arm-gcc/8-2018-q4-major/bin/../lib/gcc/arm-none-eabi/8.2.1/../../../../arm-none-eabi/lib/thumb/v7-m/nofp\libc_nano.a(lib_a-nano-freer.o) (__malloc_lock)
c:/arm-gcc/8-2018-q4-major/bin/../lib/gcc/arm-none-eabi/8.2.1/../../../../arm-none-eabi/lib/thumb/v7-m/nofp\libc_nano.a(lib_a-reent.o)
                              c:/arm-gcc/8-2018-q4-major/bin/../lib/gcc/arm-none-eabi/8.2.1/../../../../arm-none-eabi/lib/thumb/v7-m/nofp\libc_nano.a(lib_a-sbrkr.o) (errno)
c:/arm-gcc/8-2018-q4-major/bin/../lib/gcc/arm-none-eabi/8.2.1/../../../../arm-none-eabi/lib/thumb/v7-m/nofp\libc_nano.a(lib_a-lock.o)
                              c:/arm-gcc/8-2018-q4-major/bin/../lib/gcc/arm-none-eabi/8.2.1/../../../../arm-none-eabi/lib/thumb/v7-m/nofp\libc_nano.a(lib_a-mlock.o) (__retarget_lock_acquire_recursive)
c:/arm-gcc/8-2018-q4-major/bin/../lib/gcc/arm-none-eabi/8.2.1/../../../../arm-none-eabi/lib/thumb/v7-m/nofp\libm.a(lib_a-w_pow.o)
                              build/LTC6811.o (pow)
c:/arm-gcc/8-2018-q4-major/bin/../lib/gcc/arm-none-eabi/8.2.1/../../../../arm-none-eabi/lib/thumb/v7-m/nofp\libm.a(lib_a-e_pow.o)
                              c:/arm-gcc/8-2018-q4-major/bin/../lib/gcc/arm-none-eabi/8.2.1/../../../../arm-none-eabi/lib/thumb/v7-m/nofp\libm.a(lib_a-w_pow.o) (__ieee754_pow)
c:/arm-gcc/8-2018-q4-major/bin/../lib/gcc/arm-none-eabi/8.2.1/../../../../arm-none-eabi/lib/thumb/v7-m/nofp\libm.a(lib_a-e_sqrt.o)
                              c:/arm-gcc/8-2018-q4-major/bin/../lib/gcc/arm-none-eabi/8.2.1/../../../../arm-none-eabi/lib/thumb/v7-m/nofp\libm.a(lib_a-e_pow.o) (__ieee754_sqrt)
c:/arm-gcc/8-2018-q4-major/bin/../lib/gcc/arm-none-eabi/8.2.1/../../../../arm-none-eabi/lib/thumb/v7-m/nofp\libm.a(lib_a-s_fabs.o)
                              c:/arm-gcc/8-2018-q4-major/bin/../lib/gcc/arm-none-eabi/8.2.1/../../../../arm-none-eabi/lib/thumb/v7-m/nofp\libm.a(lib_a-e_pow.o) (fabs)
c:/arm-gcc/8-2018-q4-major/bin/../lib/gcc/arm-none-eabi/8.2.1/../../../../arm-none-eabi/lib/thumb/v7-m/nofp\libm.a(lib_a-s_finite.o)
                              c:/arm-gcc/8-2018-q4-major/bin/../lib/gcc/arm-none-eabi/8.2.1/../../../../arm-none-eabi/lib/thumb/v7-m/nofp\libm.a(lib_a-w_pow.o) (finite)
[...]
Memory Configuration

Name             Origin             Length             Attributes
RAM              0x20000000         0x00005000         xrw
FLASH            0x08000000         0x00010000         xr
*default*        0x00000000         0xffffffff

Linker script and memory map

LOAD c:/arm-gcc/8-2018-q4-major/bin/../lib/gcc/arm-none-eabi/8.2.1/thumb/v7-m/nofp/crti.o
LOAD c:/arm-gcc/8-2018-q4-major/bin/../lib/gcc/arm-none-eabi/8.2.1/thumb/v7-m/nofp/crtbegin.o
LOAD c:/arm-gcc/8-2018-q4-major/bin/../lib/gcc/arm-none-eabi/8.2.1/../../../../arm-none-eabi/lib/thumb/v7-m/nofp/crt0.o
LOAD build/main.o
LOAD build/stm32f1xx_it.o
LOAD build/stm32f1xx_hal_msp.o
LOAD build/stm32f1xx_hal_gpio_ex.o
LOAD build/stm32f1xx_hal_adc.o
LOAD build/stm32f1xx_hal_adc_ex.o
LOAD build/stm32f1xx_hal_can.o
LOAD build/stm32f1xx_hal_spi.o
LOAD build/stm32f1xx_hal_spi_ex.o
LOAD build/stm32f1xx_hal_tim.o
LOAD build/stm32f1xx_hal_tim_ex.o
LOAD build/stm32f1xx_hal.o
LOAD build/stm32f1xx_hal_rcc.o
LOAD build/stm32f1xx_hal_rcc_ex.o
LOAD build/stm32f1xx_hal_gpio.o
LOAD build/stm32f1xx_hal_dma.o
LOAD build/stm32f1xx_hal_cortex.o
LOAD build/stm32f1xx_hal_pwr.o
LOAD build/stm32f1xx_hal_flash.o
LOAD build/stm32f1xx_hal_flash_ex.o
LOAD build/system_stm32f1xx.o
LOAD build/BMSconfig.o
LOAD build/LTC6811.o
LOAD build/SPI.o
LOAD build/startup_stm32f103xb.o
LOAD c:/arm-gcc/8-2018-q4-major/bin/../lib/gcc/arm-none-eabi/8.2.1/../../../../arm-none-eabi/lib/thumb/v7-m/nofp\libc_nano.a
LOAD c:/arm-gcc/8-2018-q4-major/bin/../lib/gcc/arm-none-eabi/8.2.1/../../../../arm-none-eabi/lib/thumb/v7-m/nofp\libm.a
LOAD c:/arm-gcc/8-2018-q4-major/bin/../lib/gcc/arm-none-eabi/8.2.1/../../../../arm-none-eabi/lib/thumb/v7-m/nofp\libnosys.a
START GROUP
LOAD c:/arm-gcc/8-2018-q4-major/bin/../lib/gcc/arm-none-eabi/8.2.1/thumb/v7-m/nofp\libgcc.a
LOAD c:/arm-gcc/8-2018-q4-major/bin/../lib/gcc/arm-none-eabi/8.2.1/../../../../arm-none-eabi/lib/thumb/v7-m/nofp\libc_nano.a
END GROUP
START GROUP
LOAD c:/arm-gcc/8-2018-q4-major/bin/../lib/gcc/arm-none-eabi/8.2.1/thumb/v7-m/nofp\libgcc.a
LOAD c:/arm-gcc/8-2018-q4-major/bin/../lib/gcc/arm-none-eabi/8.2.1/../../../../arm-none-eabi/lib/thumb/v7-m/nofp\libc_nano.a
END GROUP
LOAD c:/arm-gcc/8-2018-q4-major/bin/../lib/gcc/arm-none-eabi/8.2.1/thumb/v7-m/nofp/crtend.o
LOAD c:/arm-gcc/8-2018-q4-major/bin/../lib/gcc/arm-none-eabi/8.2.1/thumb/v7-m/nofp/crtn.o
                0x20005000                _estack = 0x20005000
                0x00000200                _Min_Heap_Size = 0x200
                0x00000400                _Min_Stack_Size = 0x400

.isr_vector     0x08000000      0x10c
                0x08000000                . = ALIGN (0x4)
 *(.isr_vector)
 .isr_vector    0x08000000      0x10c build/startup_stm32f103xb.o
                0x08000000                g_pfnVectors
                0x0800010c                . = ALIGN (0x4)

.text           0x08000110     0x568c
                0x08000110                . = ALIGN (0x4)
 *(.text)
 .text          0x08000110       0x40 c:/arm-gcc/8-2018-q4-major/bin/../lib/gcc/arm-none-eabi/8.2.1/thumb/v7-m/nofp/crtbegin.o
 .text          0x08000150      0x378 c:/arm-gcc/8-2018-q4-major/bin/../lib/gcc/arm-none-eabi/8.2.1/thumb/v7-m/nofp\libgcc.a(_arm_addsubdf3.o)
                0x08000150                __aeabi_drsub
                0x08000158                __aeabi_dsub
                0x08000158                __subdf3
                0x0800015c                __aeabi_dadd
                0x0800015c                __adddf3
                0x080003d4                __floatunsidf
                0x080003d4                __aeabi_ui2d
                0x080003f4                __floatsidf
                0x080003f4                __aeabi_i2d
                0x08000418                __aeabi_f2d
                0x08000418                __extendsfdf2
                0x0800045c                __floatundidf
                0x0800045c                __aeabi_ul2d
                0x0800046c                __floatdidf
                0x0800046c                __aeabi_l2d
 .text          0x080004c8      0x424 c:/arm-gcc/8-2018-q4-major/bin/../lib/gcc/arm-none-eabi/8.2.1/thumb/v7-m/nofp\libgcc.a(_arm_muldivdf3.o)
                0x080004c8                __aeabi_dmul
                0x080004c8                __muldf3
                0x0800071c                __divdf3
                0x0800071c                __aeabi_ddiv
 .text          0x080008ec      0x110 c:/arm-gcc/8-2018-q4-major/bin/../lib/gcc/arm-none-eabi/8.2.1/thumb/v7-m/nofp\libgcc.a(_arm_cmpdf2.o)
                0x080008ec                __gtdf2
                0x080008ec                __gedf2
                0x080008f4                __ltdf2
                0x080008f4                __ledf2
                0x080008fc                __nedf2
                0x080008fc                __eqdf2
                0x080008fc                __cmpdf2
                0x08000978                __aeabi_cdrcmple
                0x08000988                __aeabi_cdcmpeq
                0x08000988                __aeabi_cdcmple
                0x08000998                __aeabi_dcmpeq
                0x080009ac                __aeabi_dcmplt
                0x080009c0                __aeabi_dcmple
                0x080009d4                __aeabi_dcmpge
                0x080009e8                __aeabi_dcmpgt
 .text          0x080009fc       0x2c c:/arm-gcc/8-2018-q4-major/bin/../lib/gcc/arm-none-eabi/8.2.1/thumb/v7-m/nofp\libgcc.a(_arm_unorddf2.o)
                0x080009fc                __unorddf2
                0x080009fc                __aeabi_dcmpun
 .text          0x08000a28       0x40 c:/arm-gcc/8-2018-q4-major/bin/../lib/gcc/arm-none-eabi/8.2.1/thumb/v7-m/nofp\libgcc.a(_arm_fixunsdfsi.o)
                0x08000a28                __aeabi_d2uiz
                0x08000a28                __fixunsdfsi
 .text          0x08000a68      0x21c c:/arm-gcc/8-2018-q4-major/bin/../lib/gcc/arm-none-eabi/8.2.1/thumb/v7-m/nofp\libgcc.a(_arm_addsubsf3.o)
                0x08000a68                __aeabi_frsub
                0x08000a70                __subsf3
                0x08000a70                __aeabi_fsub
                0x08000a74                __aeabi_fadd
                0x08000a74                __addsf3
                0x08000bd4                __aeabi_ui2f
                0x08000bd4                __floatunsisf
                0x08000bdc                __aeabi_i2f
                0x08000bdc                __floatsisf
                0x08000bf8                __aeabi_ul2f
                0x08000bf8                __floatundisf
                0x08000c08                __aeabi_l2f
                0x08000c08                __floatdisf
 .text          0x08000c84      0x2a0 c:/arm-gcc/8-2018-q4-major/bin/../lib/gcc/arm-none-eabi/8.2.1/thumb/v7-m/nofp\libgcc.a(_arm_muldivsf3.o)
                0x08000c84                __mulsf3
                0x08000c84                __aeabi_fmul
                0x08000dec                __aeabi_fdiv
                0x08000dec                __divsf3
 .text          0x08000f24       0x40 c:/arm-gcc/8-2018-q4-major/bin/../lib/gcc/arm-none-eabi/8.2.1/thumb/v7-m/nofp\libgcc.a(_arm_fixunssfsi.o)
                0x08000f24                __fixunssfsi
                0x08000f24                __aeabi_f2uiz
 *(.text*)
 .text.MX_GPIO_Init
                0x08000f64       0xf0 build/main.o
 .text.MX_ADC1_Init
                0x08001054       0x48 build/main.o
 .text.MX_CAN_Init
                0x0800109c       0x9c build/main.o
 .text.MX_TIM2_Init
                0x08001138       0x5c build/main.o
 .text.SystemClock_Config
                0x08001194       0x56 build/main.o
                0x08001194                SystemClock_Config
 *fill*         0x080011ea        0x2 
 .text.FAULT_check
                0x080011ec      0x138 build/main.o
                0x080011ec                FAULT_check
 .text.balancingThreshold
                0x08001324       0x5c build/main.o
                0x08001324                balancingThreshold
 .text.setDischarge
                0x08001380      0x11c build/main.o
                0x08001380                setDischarge
 .text.checkDischarge
                0x0800149c       0x7c build/main.o
                0x0800149c                checkDischarge
 .text.setChargerTxData
                0x08001518       0x7c build/main.o
                0x08001518                setChargerTxData
 .text.CELLVAL_message
                0x08001594       0x6c build/main.o
                0x08001594                CELLVAL_message
 .text.BMSSTAT_message
                0x08001600       0x34 build/main.o
                0x08001600                BMSSTAT_message
 .text.BMSVINF_message
                0x08001634       0xc8 build/main.o
                0x08001634                BMSVINF_message
 .text.BMSTINF_message
                0x080016fc       0xb8 build/main.o
                0x080016fc                BMSTINF_message
 .text.main     0x080017b4      0x2d0 build/main.o
                0x080017b4                main
 .text.NMI_Handler
                0x08001a84        0x2 build/stm32f1xx_it.o
                0x08001a84                NMI_Handler
 .text.HardFault_Handler
                0x08001a86        0x2 build/stm32f1xx_it.o
                0x08001a86                HardFault_Handler
 .text.MemManage_Handler
                0x08001a88        0x2 build/stm32f1xx_it.o
                0x08001a88                MemManage_Handler
 .text.BusFault_Handler
                0x08001a8a        0x2 build/stm32f1xx_it.o
                0x08001a8a                BusFault_Handler
 .text.UsageFault_Handler
                0x08001a8c        0x2 build/stm32f1xx_it.o
                0x08001a8c                UsageFault_Handler
 .text.SVC_Handler
                0x08001a8e        0x2 build/stm32f1xx_it.o
                0x08001a8e                SVC_Handler
 .text.DebugMon_Handler
                0x08001a90        0x2 build/stm32f1xx_it.o
                0x08001a90                DebugMon_Handler
 .text.PendSV_Handler
                0x08001a92        0x2 build/stm32f1xx_it.o
                0x08001a92                PendSV_Handler
 .text.SysTick_Handler
                0x08001a94        0x8 build/stm32f1xx_it.o
                0x08001a94                SysTick_Handler
 .text.USB_LP_CAN1_RX0_IRQHandler
                0x08001a9c       0x10 build/stm32f1xx_it.o
                0x08001a9c                USB_LP_CAN1_RX0_IRQHandler
 .text.HAL_MspInit
                0x08001aac       0x44 build/stm32f1xx_hal_msp.o
                0x08001aac                HAL_MspInit
 .text.HAL_ADC_MspInit
                0x08001af0       0x5c build/stm32f1xx_hal_msp.o
                0x08001af0                HAL_ADC_MspInit
 .text.HAL_CAN_MspInit
                0x08001b4c       0x84 build/stm32f1xx_hal_msp.o
                0x08001b4c                HAL_CAN_MspInit
 .text.HAL_SPI_MspInit
                0x08001bd0       0x74 build/stm32f1xx_hal_msp.o
                0x08001bd0                HAL_SPI_MspInit
 .text.HAL_TIM_Base_MspInit
                0x08001c44       0x26 build/stm32f1xx_hal_msp.o
                0x08001c44                HAL_TIM_Base_MspInit
 *fill*         0x08001c6a        0x2 
 .text.HAL_ADC_ConfigChannel
                0x08001c6c      0x138 build/stm32f1xx_hal_adc.o
                0x08001c6c                HAL_ADC_ConfigChannel
 .text.ADC_ConversionStop_Disable
                0x08001da4       0x4c build/stm32f1xx_hal_adc.o
                0x08001da4                ADC_ConversionStop_Disable
 .text.HAL_ADC_Init
                0x08001df0      0x110 build/stm32f1xx_hal_adc.o
                0x08001df0                HAL_ADC_Init
 .text.HAL_CAN_Init
                0x08001f00      0x14c build/stm32f1xx_hal_can.o
                0x08001f00                HAL_CAN_Init
 .text.HAL_CAN_ConfigFilter
                0x0800204c       0xfc build/stm32f1xx_hal_can.o
                0x0800204c                HAL_CAN_ConfigFilter
 .text.HAL_CAN_Start
                0x08002148       0x5c build/stm32f1xx_hal_can.o
                0x08002148                HAL_CAN_Start
 .text.HAL_CAN_AddTxMessage
                0x080021a4       0xec build/stm32f1xx_hal_can.o
                0x080021a4                HAL_CAN_AddTxMessage
 .text.HAL_CAN_ActivateNotification
                0x08002290       0x24 build/stm32f1xx_hal_can.o
                0x08002290                HAL_CAN_ActivateNotification
 .text.HAL_CAN_TxMailbox0CompleteCallback
                0x080022b4        0x2 build/stm32f1xx_hal_can.o
                0x080022b4                HAL_CAN_TxMailbox0CompleteCallback
 .text.HAL_CAN_TxMailbox1CompleteCallback
                0x080022b6        0x2 build/stm32f1xx_hal_can.o
                0x080022b6                HAL_CAN_TxMailbox1CompleteCallback
 .text.HAL_CAN_TxMailbox2CompleteCallback
                0x080022b8        0x2 build/stm32f1xx_hal_can.o
                0x080022b8                HAL_CAN_TxMailbox2CompleteCallback
 .text.HAL_CAN_TxMailbox0AbortCallback
                0x080022ba        0x2 build/stm32f1xx_hal_can.o
                0x080022ba                HAL_CAN_TxMailbox0AbortCallback
 .text.HAL_CAN_TxMailbox1AbortCallback
                0x080022bc        0x2 build/stm32f1xx_hal_can.o
                0x080022bc                HAL_CAN_TxMailbox1AbortCallback
 .text.HAL_CAN_TxMailbox2AbortCallback
                0x080022be        0x2 build/stm32f1xx_hal_can.o
                0x080022be                HAL_CAN_TxMailbox2AbortCallback
 .text.HAL_CAN_RxFifo0MsgPendingCallback
                0x080022c0        0x2 build/stm32f1xx_hal_can.o
                0x080022c0                HAL_CAN_RxFifo0MsgPendingCallback
 .text.HAL_CAN_RxFifo0FullCallback
                0x080022c2        0x2 build/stm32f1xx_hal_can.o
                0x080022c2                HAL_CAN_RxFifo0FullCallback
 .text.HAL_CAN_RxFifo1MsgPendingCallback
                0x080022c4        0x2 build/stm32f1xx_hal_can.o
                0x080022c4                HAL_CAN_RxFifo1MsgPendingCallback
 .text.HAL_CAN_RxFifo1FullCallback
                0x080022c6        0x2 build/stm32f1xx_hal_can.o
                0x080022c6                HAL_CAN_RxFifo1FullCallback
 .text.HAL_CAN_SleepCallback
                0x080022c8        0x2 build/stm32f1xx_hal_can.o
                0x080022c8                HAL_CAN_SleepCallback
 .text.HAL_CAN_WakeUpFromRxMsgCallback
                0x080022ca        0x2 build/stm32f1xx_hal_can.o
                0x080022ca                HAL_CAN_WakeUpFromRxMsgCallback
 .text.HAL_CAN_ErrorCallback
                0x080022cc        0x2 build/stm32f1xx_hal_can.o
                0x080022cc                HAL_CAN_ErrorCallback
 .text.HAL_CAN_IRQHandler
                0x080022ce      0x25a build/stm32f1xx_hal_can.o
                0x080022ce                HAL_CAN_IRQHandler
 .text.SPI_WaitFlagStateUntilTimeout
                0x08002528       0x96 build/stm32f1xx_hal_spi.o
 .text.SPI_CheckFlag_BSY
                0x080025be       0x28 build/stm32f1xx_hal_spi.o
 .text.HAL_SPI_TransmitReceive
                0x080025e6      0x238 build/stm32f1xx_hal_spi.o
                0x080025e6                HAL_SPI_TransmitReceive
 .text.HAL_SPI_Init
                0x0800281e       0x82 build/stm32f1xx_hal_spi_ex.o
                0x0800281e                HAL_SPI_Init
 .text.TIM_TI1_ConfigInputStage
                0x080028a0       0x24 build/stm32f1xx_hal_tim.o
 .text.TIM_TI2_ConfigInputStage
                0x080028c4       0x26 build/stm32f1xx_hal_tim.o
 .text.TIM_ITRx_SetConfig
                0x080028ea       0x10 build/stm32f1xx_hal_tim.o
 .text.TIM_ETR_SetConfig
                0x080028fa       0x16 build/stm32f1xx_hal_tim.o
 .text.HAL_TIM_Base_Start
                0x08002910       0x1a build/stm32f1xx_hal_tim.o
                0x08002910                HAL_TIM_Base_Start
 .text.HAL_TIM_ConfigClockSource
                0x0800292a      0x108 build/stm32f1xx_hal_tim.o
                0x0800292a                HAL_TIM_ConfigClockSource
 *fill*         0x08002a32        0x2 
 .text.TIM_Base_SetConfig
                0x08002a34       0x74 build/stm32f1xx_hal_tim.o
                0x08002a34                TIM_Base_SetConfig
 .text.HAL_TIM_Base_Init
                0x08002aa8       0x34 build/stm32f1xx_hal_tim.o
                0x08002aa8                HAL_TIM_Base_Init
 .text.HAL_TIMEx_MasterConfigSynchronization
                0x08002adc       0x52 build/stm32f1xx_hal_tim_ex.o
                0x08002adc                HAL_TIMEx_MasterConfigSynchronization
 *fill*         0x08002b2e        0x2 
 .text.HAL_InitTick
                0x08002b30       0x4c build/stm32f1xx_hal.o
                0x08002b30                HAL_InitTick
 .text.HAL_Init
                0x08002b7c       0x24 build/stm32f1xx_hal.o
                0x08002b7c                HAL_Init
 .text.HAL_IncTick
                0x08002ba0       0x18 build/stm32f1xx_hal.o
                0x08002ba0                HAL_IncTick
 .text.HAL_GetTick
                0x08002bb8        0xc build/stm32f1xx_hal.o
                0x08002bb8                HAL_GetTick
 .text.HAL_Delay
                0x08002bc4       0x28 build/stm32f1xx_hal.o
                0x08002bc4                HAL_Delay
 .text.RCC_Delay
                0x08002bec       0x2c build/stm32f1xx_hal_rcc.o
 .text.HAL_RCC_OscConfig
                0x08002c18      0x3e0 build/stm32f1xx_hal_rcc.o
                0x08002c18                HAL_RCC_OscConfig
 .text.HAL_RCC_GetSysClockFreq
                0x08002ff8       0x70 build/stm32f1xx_hal_rcc.o
                0x08002ff8                HAL_RCC_GetSysClockFreq
 .text.HAL_RCC_ClockConfig
                0x08003068      0x19c build/stm32f1xx_hal_rcc.o
                0x08003068                HAL_RCC_ClockConfig
 .text.HAL_RCCEx_PeriphCLKConfig
                0x08003204      0x114 build/stm32f1xx_hal_rcc_ex.o
                0x08003204                HAL_RCCEx_PeriphCLKConfig
 .text.HAL_GPIO_Init
                0x08003318      0x1d4 build/stm32f1xx_hal_gpio.o
                0x08003318                HAL_GPIO_Init
 .text.HAL_GPIO_ReadPin
                0x080034ec        0xe build/stm32f1xx_hal_gpio.o
                0x080034ec                HAL_GPIO_ReadPin
 .text.HAL_GPIO_WritePin
                0x080034fa        0xc build/stm32f1xx_hal_gpio.o
                0x080034fa                HAL_GPIO_WritePin
 *fill*         0x08003506        0x2 
 .text.HAL_NVIC_SetPriorityGrouping
                0x08003508       0x24 build/stm32f1xx_hal_cortex.o
                0x08003508                HAL_NVIC_SetPriorityGrouping
 .text.HAL_NVIC_SetPriority
                0x0800352c       0x68 build/stm32f1xx_hal_cortex.o
                0x0800352c                HAL_NVIC_SetPriority
 .text.HAL_NVIC_EnableIRQ
                0x08003594       0x18 build/stm32f1xx_hal_cortex.o
                0x08003594                HAL_NVIC_EnableIRQ
 .text.HAL_SYSTICK_Config
                0x080035ac       0x2c build/stm32f1xx_hal_cortex.o
                0x080035ac                HAL_SYSTICK_Config
 .text.SystemInit
                0x080035d8       0x4c build/system_stm32f1xx.o
                0x080035d8                SystemInit
 .text.loadConfig
                0x08003624       0xcc build/BMSconfig.o
                0x08003624                loadConfig
 .text.initPECTable
                0x080036f0       0x40 build/LTC6811.o
                0x080036f0                initPECTable
 .text.calculatePEC
                0x08003730       0x30 build/LTC6811.o
                0x08003730                calculatePEC
 .text.readRegister
                0x08003760      0x226 build/LTC6811.o
                0x08003760                readRegister
 .text.readConfig
                0x08003986       0x3a build/LTC6811.o
                0x08003986                readConfig
 .text.writeConfigAddress
                0x080039c0      0x16a build/LTC6811.o
                0x080039c0                writeConfigAddress
 .text.writeConfigAll
                0x08003b2a       0x40 build/LTC6811.o
                0x08003b2a                writeConfigAll
 .text.dischargeCellGroups
                0x08003b6a       0x7a build/LTC6811.o
                0x08003b6a                dischargeCellGroups
 .text.sendBroadcastCommand
                0x08003be4       0x32 build/LTC6811.o
                0x08003be4                sendBroadcastCommand
 .text.sendAddressCommand
                0x08003c16       0x56 build/LTC6811.o
                0x08003c16                sendAddressCommand
 .text.readCellVoltage
                0x08003c6c       0x78 build/LTC6811.o
                0x08003c6c                readCellVoltage
 .text.readAllCellVoltages
                0x08003ce4      0x146 build/LTC6811.o
                0x08003ce4                readAllCellVoltages
 .text.checkAllCellConnections
                0x08003e2a       0xc6 build/LTC6811.o
                0x08003e2a                checkAllCellConnections
 .text.readCellTemp
                0x08003ef0      0x228 build/LTC6811.o
                0x08003ef0                readCellTemp
 .text.readAllCellTemps
                0x08004118      0x16c build/LTC6811.o
                0x08004118                readAllCellTemps
 .text.SPI_Init
                0x08004284       0x40 build/SPI.o
                0x08004284                SPI_Init
 .text.SPIWrite
                0x080042c4       0x60 build/SPI.o
                0x080042c4                SPIWrite
 .text.SPIWriteRead
                0x08004324       0x5c build/SPI.o
                0x08004324                SPIWriteRead
 .text.Reset_Handler
                0x08004380       0x48 build/startup_stm32f103xb.o
                0x08004380                Reset_Handler
 .text.Default_Handler
                0x080043c8        0x2 build/startup_stm32f103xb.o
                0x080043c8                RTC_Alarm_IRQHandler
                0x080043c8                EXTI2_IRQHandler
                0x080043c8                TIM1_CC_IRQHandler
                0x080043c8                PVD_IRQHandler
                0x080043c8                EXTI3_IRQHandler
                0x080043c8                EXTI0_IRQHandler
                0x080043c8                I2C2_EV_IRQHandler
                0x080043c8                ADC1_2_IRQHandler
                0x080043c8                SPI1_IRQHandler
                0x080043c8                TAMPER_IRQHandler
                0x080043c8                DMA1_Channel4_IRQHandler
                0x080043c8                USART3_IRQHandler
                0x080043c8                RTC_IRQHandler
                0x080043c8                DMA1_Channel7_IRQHandler
                0x080043c8                CAN1_RX1_IRQHandler
                0x080043c8                TIM4_IRQHandler
                0x080043c8                I2C1_EV_IRQHandler
                0x080043c8                DMA1_Channel6_IRQHandler
                0x080043c8                TIM3_IRQHandler
                0x080043c8                RCC_IRQHandler
                0x080043c8                TIM1_TRG_COM_IRQHandler
                0x080043c8                DMA1_Channel1_IRQHandler
                0x080043c8                Default_Handler
                0x080043c8                EXTI15_10_IRQHandler
                0x080043c8                EXTI9_5_IRQHandler
                0x080043c8                SPI2_IRQHandler
                0x080043c8                DMA1_Channel5_IRQHandler
                0x080043c8                EXTI4_IRQHandler
                0x080043c8                USB_HP_CAN1_TX_IRQHandler
                0x080043c8                DMA1_Channel3_IRQHandler
                0x080043c8                TIM1_UP_IRQHandler
                0x080043c8                WWDG_IRQHandler
                0x080043c8                TIM2_IRQHandler
                0x080043c8                TIM1_BRK_IRQHandler
                0x080043c8                EXTI1_IRQHandler
                0x080043c8                USART2_IRQHandler
                0x080043c8                I2C2_ER_IRQHandler
                0x080043c8                DMA1_Channel2_IRQHandler
                0x080043c8                CAN1_SCE_IRQHandler
                0x080043c8                FLASH_IRQHandler
                0x080043c8                USART1_IRQHandler
                0x080043c8                I2C1_ER_IRQHandler
                0x080043c8                USBWakeUp_IRQHandler
 *fill*         0x080043ca        0x2 
 .text.__libc_init_array
                0x080043cc       0x48 c:/arm-gcc/8-2018-q4-major/bin/../lib/gcc/arm-none-eabi/8.2.1/../../../../arm-none-eabi/lib/thumb/v7-m/nofp\libc_nano.a(lib_a-init.o)
                0x080043cc                __libc_init_array
 .text.malloc   0x08004414       0x10 c:/arm-gcc/8-2018-q4-major/bin/../lib/gcc/arm-none-eabi/8.2.1/../../../../arm-none-eabi/lib/thumb/v7-m/nofp\libc_nano.a(lib_a-malloc.o)
                0x08004414                malloc
 .text.free     0x08004424       0x10 c:/arm-gcc/8-2018-q4-major/bin/../lib/gcc/arm-none-eabi/8.2.1/../../../../arm-none-eabi/lib/thumb/v7-m/nofp\libc_nano.a(lib_a-malloc.o)
                0x08004424                free
 .text.memcpy   0x08004434       0x1c c:/arm-gcc/8-2018-q4-major/bin/../lib/gcc/arm-none-eabi/8.2.1/../../../../arm-none-eabi/lib/thumb/v7-m/nofp\libc_nano.a(lib_a-memcpy-stub.o)
                0x08004434                memcpy
 .text.memset   0x08004450       0x10 c:/arm-gcc/8-2018-q4-major/bin/../lib/gcc/arm-none-eabi/8.2.1/../../../../arm-none-eabi/lib/thumb/v7-m/nofp\libc_nano.a(lib_a-memset.o)
                0x08004450                memset
 .text._free_r  0x08004460       0x98 c:/arm-gcc/8-2018-q4-major/bin/../lib/gcc/arm-none-eabi/8.2.1/../../../../arm-none-eabi/lib/thumb/v7-m/nofp\libc_nano.a(lib_a-nano-freer.o)
                0x08004460                _free_r
 .text._malloc_r
                0x080044f8       0xb4 c:/arm-gcc/8-2018-q4-major/bin/../lib/gcc/arm-none-eabi/8.2.1/../../../../arm-none-eabi/lib/thumb/v7-m/nofp\libc_nano.a(lib_a-nano-mallocr.o)
                0x080044f8                _malloc_r
 .text._sbrk_r  0x080045ac       0x20 c:/arm-gcc/8-2018-q4-major/bin/../lib/gcc/arm-none-eabi/8.2.1/../../../../arm-none-eabi/lib/thumb/v7-m/nofp\libc_nano.a(lib_a-sbrkr.o)
                0x080045ac                _sbrk_r
 .text.__malloc_lock
                0x080045cc        0xc c:/arm-gcc/8-2018-q4-major/bin/../lib/gcc/arm-none-eabi/8.2.1/../../../../arm-none-eabi/lib/thumb/v7-m/nofp\libc_nano.a(lib_a-mlock.o)
                0x080045cc                __malloc_lock
 .text.__malloc_unlock
                0x080045d8        0xc c:/arm-gcc/8-2018-q4-major/bin/../lib/gcc/arm-none-eabi/8.2.1/../../../../arm-none-eabi/lib/thumb/v7-m/nofp\libc_nano.a(lib_a-mlock.o)
                0x080045d8                __malloc_unlock
 .text.__retarget_lock_acquire_recursive
                0x080045e4        0x2 c:/arm-gcc/8-2018-q4-major/bin/../lib/gcc/arm-none-eabi/8.2.1/../../../../arm-none-eabi/lib/thumb/v7-m/nofp\libc_nano.a(lib_a-lock.o)
                0x080045e4                __retarget_lock_acquire_recursive
 .text.__retarget_lock_release_recursive
                0x080045e6        0x2 c:/arm-gcc/8-2018-q4-major/bin/../lib/gcc/arm-none-eabi/8.2.1/../../../../arm-none-eabi/lib/thumb/v7-m/nofp\libc_nano.a(lib_a-lock.o)
                0x080045e6                __retarget_lock_release_recursive
 .text.pow      0x080045e8      0x320 c:/arm-gcc/8-2018-q4-major/bin/../lib/gcc/arm-none-eabi/8.2.1/../../../../arm-none-eabi/lib/thumb/v7-m/nofp\libm.a(lib_a-w_pow.o)
                0x080045e8                pow
 .text.__ieee754_pow
                0x08004908      0xaa4 c:/arm-gcc/8-2018-q4-major/bin/../lib/gcc/arm-none-eabi/8.2.1/../../../../arm-none-eabi/lib/thumb/v7-m/nofp\libm.a(lib_a-e_pow.o)
                0x08004908                __ieee754_pow
 .text.__ieee754_sqrt
                0x080053ac      0x184 c:/arm-gcc/8-2018-q4-major/bin/../lib/gcc/arm-none-eabi/8.2.1/../../../../arm-none-eabi/lib/thumb/v7-m/nofp\libm.a(lib_a-e_sqrt.o)
                0x080053ac                __ieee754_sqrt
 .text.fabs     0x08005530        0x8 c:/arm-gcc/8-2018-q4-major/bin/../lib/gcc/arm-none-eabi/8.2.1/../../../../arm-none-eabi/lib/thumb/v7-m/nofp\libm.a(lib_a-s_fabs.o)
                0x08005530                fabs
 .text.finite   0x08005538        0xc c:/arm-gcc/8-2018-q4-major/bin/../lib/gcc/arm-none-eabi/8.2.1/../../../../arm-none-eabi/lib/thumb/v7-m/nofp\libm.a(lib_a-s_finite.o)
                0x08005538                finite
 .text.matherr  0x08005544        0x4 c:/arm-gcc/8-2018-q4-major/bin/../lib/gcc/arm-none-eabi/8.2.1/../../../../arm-none-eabi/lib/thumb/v7-m/nofp\libm.a(lib_a-s_matherr.o)
                0x08005544                matherr
 .text.nan      0x08005548        0xc c:/arm-gcc/8-2018-q4-major/bin/../lib/gcc/arm-none-eabi/8.2.1/../../../../arm-none-eabi/lib/thumb/v7-m/nofp\libm.a(lib_a-s_nan.o)
                0x08005548                nan
 .text.rint     0x08005554      0x114 c:/arm-gcc/8-2018-q4-major/bin/../lib/gcc/arm-none-eabi/8.2.1/../../../../arm-none-eabi/lib/thumb/v7-m/nofp\libm.a(lib_a-s_rint.o)
                0x08005554                rint
 .text.scalbn   0x08005668       0xf4 c:/arm-gcc/8-2018-q4-major/bin/../lib/gcc/arm-none-eabi/8.2.1/../../../../arm-none-eabi/lib/thumb/v7-m/nofp\libm.a(lib_a-s_scalbn.o)
                0x08005668                scalbn
 .text._sbrk    0x0800575c       0x1c c:/arm-gcc/8-2018-q4-major/bin/../lib/gcc/arm-none-eabi/8.2.1/../../../../arm-none-eabi/lib/thumb/v7-m/nofp\libnosys.a(sbrk.o)
                0x0800575c                _sbrk
 .text.__errno  0x08005778        0xc c:/arm-gcc/8-2018-q4-major/bin/../lib/gcc/arm-none-eabi/8.2.1/../../../../arm-none-eabi/lib/thumb/v7-m/nofp\libc_nano.a(lib_a-errno.o)
                0x08005778                __errno
 *(.glue_7)
 .glue_7        0x08005784        0x0 linker stubs
 *(.glue_7t)
 .glue_7t       0x08005784        0x0 linker stubs
 *(.eh_frame)
 .eh_frame      0x08005784        0x0 c:/arm-gcc/8-2018-q4-major/bin/../lib/gcc/arm-none-eabi/8.2.1/thumb/v7-m/nofp/crtbegin.o
 *(.init)
 .init          0x08005784        0x4 c:/arm-gcc/8-2018-q4-major/bin/../lib/gcc/arm-none-eabi/8.2.1/thumb/v7-m/nofp/crti.o
                0x08005784                _init
 .init          0x08005788        0x8 c:/arm-gcc/8-2018-q4-major/bin/../lib/gcc/arm-none-eabi/8.2.1/thumb/v7-m/nofp/crtn.o
 *(.fini)
 .fini          0x08005790        0x4 c:/arm-gcc/8-2018-q4-major/bin/../lib/gcc/arm-none-eabi/8.2.1/thumb/v7-m/nofp/crti.o
                0x08005790                _fini
 .fini          0x08005794        0x8 c:/arm-gcc/8-2018-q4-major/bin/../lib/gcc/arm-none-eabi/8.2.1/thumb/v7-m/nofp/crtn.o
                0x0800579c                . = ALIGN (0x4)
                0x0800579c                _etext = .

.vfp11_veneer   0x0800579c        0x0
 .vfp11_veneer  0x0800579c        0x0 linker stubs

.v4_bx          0x0800579c        0x0
 .v4_bx         0x0800579c        0x0 linker stubs

.iplt           0x0800579c        0x0
 .iplt          0x0800579c        0x0 c:/arm-gcc/8-2018-q4-major/bin/../lib/gcc/arm-none-eabi/8.2.1/thumb/v7-m/nofp/crtbegin.o

.rodata         0x080057a0       0x40
                0x080057a0                . = ALIGN (0x4)
 *(.rodata)
 .rodata        0x080057a0       0x12 build/stm32f1xx_hal_rcc.o
 *(.rodata*)
 *fill*         0x080057b2        0x2 
 .rodata.AHBPrescTable
                0x080057b4       0x10 build/system_stm32f1xx.o
                0x080057b4                AHBPrescTable
 .rodata.pow.str1.4
                0x080057c4        0x4 c:/arm-gcc/8-2018-q4-major/bin/../lib/gcc/arm-none-eabi/8.2.1/../../../../arm-none-eabi/lib/thumb/v7-m/nofp\libm.a(lib_a-w_pow.o)
 .rodata.__ieee754_pow.str1.4
                0x080057c8        0x4 c:/arm-gcc/8-2018-q4-major/bin/../lib/gcc/arm-none-eabi/8.2.1/../../../../arm-none-eabi/lib/thumb/v7-m/nofp\libm.a(lib_a-e_pow.o)
                                  0x1 (size before relaxing)
 *fill*         0x080057cc        0x4 
 .rodata.TWO52  0x080057d0       0x10 c:/arm-gcc/8-2018-q4-major/bin/../lib/gcc/arm-none-eabi/8.2.1/../../../../arm-none-eabi/lib/thumb/v7-m/nofp\libm.a(lib_a-s_rint.o)
                0x080057e0                . = ALIGN (0x4)

.rel.dyn        0x080057e0        0x0
 .rel.iplt      0x080057e0        0x0 c:/arm-gcc/8-2018-q4-major/bin/../lib/gcc/arm-none-eabi/8.2.1/thumb/v7-m/nofp/crtbegin.o

.ARM.extab
 *(.ARM.extab* .gnu.linkonce.armextab.*)

.ARM            0x080057e0        0x0
                0x080057e0                __exidx_start = .
 *(.ARM.exidx*)
                0x080057e0                __exidx_end = .

.preinit_array  0x080057e0        0x0
                0x080057e0                PROVIDE (__preinit_array_start = .)
 *(.preinit_array*)
                0x080057e0                PROVIDE (__preinit_array_end = .)

.init_array     0x080057e0        0x4
                0x080057e0                PROVIDE (__init_array_start = .)
 *(SORT_BY_NAME(.init_array.*))
 *(.init_array*)
 .init_array    0x080057e0        0x4 c:/arm-gcc/8-2018-q4-major/bin/../lib/gcc/arm-none-eabi/8.2.1/thumb/v7-m/nofp/crtbegin.o
                0x080057e4                PROVIDE (__init_array_end = .)

.fini_array     0x080057e4        0x4
                [!provide]                PROVIDE (__fini_array_start = .)
 *(SORT_BY_NAME(.fini_array.*))
 *(.fini_array*)
 .fini_array    0x080057e4        0x4 c:/arm-gcc/8-2018-q4-major/bin/../lib/gcc/arm-none-eabi/8.2.1/thumb/v7-m/nofp/crtbegin.o
                [!provide]                PROVIDE (__fini_array_end = .)
                0x080057e8                _sidata = LOADADDR (.data)

.data           0x20000000       0x78 load address 0x080057e8
                0x20000000                . = ALIGN (0x4)
                0x20000000                _sdata = .
 *(.data)
 *(.data*)
 .data.chargeRate
                0x20000000        0x1 build/main.o
                0x20000000                chargeRate
 .data.uwTickFreq
                0x20000001        0x1 build/stm32f1xx_hal.o
                0x20000001                uwTickFreq
 *fill*         0x20000002        0x2 
 .data.uwTickPrio
                0x20000004        0x4 build/stm32f1xx_hal.o
                0x20000004                uwTickPrio
 .data.SystemCoreClock
                0x20000008        0x4 build/system_stm32f1xx.o
                0x20000008                SystemCoreClock
 .data.CRC15_POLY
                0x2000000c        0x2 build/LTC6811.o
                0x2000000c                CRC15_POLY
 *fill*         0x2000000e        0x2 
 .data._impure_ptr
                0x20000010        0x4 c:/arm-gcc/8-2018-q4-major/bin/../lib/gcc/arm-none-eabi/8.2.1/../../../../arm-none-eabi/lib/thumb/v7-m/nofp\libc_nano.a(lib_a-impure.o)
                0x20000010                _impure_ptr
 .data.impure_data
                0x20000014       0x60 c:/arm-gcc/8-2018-q4-major/bin/../lib/gcc/arm-none-eabi/8.2.1/../../../../arm-none-eabi/lib/thumb/v7-m/nofp\libc_nano.a(lib_a-impure.o)
 .data.__fdlib_version
                0x20000074        0x1 c:/arm-gcc/8-2018-q4-major/bin/../lib/gcc/arm-none-eabi/8.2.1/../../../../arm-none-eabi/lib/thumb/v7-m/nofp\libm.a(lib_a-s_lib_ver.o)
                0x20000074                __fdlib_version
                0x20000078                . = ALIGN (0x4)
 *fill*         0x20000075        0x3 
                0x20000078                _edata = .

.igot.plt       0x20000078        0x0 load address 0x08005860
 .igot.plt      0x20000078        0x0 c:/arm-gcc/8-2018-q4-major/bin/../lib/gcc/arm-none-eabi/8.2.1/thumb/v7-m/nofp/crtbegin.o
                0x20000078                . = ALIGN (0x4)

.bss            0x20000078      0x468 load address 0x08005860
                0x20000078                _sbss = .
                0x20000078                __bss_start__ = _sbss
 *(.bss)
 .bss           0x20000078       0x1c c:/arm-gcc/8-2018-q4-major/bin/../lib/gcc/arm-none-eabi/8.2.1/thumb/v7-m/nofp/crtbegin.o
 *(.bss*)
 .bss.__malloc_free_list
                0x20000094        0x4 c:/arm-gcc/8-2018-q4-major/bin/../lib/gcc/arm-none-eabi/8.2.1/../../../../arm-none-eabi/lib/thumb/v7-m/nofp\libc_nano.a(lib_a-nano-mallocr.o)
                0x20000094                __malloc_free_list
 .bss.__malloc_sbrk_start
                0x20000098        0x4 c:/arm-gcc/8-2018-q4-major/bin/../lib/gcc/arm-none-eabi/8.2.1/../../../../arm-none-eabi/lib/thumb/v7-m/nofp\libc_nano.a(lib_a-nano-mallocr.o)
                0x20000098                __malloc_sbrk_start
 .bss.heap_end.4194
                0x2000009c        0x4 c:/arm-gcc/8-2018-q4-major/bin/../lib/gcc/arm-none-eabi/8.2.1/../../../../arm-none-eabi/lib/thumb/v7-m/nofp\libnosys.a(sbrk.o)
 *(COMMON)
 COMMON         0x200000a0      0x1d2 build/main.o
                0x200000a0                CommandCode
                0x200000a4                hcan
                0x200000cc                CELLVAL_DATA
                0x200000d4                ChargerTxData
                0x200000dc                hadc1
                0x2000010c                BMSconfig
                0x2000016c                sumOfCells
                0x20000170                TxData
                0x20000178                TxMailbox
                0x2000017c                hspi1
                0x200001d4                RxData
                0x200001dc                htim2
                0x2000021c                TxHeader
                0x20000234                RxHeader
                0x20000250                minimum
                0x20000254                ChargerTxHeader
                0x2000026c                BMSSTAT_DATA
 *fill*         0x20000272        0x2 
 COMMON         0x20000274        0x4 build/stm32f1xx_hal.o
                0x20000274                uwTick
 COMMON         0x20000278      0x200 build/LTC6811.o
                0x20000278                pec15Table
 COMMON         0x20000478       0x58 build/SPI.o
                0x20000478                SPIHandle
 COMMON         0x200004d0        0x4 c:/arm-gcc/8-2018-q4-major/bin/../lib/gcc/arm-none-eabi/8.2.1/../../../../arm-none-eabi/lib/thumb/v7-m/nofp\libc_nano.a(lib_a-reent.o)
                0x200004d0                errno
 COMMON         0x200004d4        0x9 c:/arm-gcc/8-2018-q4-major/bin/../lib/gcc/arm-none-eabi/8.2.1/../../../../arm-none-eabi/lib/thumb/v7-m/nofp\libc_nano.a(lib_a-lock.o)
                0x200004d4                __lock___atexit_recursive_mutex
                0x200004d5                __lock___arc4random_mutex
                0x200004d6                __lock___env_recursive_mutex
                0x200004d7                __lock___sinit_recursive_mutex
                0x200004d8                __lock___malloc_recursive_mutex
                0x200004d9                __lock___at_quick_exit_mutex
                0x200004da                __lock___dd_hash_mutex
                0x200004db                __lock___tz_mutex
                0x200004dc                __lock___sfp_recursive_mutex
                0x200004e0                . = ALIGN (0x4)
 *fill*         0x200004dd        0x3 
                0x200004e0                _ebss = .
                0x200004e0                __bss_end__ = _ebss

._user_heap_stack
                0x200004e0      0x600 load address 0x08005860
                0x200004e0                . = ALIGN (0x8)
                0x200004e0                PROVIDE (end = .)
                [!provide]                PROVIDE (_end = .)
                0x200006e0                . = (. + _Min_Heap_Size)
 *fill*         0x200004e0      0x200 
                0x20000ae0                . = (. + _Min_Stack_Size)
 *fill*         0x200006e0      0x400 
                0x20000ae0                . = ALIGN (0x8)

/DISCARD/
 libc.a(*)
 libm.a(*)
 libgcc.a(*)

.ARM.attributes
                0x00000000       0x29
 *(.ARM.attributes)
 .ARM.attributes
                0x00000000       0x1d c:/arm-gcc/8-2018-q4-major/bin/../lib/gcc/arm-none-eabi/8.2.1/thumb/v7-m/nofp/crti.o
 .ARM.attributes
                0x0000001d       0x2d c:/arm-gcc/8-2018-q4-major/bin/../lib/gcc/arm-none-eabi/8.2.1/thumb/v7-m/nofp/crtbegin.o
 .ARM.attributes
                0x0000004a       0x2d build/main.o
 .ARM.attributes
                0x00000077       0x2d build/stm32f1xx_it.o
 .ARM.attributes
                0x000000a4       0x2d build/stm32f1xx_hal_msp.o
 .ARM.attributes
                0x000000d1       0x2d build/stm32f1xx_hal_adc.o
 .ARM.attributes
                0x000000fe       0x2d build/stm32f1xx_hal_can.o
 .ARM.attributes
                0x0000012b       0x2d build/stm32f1xx_hal_spi.o
 .ARM.attributes
                0x00000158       0x2d build/stm32f1xx_hal_spi_ex.o
 .ARM.attributes
                0x00000185       0x2d build/stm32f1xx_hal_tim.o
 .ARM.attributes
                0x000001b2       0x2d build/stm32f1xx_hal_tim_ex.o
 .ARM.attributes
                0x000001df       0x2d build/stm32f1xx_hal.o
 .ARM.attributes
                0x0000020c       0x2d build/stm32f1xx_hal_rcc.o
 .ARM.attributes
                0x00000239       0x2d build/stm32f1xx_hal_rcc_ex.o
 .ARM.attributes
                0x00000266       0x2d build/stm32f1xx_hal_gpio.o
 .ARM.attributes
                0x00000293       0x2d build/stm32f1xx_hal_cortex.o
 .ARM.attributes
                0x000002c0       0x2d build/system_stm32f1xx.o
 .ARM.attributes
                0x000002ed       0x2d build/BMSconfig.o
 .ARM.attributes
                0x0000031a       0x2d build/LTC6811.o
 .ARM.attributes
                0x00000347       0x2d build/SPI.o
 .ARM.attributes
                0x00000374       0x21 build/startup_stm32f103xb.o
 .ARM.attributes
                0x00000395       0x2d c:/arm-gcc/8-2018-q4-major/bin/../lib/gcc/arm-none-eabi/8.2.1/../../../../arm-none-eabi/lib/thumb/v7-m/nofp\libc_nano.a(lib_a-impure.o)
 .ARM.attributes
                0x000003c2       0x2d c:/arm-gcc/8-2018-q4-major/bin/../lib/gcc/arm-none-eabi/8.2.1/../../../../arm-none-eabi/lib/thumb/v7-m/nofp\libc_nano.a(lib_a-init.o)
 .ARM.attributes
                0x000003ef       0x2d c:/arm-gcc/8-2018-q4-major/bin/../lib/gcc/arm-none-eabi/8.2.1/../../../../arm-none-eabi/lib/thumb/v7-m/nofp\libc_nano.a(lib_a-malloc.o)
 .ARM.attributes
                0x0000041c       0x2d c:/arm-gcc/8-2018-q4-major/bin/../lib/gcc/arm-none-eabi/8.2.1/../../../../arm-none-eabi/lib/thumb/v7-m/nofp\libc_nano.a(lib_a-memcpy-stub.o)
 .ARM.attributes
                0x00000449       0x2d c:/arm-gcc/8-2018-q4-major/bin/../lib/gcc/arm-none-eabi/8.2.1/../../../../arm-none-eabi/lib/thumb/v7-m/nofp\libc_nano.a(lib_a-memset.o)
 .ARM.attributes
                0x00000476       0x2d c:/arm-gcc/8-2018-q4-major/bin/../lib/gcc/arm-none-eabi/8.2.1/../../../../arm-none-eabi/lib/thumb/v7-m/nofp\libc_nano.a(lib_a-nano-freer.o)
 .ARM.attributes
                0x000004a3       0x2d c:/arm-gcc/8-2018-q4-major/bin/../lib/gcc/arm-none-eabi/8.2.1/../../../../arm-none-eabi/lib/thumb/v7-m/nofp\libc_nano.a(lib_a-nano-mallocr.o)
 .ARM.attributes
                0x000004d0       0x2d c:/arm-gcc/8-2018-q4-major/bin/../lib/gcc/arm-none-eabi/8.2.1/../../../../arm-none-eabi/lib/thumb/v7-m/nofp\libc_nano.a(lib_a-sbrkr.o)
 .ARM.attributes
                0x000004fd       0x2d c:/arm-gcc/8-2018-q4-major/bin/../lib/gcc/arm-none-eabi/8.2.1/../../../../arm-none-eabi/lib/thumb/v7-m/nofp\libc_nano.a(lib_a-mlock.o)
 .ARM.attributes
                0x0000052a       0x2d c:/arm-gcc/8-2018-q4-major/bin/../lib/gcc/arm-none-eabi/8.2.1/../../../../arm-none-eabi/lib/thumb/v7-m/nofp\libc_nano.a(lib_a-reent.o)
 .ARM.attributes
                0x00000557       0x2d c:/arm-gcc/8-2018-q4-major/bin/../lib/gcc/arm-none-eabi/8.2.1/../../../../arm-none-eabi/lib/thumb/v7-m/nofp\libc_nano.a(lib_a-lock.o)
 .ARM.attributes
                0x00000584       0x2d c:/arm-gcc/8-2018-q4-major/bin/../lib/gcc/arm-none-eabi/8.2.1/../../../../arm-none-eabi/lib/thumb/v7-m/nofp\libm.a(lib_a-w_pow.o)
 .ARM.attributes
                0x000005b1       0x2d c:/arm-gcc/8-2018-q4-major/bin/../lib/gcc/arm-none-eabi/8.2.1/../../../../arm-none-eabi/lib/thumb/v7-m/nofp\libm.a(lib_a-e_pow.o)
 .ARM.attributes
                0x000005de       0x2d c:/arm-gcc/8-2018-q4-major/bin/../lib/gcc/arm-none-eabi/8.2.1/../../../../arm-none-eabi/lib/thumb/v7-m/nofp\libm.a(lib_a-e_sqrt.o)
 .ARM.attributes
                0x0000060b       0x2d c:/arm-gcc/8-2018-q4-major/bin/../lib/gcc/arm-none-eabi/8.2.1/../../../../arm-none-eabi/lib/thumb/v7-m/nofp\libm.a(lib_a-s_fabs.o)
 .ARM.attributes
                0x00000638       0x2d c:/arm-gcc/8-2018-q4-major/bin/../lib/gcc/arm-none-eabi/8.2.1/../../../../arm-none-eabi/lib/thumb/v7-m/nofp\libm.a(lib_a-s_finite.o)
 .ARM.attributes
                0x00000665       0x2d c:/arm-gcc/8-2018-q4-major/bin/../lib/gcc/arm-none-eabi/8.2.1/../../../../arm-none-eabi/lib/thumb/v7-m/nofp\libm.a(lib_a-s_lib_ver.o)
 .ARM.attributes
                0x00000692       0x2d c:/arm-gcc/8-2018-q4-major/bin/../lib/gcc/arm-none-eabi/8.2.1/../../../../arm-none-eabi/lib/thumb/v7-m/nofp\libm.a(lib_a-s_matherr.o)
 .ARM.attributes
                0x000006bf       0x2d c:/arm-gcc/8-2018-q4-major/bin/../lib/gcc/arm-none-eabi/8.2.1/../../../../arm-none-eabi/lib/thumb/v7-m/nofp\libm.a(lib_a-s_nan.o)
 .ARM.attributes
                0x000006ec       0x2d c:/arm-gcc/8-2018-q4-major/bin/../lib/gcc/arm-none-eabi/8.2.1/../../../../arm-none-eabi/lib/thumb/v7-m/nofp\libm.a(lib_a-s_rint.o)
 .ARM.attributes
                0x00000719       0x2d c:/arm-gcc/8-2018-q4-major/bin/../lib/gcc/arm-none-eabi/8.2.1/../../../../arm-none-eabi/lib/thumb/v7-m/nofp\libm.a(lib_a-s_scalbn.o)
 .ARM.attributes
                0x00000746       0x2d c:/arm-gcc/8-2018-q4-major/bin/../lib/gcc/arm-none-eabi/8.2.1/../../../../arm-none-eabi/lib/thumb/v7-m/nofp\libnosys.a(sbrk.o)
 .ARM.attributes
                0x00000773       0x1d c:/arm-gcc/8-2018-q4-major/bin/../lib/gcc/arm-none-eabi/8.2.1/thumb/v7-m/nofp\libgcc.a(_arm_addsubdf3.o)
 .ARM.attributes
                0x00000790       0x1d c:/arm-gcc/8-2018-q4-major/bin/../lib/gcc/arm-none-eabi/8.2.1/thumb/v7-m/nofp\libgcc.a(_arm_muldivdf3.o)
 .ARM.attributes
                0x000007ad       0x1d c:/arm-gcc/8-2018-q4-major/bin/../lib/gcc/arm-none-eabi/8.2.1/thumb/v7-m/nofp\libgcc.a(_arm_cmpdf2.o)
 .ARM.attributes
                0x000007ca       0x1d c:/arm-gcc/8-2018-q4-major/bin/../lib/gcc/arm-none-eabi/8.2.1/thumb/v7-m/nofp\libgcc.a(_arm_unorddf2.o)
 .ARM.attributes
                0x000007e7       0x1d c:/arm-gcc/8-2018-q4-major/bin/../lib/gcc/arm-none-eabi/8.2.1/thumb/v7-m/nofp\libgcc.a(_arm_fixunsdfsi.o)
 .ARM.attributes
                0x00000804       0x1d c:/arm-gcc/8-2018-q4-major/bin/../lib/gcc/arm-none-eabi/8.2.1/thumb/v7-m/nofp\libgcc.a(_arm_addsubsf3.o)
 .ARM.attributes
                0x00000821       0x1d c:/arm-gcc/8-2018-q4-major/bin/../lib/gcc/arm-none-eabi/8.2.1/thumb/v7-m/nofp\libgcc.a(_arm_muldivsf3.o)
 .ARM.attributes
                0x0000083e       0x1d c:/arm-gcc/8-2018-q4-major/bin/../lib/gcc/arm-none-eabi/8.2.1/thumb/v7-m/nofp\libgcc.a(_arm_fixunssfsi.o)
 .ARM.attributes
                0x0000085b       0x2d c:/arm-gcc/8-2018-q4-major/bin/../lib/gcc/arm-none-eabi/8.2.1/../../../../arm-none-eabi/lib/thumb/v7-m/nofp\libc_nano.a(lib_a-errno.o)
 .ARM.attributes
                0x00000888       0x1d c:/arm-gcc/8-2018-q4-major/bin/../lib/gcc/arm-none-eabi/8.2.1/thumb/v7-m/nofp/crtn.o
OUTPUT(build/BMS_FINAL.elf elf32-littlearm)

.debug_info     0x00000000    0x1e478
 .debug_info    0x00000000     0x3510 build/main.o
 .debug_info    0x00003510     0x1067 build/stm32f1xx_it.o
 .debug_info    0x00004577     0x212c build/stm32f1xx_hal_msp.o
 .debug_info    0x000066a3     0x1a5b build/stm32f1xx_hal_adc.o
 .debug_info    0x000080fe     0x1df2 build/stm32f1xx_hal_can.o
 .debug_info    0x00009ef0     0x2746 build/stm32f1xx_hal_spi.o
 .debug_info    0x0000c636     0x10bf build/stm32f1xx_hal_spi_ex.o
 .debug_info    0x0000d6f5     0x3fed build/stm32f1xx_hal_tim.o
 .debug_info    0x000116e2     0x1fa8 build/stm32f1xx_hal_tim_ex.o
 .debug_info    0x0001368a     0x1228 build/stm32f1xx_hal.o
 .debug_info    0x000148b2     0x1515 build/stm32f1xx_hal_rcc.o
 .debug_info    0x00015dc7      0xeb5 build/stm32f1xx_hal_rcc_ex.o
 .debug_info    0x00016c7c     0x114b build/stm32f1xx_hal_gpio.o
 .debug_info    0x00017dc7     0x1866 build/stm32f1xx_hal_cortex.o
 .debug_info    0x0001962d      0xe55 build/system_stm32f1xx.o
 .debug_info    0x0001a482      0xe23 build/BMSconfig.o
 .debug_info    0x0001b2a5     0x1e0a build/LTC6811.o
 .debug_info    0x0001d0af     0x13a7 build/SPI.o
 .debug_info    0x0001e456       0x22 build/startup_stm32f103xb.o

.debug_abbrev   0x00000000     0x38ac
 .debug_abbrev  0x00000000      0x423 build/main.o
 .debug_abbrev  0x00000423      0x22d build/stm32f1xx_it.o
 .debug_abbrev  0x00000650      0x317 build/stm32f1xx_hal_msp.o
 .debug_abbrev  0x00000967      0x2ef build/stm32f1xx_hal_adc.o
 .debug_abbrev  0x00000c56      0x3ae build/stm32f1xx_hal_can.o
 .debug_abbrev  0x00001004      0x35c build/stm32f1xx_hal_spi.o
 .debug_abbrev  0x00001360      0x21a build/stm32f1xx_hal_spi_ex.o
 .debug_abbrev  0x0000157a      0x371 build/stm32f1xx_hal_tim.o
 .debug_abbrev  0x000018eb      0x346 build/stm32f1xx_hal_tim_ex.o
 .debug_abbrev  0x00001c31      0x348 build/stm32f1xx_hal.o
 .debug_abbrev  0x00001f79      0x386 build/stm32f1xx_hal_rcc.o
 .debug_abbrev  0x000022ff      0x2de build/stm32f1xx_hal_rcc_ex.o
 .debug_abbrev  0x000025dd      0x30a build/stm32f1xx_hal_gpio.o
 .debug_abbrev  0x000028e7      0x459 build/stm32f1xx_hal_cortex.o
 .debug_abbrev  0x00002d40      0x23f build/system_stm32f1xx.o
 .debug_abbrev  0x00002f7f      0x1e5 build/BMSconfig.o
 .debug_abbrev  0x00003164      0x495 build/LTC6811.o
 .debug_abbrev  0x000035f9      0x2a1 build/SPI.o
 .debug_abbrev  0x0000389a       0x12 build/startup_stm32f103xb.o

.debug_loc      0x00000000     0xe2e5
 .debug_loc     0x00000000      0xdcc build/main.o
 .debug_loc     0x00000dcc       0x40 build/stm32f1xx_it.o
 .debug_loc     0x00000e0c      0x325 build/stm32f1xx_hal_msp.o
 .debug_loc     0x00001131      0xe95 build/stm32f1xx_hal_adc.o
 .debug_loc     0x00001fc6      0xf91 build/stm32f1xx_hal_can.o
 .debug_loc     0x00002f57     0x2504 build/stm32f1xx_hal_spi.o
 .debug_loc     0x0000545b       0x85 build/stm32f1xx_hal_spi_ex.o
 .debug_loc     0x000054e0     0x4b08 build/stm32f1xx_hal_tim.o
 .debug_loc     0x00009fe8     0x15b2 build/stm32f1xx_hal_tim_ex.o
 .debug_loc     0x0000b59a      0x1cc build/stm32f1xx_hal.o
 .debug_loc     0x0000b766      0x815 build/stm32f1xx_hal_rcc.o
 .debug_loc     0x0000bf7b      0x405 build/stm32f1xx_hal_rcc_ex.o
 .debug_loc     0x0000c380      0x5a1 build/stm32f1xx_hal_gpio.o
 .debug_loc     0x0000c921      0x76b build/stm32f1xx_hal_cortex.o
 .debug_loc     0x0000d08c       0xff build/system_stm32f1xx.o
 .debug_loc     0x0000d18b       0x2c build/BMSconfig.o
 .debug_loc     0x0000d1b7      0xf35 build/LTC6811.o
 .debug_loc     0x0000e0ec      0x1f9 build/SPI.o

.debug_aranges  0x00000000      0xdc0
 .debug_aranges
                0x00000000       0xa0 build/main.o
 .debug_aranges
                0x000000a0       0x68 build/stm32f1xx_it.o
 .debug_aranges
                0x00000108       0x60 build/stm32f1xx_hal_msp.o
 .debug_aranges
                0x00000168       0xf0 build/stm32f1xx_hal_adc.o
 .debug_aranges
                0x00000258      0x138 build/stm32f1xx_hal_can.o
 .debug_aranges
                0x00000390      0x1d0 build/stm32f1xx_hal_spi.o
 .debug_aranges
                0x00000560       0x20 build/stm32f1xx_hal_spi_ex.o
 .debug_aranges
                0x00000580      0x368 build/stm32f1xx_hal_tim.o
 .debug_aranges
                0x000008e8      0x138 build/stm32f1xx_hal_tim_ex.o
 .debug_aranges
                0x00000a20       0xd0 build/stm32f1xx_hal.o
 .debug_aranges
                0x00000af0       0x90 build/stm32f1xx_hal_rcc.o
 .debug_aranges
                0x00000b80       0x30 build/stm32f1xx_hal_rcc_ex.o
 .debug_aranges
                0x00000bb0       0x58 build/stm32f1xx_hal_gpio.o
 .debug_aranges
                0x00000c08       0x90 build/stm32f1xx_hal_cortex.o
 .debug_aranges
                0x00000c98       0x28 build/system_stm32f1xx.o
 .debug_aranges
                0x00000cc0       0x20 build/BMSconfig.o
 .debug_aranges
                0x00000ce0       0x88 build/LTC6811.o
 .debug_aranges
                0x00000d68       0x30 build/SPI.o
 .debug_aranges
                0x00000d98       0x28 build/startup_stm32f103xb.o

.debug_ranges   0x00000000      0xdd8
 .debug_ranges  0x00000000       0xd8 build/main.o
 .debug_ranges  0x000000d8       0x58 build/stm32f1xx_it.o
 .debug_ranges  0x00000130       0x50 build/stm32f1xx_hal_msp.o
 .debug_ranges  0x00000180       0xe0 build/stm32f1xx_hal_adc.o
 .debug_ranges  0x00000260      0x128 build/stm32f1xx_hal_can.o
 .debug_ranges  0x00000388      0x1c0 build/stm32f1xx_hal_spi.o
 .debug_ranges  0x00000548       0x10 build/stm32f1xx_hal_spi_ex.o
 .debug_ranges  0x00000558      0x358 build/stm32f1xx_hal_tim.o
 .debug_ranges  0x000008b0      0x128 build/stm32f1xx_hal_tim_ex.o
 .debug_ranges  0x000009d8       0xc0 build/stm32f1xx_hal.o
 .debug_ranges  0x00000a98       0xa0 build/stm32f1xx_hal_rcc.o
 .debug_ranges  0x00000b38       0x38 build/stm32f1xx_hal_rcc_ex.o
 .debug_ranges  0x00000b70       0x48 build/stm32f1xx_hal_gpio.o
 .debug_ranges  0x00000bb8       0xc8 build/stm32f1xx_hal_cortex.o
 .debug_ranges  0x00000c80       0x18 build/system_stm32f1xx.o
 .debug_ranges  0x00000c98       0x10 build/BMSconfig.o
 .debug_ranges  0x00000ca8       0xf0 build/LTC6811.o
 .debug_ranges  0x00000d98       0x20 build/SPI.o
 .debug_ranges  0x00000db8       0x20 build/startup_stm32f103xb.o

.debug_line     0x00000000     0xd80b
 .debug_line    0x00000000      0xf3f build/main.o
 .debug_line    0x00000f3f      0x2f3 build/stm32f1xx_it.o
 .debug_line    0x00001232      0x4e4 build/stm32f1xx_hal_msp.o
 .debug_line    0x00001716      0xe98 build/stm32f1xx_hal_adc.o
 .debug_line    0x000025ae     0x1135 build/stm32f1xx_hal_can.o
 .debug_line    0x000036e3     0x2093 build/stm32f1xx_hal_spi.o
 .debug_line    0x00005776      0x2b6 build/stm32f1xx_hal_spi_ex.o
 .debug_line    0x00005a2c     0x2eb4 build/stm32f1xx_hal_tim.o
 .debug_line    0x000088e0      0xec7 build/stm32f1xx_hal_tim_ex.o
 .debug_line    0x000097a7      0x520 build/stm32f1xx_hal.o
 .debug_line    0x00009cc7      0xbf5 build/stm32f1xx_hal_rcc.o
 .debug_line    0x0000a8bc      0x4f2 build/stm32f1xx_hal_rcc_ex.o
 .debug_line    0x0000adae      0x665 build/stm32f1xx_hal_gpio.o
 .debug_line    0x0000b413      0x636 build/stm32f1xx_hal_cortex.o
 .debug_line    0x0000ba49      0x2f4 build/system_stm32f1xx.o
 .debug_line    0x0000bd3d      0x381 build/BMSconfig.o
 .debug_line    0x0000c0be     0x1368 build/LTC6811.o
 .debug_line    0x0000d426      0x373 build/SPI.o
 .debug_line    0x0000d799       0x72 build/startup_stm32f103xb.o

.debug_str      0x00000000     0x4843
 .debug_str     0x00000000     0x1ba5 build/main.o
                               0x1d18 (size before relaxing)
 .debug_str     0x00001ba5       0xee build/stm32f1xx_it.o
                                0x996 (size before relaxing)
 .debug_str     0x00001c93      0x40f build/stm32f1xx_hal_msp.o
                               0x13b4 (size before relaxing)
 .debug_str     0x000020a2      0x358 build/stm32f1xx_hal_adc.o
                                0xd25 (size before relaxing)
 .debug_str     0x000023fa      0x3e3 build/stm32f1xx_hal_can.o
                                0xec4 (size before relaxing)
 .debug_str     0x000027dd      0x4e1 build/stm32f1xx_hal_spi.o
                                0xf71 (size before relaxing)
 .debug_str     0x00002cbe       0x38 build/stm32f1xx_hal_spi_ex.o
                                0xa59 (size before relaxing)
 .debug_str     0x00002cf6      0xc80 build/stm32f1xx_hal_tim.o
                               0x17cd (size before relaxing)
 .debug_str     0x00003976      0x47e build/stm32f1xx_hal_tim_ex.o
                               0x106f (size before relaxing)
 .debug_str     0x00003df4      0x236 build/stm32f1xx_hal.o
                                0xc09 (size before relaxing)
 .debug_str     0x0000402a      0x1dd build/stm32f1xx_hal_rcc.o
                                0xa75 (size before relaxing)
 .debug_str     0x00004207       0x81 build/stm32f1xx_hal_rcc_ex.o
                                0x859 (size before relaxing)
 .debug_str     0x00004288      0x106 build/stm32f1xx_hal_gpio.o
                                0x89e (size before relaxing)
 .debug_str     0x0000438e      0x27f build/stm32f1xx_hal_cortex.o
                                0xd31 (size before relaxing)
 .debug_str     0x0000460d       0x4a build/system_stm32f1xx.o
                                0x707 (size before relaxing)
 .debug_str     0x00004657       0x10 build/BMSconfig.o
                                0x94d (size before relaxing)
 .debug_str     0x00004667      0x171 build/LTC6811.o
                                0xd60 (size before relaxing)
 .debug_str     0x000047d8       0x46 build/SPI.o
                                0xae8 (size before relaxing)
 .debug_str     0x0000481e       0x25 build/startup_stm32f103xb.o
                                 0x36 (size before relaxing)

.comment        0x00000000       0x75
 .comment       0x00000000       0x75 build/main.o
                                 0x76 (size before relaxing)
 .comment       0x00000075       0x76 build/stm32f1xx_it.o
 .comment       0x00000075       0x76 build/stm32f1xx_hal_msp.o
 .comment       0x00000075       0x76 build/stm32f1xx_hal_adc.o
 .comment       0x00000075       0x76 build/stm32f1xx_hal_can.o
 .comment       0x00000075       0x76 build/stm32f1xx_hal_spi.o
 .comment       0x00000075       0x76 build/stm32f1xx_hal_spi_ex.o
 .comment       0x00000075       0x76 build/stm32f1xx_hal_tim.o
 .comment       0x00000075       0x76 build/stm32f1xx_hal_tim_ex.o
 .comment       0x00000075       0x76 build/stm32f1xx_hal.o
 .comment       0x00000075       0x76 build/stm32f1xx_hal_rcc.o
 .comment       0x00000075       0x76 build/stm32f1xx_hal_rcc_ex.o
 .comment       0x00000075       0x76 build/stm32f1xx_hal_gpio.o
 .comment       0x00000075       0x76 build/stm32f1xx_hal_cortex.o
 .comment       0x00000075       0x76 build/system_stm32f1xx.o
 .comment       0x00000075       0x76 build/BMSconfig.o
 .comment       0x00000075       0x76 build/LTC6811.o
 .comment       0x00000075       0x76 build/SPI.o

.debug_frame    0x00000000     0x3148
 .debug_frame   0x00000000      0x344 build/main.o
 .debug_frame   0x00000344       0xc8 build/stm32f1xx_it.o
 .debug_frame   0x0000040c      0x10c build/stm32f1xx_hal_msp.o
 .debug_frame   0x00000518      0x31c build/stm32f1xx_hal_adc.o
 .debug_frame   0x00000834      0x310 build/stm32f1xx_hal_can.o
 .debug_frame   0x00000b44      0x5fc build/stm32f1xx_hal_spi.o
 .debug_frame   0x00001140       0x30 build/stm32f1xx_hal_spi_ex.o
 .debug_frame   0x00001170      0xb18 build/stm32f1xx_hal_tim.o
 .debug_frame   0x00001c88      0x3e4 build/stm32f1xx_hal_tim_ex.o
 .debug_frame   0x0000206c      0x1c0 build/stm32f1xx_hal.o
 .debug_frame   0x0000222c      0x1b0 build/stm32f1xx_hal_rcc.o
 .debug_frame   0x000023dc       0x74 build/stm32f1xx_hal_rcc_ex.o
 .debug_frame   0x00002450       0xe8 build/stm32f1xx_hal_gpio.o
 .debug_frame   0x00002538      0x13c build/stm32f1xx_hal_cortex.o
 .debug_frame   0x00002674       0x30 build/system_stm32f1xx.o
 .debug_frame   0x000026a4       0x2c build/BMSconfig.o
 .debug_frame   0x000026d0      0x2cc build/LTC6811.o
 .debug_frame   0x0000299c       0x84 build/SPI.o
 .debug_frame   0x00002a20       0x2c c:/arm-gcc/8-2018-q4-major/bin/../lib/gcc/arm-none-eabi/8.2.1/../../../../arm-none-eabi/lib/thumb/v7-m/nofp\libc_nano.a(lib_a-init.o)
 .debug_frame   0x00002a4c       0x30 c:/arm-gcc/8-2018-q4-major/bin/../lib/gcc/arm-none-eabi/8.2.1/../../../../arm-none-eabi/lib/thumb/v7-m/nofp\libc_nano.a(lib_a-malloc.o)
 .debug_frame   0x00002a7c       0x28 c:/arm-gcc/8-2018-q4-major/bin/../lib/gcc/arm-none-eabi/8.2.1/../../../../arm-none-eabi/lib/thumb/v7-m/nofp\libc_nano.a(lib_a-memcpy-stub.o)
 .debug_frame   0x00002aa4       0x20 c:/arm-gcc/8-2018-q4-major/bin/../lib/gcc/arm-none-eabi/8.2.1/../../../../arm-none-eabi/lib/thumb/v7-m/nofp\libc_nano.a(lib_a-memset.o)
 .debug_frame   0x00002ac4       0x38 c:/arm-gcc/8-2018-q4-major/bin/../lib/gcc/arm-none-eabi/8.2.1/../../../../arm-none-eabi/lib/thumb/v7-m/nofp\libc_nano.a(lib_a-nano-freer.o)
 .debug_frame   0x00002afc       0x30 c:/arm-gcc/8-2018-q4-major/bin/../lib/gcc/arm-none-eabi/8.2.1/../../../../arm-none-eabi/lib/thumb/v7-m/nofp\libc_nano.a(lib_a-nano-mallocr.o)
 .debug_frame   0x00002b2c       0x2c c:/arm-gcc/8-2018-q4-major/bin/../lib/gcc/arm-none-eabi/8.2.1/../../../../arm-none-eabi/lib/thumb/v7-m/nofp\libc_nano.a(lib_a-sbrkr.o)
 .debug_frame   0x00002b58       0x30 c:/arm-gcc/8-2018-q4-major/bin/../lib/gcc/arm-none-eabi/8.2.1/../../../../arm-none-eabi/lib/thumb/v7-m/nofp\libc_nano.a(lib_a-mlock.o)
 .debug_frame   0x00002b88       0x5c c:/arm-gcc/8-2018-q4-major/bin/../lib/gcc/arm-none-eabi/8.2.1/../../../../arm-none-eabi/lib/thumb/v7-m/nofp\libc_nano.a(lib_a-reent.o)
 .debug_frame   0x00002be4       0xb0 c:/arm-gcc/8-2018-q4-major/bin/../lib/gcc/arm-none-eabi/8.2.1/../../../../arm-none-eabi/lib/thumb/v7-m/nofp\libc_nano.a(lib_a-lock.o)
 .debug_frame   0x00002c94       0x40 c:/arm-gcc/8-2018-q4-major/bin/../lib/gcc/arm-none-eabi/8.2.1/../../../../arm-none-eabi/lib/thumb/v7-m/nofp\libm.a(lib_a-w_pow.o)
 .debug_frame   0x00002cd4       0x64 c:/arm-gcc/8-2018-q4-major/bin/../lib/gcc/arm-none-eabi/8.2.1/../../../../arm-none-eabi/lib/thumb/v7-m/nofp\libm.a(lib_a-e_pow.o)
 .debug_frame   0x00002d38       0x30 c:/arm-gcc/8-2018-q4-major/bin/../lib/gcc/arm-none-eabi/8.2.1/../../../../arm-none-eabi/lib/thumb/v7-m/nofp\libm.a(lib_a-e_sqrt.o)
 .debug_frame   0x00002d68       0x20 c:/arm-gcc/8-2018-q4-major/bin/../lib/gcc/arm-none-eabi/8.2.1/../../../../arm-none-eabi/lib/thumb/v7-m/nofp\libm.a(lib_a-s_fabs.o)
 .debug_frame   0x00002d88       0x20 c:/arm-gcc/8-2018-q4-major/bin/../lib/gcc/arm-none-eabi/8.2.1/../../../../arm-none-eabi/lib/thumb/v7-m/nofp\libm.a(lib_a-s_finite.o)
 .debug_frame   0x00002da8       0x20 c:/arm-gcc/8-2018-q4-major/bin/../lib/gcc/arm-none-eabi/8.2.1/../../../../arm-none-eabi/lib/thumb/v7-m/nofp\libm.a(lib_a-s_matherr.o)
 .debug_frame   0x00002dc8       0x20 c:/arm-gcc/8-2018-q4-major/bin/../lib/gcc/arm-none-eabi/8.2.1/../../../../arm-none-eabi/lib/thumb/v7-m/nofp\libm.a(lib_a-s_nan.o)
 .debug_frame   0x00002de8       0x44 c:/arm-gcc/8-2018-q4-major/bin/../lib/gcc/arm-none-eabi/8.2.1/../../../../arm-none-eabi/lib/thumb/v7-m/nofp\libm.a(lib_a-s_rint.o)
 .debug_frame   0x00002e2c       0x30 c:/arm-gcc/8-2018-q4-major/bin/../lib/gcc/arm-none-eabi/8.2.1/../../../../arm-none-eabi/lib/thumb/v7-m/nofp\libm.a(lib_a-s_scalbn.o)
 .debug_frame   0x00002e5c       0x20 c:/arm-gcc/8-2018-q4-major/bin/../lib/gcc/arm-none-eabi/8.2.1/../../../../arm-none-eabi/lib/thumb/v7-m/nofp\libnosys.a(sbrk.o)
 .debug_frame   0x00002e7c       0xac c:/arm-gcc/8-2018-q4-major/bin/../lib/gcc/arm-none-eabi/8.2.1/thumb/v7-m/nofp\libgcc.a(_arm_addsubdf3.o)
 .debug_frame   0x00002f28       0x50 c:/arm-gcc/8-2018-q4-major/bin/../lib/gcc/arm-none-eabi/8.2.1/thumb/v7-m/nofp\libgcc.a(_arm_muldivdf3.o)
 .debug_frame   0x00002f78       0xc4 c:/arm-gcc/8-2018-q4-major/bin/../lib/gcc/arm-none-eabi/8.2.1/thumb/v7-m/nofp\libgcc.a(_arm_cmpdf2.o)
 .debug_frame   0x0000303c       0x20 c:/arm-gcc/8-2018-q4-major/bin/../lib/gcc/arm-none-eabi/8.2.1/thumb/v7-m/nofp\libgcc.a(_arm_unorddf2.o)
 .debug_frame   0x0000305c       0x24 c:/arm-gcc/8-2018-q4-major/bin/../lib/gcc/arm-none-eabi/8.2.1/thumb/v7-m/nofp\libgcc.a(_arm_fixunsdfsi.o)
 .debug_frame   0x00003080       0x4c c:/arm-gcc/8-2018-q4-major/bin/../lib/gcc/arm-none-eabi/8.2.1/thumb/v7-m/nofp\libgcc.a(_arm_addsubsf3.o)
 .debug_frame   0x000030cc       0x38 c:/arm-gcc/8-2018-q4-major/bin/../lib/gcc/arm-none-eabi/8.2.1/thumb/v7-m/nofp\libgcc.a(_arm_muldivsf3.o)
 .debug_frame   0x00003104       0x24 c:/arm-gcc/8-2018-q4-major/bin/../lib/gcc/arm-none-eabi/8.2.1/thumb/v7-m/nofp\libgcc.a(_arm_fixunssfsi.o)
 .debug_frame   0x00003128       0x20 c:/arm-gcc/8-2018-q4-major/bin/../lib/gcc/arm-none-eabi/8.2.1/../../../../arm-none-eabi/lib/thumb/v7-m/nofp\libc_nano.a(lib_a-errno.o)

Cross Reference Table

Symbol                                            File
ADC1_2_IRQHandler                                 build/startup_stm32f103xb.o
ADC_ConversionStop_Disable                        build/stm32f1xx_hal_adc.o
                                                  build/stm32f1xx_hal_adc_ex.o
ADC_DMAConvCplt                                   build/stm32f1xx_hal_adc.o
                                                  build/stm32f1xx_hal_adc_ex.o
ADC_DMAError                                      build/stm32f1xx_hal_adc.o
                                                  build/stm32f1xx_hal_adc_ex.o
ADC_DMAHalfConvCplt                               build/stm32f1xx_hal_adc.o
                                                  build/stm32f1xx_hal_adc_ex.o
ADC_Enable                                        build/stm32f1xx_hal_adc.o
                                                  build/stm32f1xx_hal_adc_ex.o
AHBPrescTable                                     build/system_stm32f1xx.o
                                                  build/stm32f1xx_hal_rcc.o
APBPrescTable                                     build/system_stm32f1xx.o
                                                  build/stm32f1xx_hal_rcc.o
BMSSTAT_DATA                                      build/main.o
BMSSTAT_message                                   build/main.o
BMSTINF_message                                   build/main.o
BMSVINF_message                                   build/main.o
BMSconfig                                         build/main.o
BusFault_Handler                                  build/stm32f1xx_it.o
CAN1_RX1_IRQHandler                               build/startup_stm32f103xb.o
CAN1_SCE_IRQHandler                               build/startup_stm32f103xb.o
CELLVAL_DATA                                      build/main.o
CELLVAL_message                                   build/main.o
CRC15_POLY                                        build/LTC6811.o
ChargerTxData                                     build/main.o
ChargerTxHeader                                   build/main.o
CommandCode                                       build/main.o
DMA1_Channel1_IRQHandler                          build/startup_stm32f103xb.o
DMA1_Channel2_IRQHandler                          build/startup_stm32f103xb.o
DMA1_Channel3_IRQHandler                          build/startup_stm32f103xb.o
DMA1_Channel4_IRQHandler                          build/startup_stm32f103xb.o
DMA1_Channel5_IRQHandler                          build/startup_stm32f103xb.o
DMA1_Channel6_IRQHandler                          build/startup_stm32f103xb.o
DMA1_Channel7_IRQHandler                          build/startup_stm32f103xb.o
DebugMon_Handler                                  build/stm32f1xx_it.o
Default_Handler                                   build/startup_stm32f103xb.o
EXTI0_IRQHandler                                  build/startup_stm32f103xb.o
EXTI15_10_IRQHandler                              build/startup_stm32f103xb.o
EXTI1_IRQHandler                                  build/startup_stm32f103xb.o
EXTI2_IRQHandler                                  build/startup_stm32f103xb.o
EXTI3_IRQHandler                                  build/startup_stm32f103xb.o
EXTI4_IRQHandler                                  build/startup_stm32f103xb.o
EXTI9_5_IRQHandler                                build/startup_stm32f103xb.o
Error_Handler                                     build/main.o
FAULT_check                                       build/main.o
FLASH_IRQHandler                                  build/startup_stm32f103xb.o
FLASH_PageErase                                   build/stm32f1xx_hal_flash_ex.o
                                                  build/stm32f1xx_hal_flash.o
FLASH_WaitForLastOperation                        build/stm32f1xx_hal_flash.o
                                                  build/stm32f1xx_hal_flash_ex.o
HAL_ADCEx_Calibration_Start                       build/stm32f1xx_hal_adc_ex.o
HAL_ADCEx_InjectedConfigChannel                   build/stm32f1xx_hal_adc_ex.o
HAL_ADCEx_InjectedConvCpltCallback                build/stm32f1xx_hal_adc_ex.o
                                                  build/stm32f1xx_hal_adc.o
HAL_ADCEx_InjectedGetValue                        build/stm32f1xx_hal_adc_ex.o
HAL_ADCEx_InjectedPollForConversion               build/stm32f1xx_hal_adc_ex.o
HAL_ADCEx_InjectedStart                           build/stm32f1xx_hal_adc_ex.o
HAL_ADCEx_InjectedStart_IT                        build/stm32f1xx_hal_adc_ex.o
HAL_ADCEx_InjectedStop                            build/stm32f1xx_hal_adc_ex.o
HAL_ADCEx_InjectedStop_IT                         build/stm32f1xx_hal_adc_ex.o
HAL_ADCEx_MultiModeConfigChannel                  build/stm32f1xx_hal_adc_ex.o
HAL_ADCEx_MultiModeGetValue                       build/stm32f1xx_hal_adc_ex.o
HAL_ADCEx_MultiModeStart_DMA                      build/stm32f1xx_hal_adc_ex.o
HAL_ADCEx_MultiModeStop_DMA                       build/stm32f1xx_hal_adc_ex.o
HAL_ADC_AnalogWDGConfig                           build/stm32f1xx_hal_adc.o
HAL_ADC_ConfigChannel                             build/stm32f1xx_hal_adc.o
                                                  build/main.o
HAL_ADC_ConvCpltCallback                          build/stm32f1xx_hal_adc.o
HAL_ADC_ConvHalfCpltCallback                      build/stm32f1xx_hal_adc.o
HAL_ADC_DeInit                                    build/stm32f1xx_hal_adc.o
HAL_ADC_ErrorCallback                             build/stm32f1xx_hal_adc.o
HAL_ADC_GetError                                  build/stm32f1xx_hal_adc.o
HAL_ADC_GetState                                  build/stm32f1xx_hal_adc.o
HAL_ADC_GetValue                                  build/stm32f1xx_hal_adc.o
HAL_ADC_IRQHandler                                build/stm32f1xx_hal_adc.o
HAL_ADC_Init                                      build/stm32f1xx_hal_adc.o
                                                  build/main.o
HAL_ADC_LevelOutOfWindowCallback                  build/stm32f1xx_hal_adc.o
HAL_ADC_MspDeInit                                 build/stm32f1xx_hal_msp.o
HAL_ADC_MspInit                                   build/stm32f1xx_hal_msp.o
HAL_ADC_PollForConversion                         build/stm32f1xx_hal_adc.o
HAL_ADC_PollForEvent                              build/stm32f1xx_hal_adc.o
HAL_ADC_Start                                     build/stm32f1xx_hal_adc.o
HAL_ADC_Start_DMA                                 build/stm32f1xx_hal_adc.o
HAL_ADC_Start_IT                                  build/stm32f1xx_hal_adc.o
HAL_ADC_Stop                                      build/stm32f1xx_hal_adc.o
HAL_ADC_Stop_DMA                                  build/stm32f1xx_hal_adc.o
HAL_ADC_Stop_IT                                   build/stm32f1xx_hal_adc.o
HAL_CAN_AbortTxRequest                            build/stm32f1xx_hal_can.o
HAL_CAN_ActivateNotification                      build/stm32f1xx_hal_can.o
                                                  build/main.o
HAL_CAN_AddTxMessage                              build/stm32f1xx_hal_can.o
                                                  build/main.o
HAL_CAN_ConfigFilter                              build/stm32f1xx_hal_can.o
                                                  build/main.o
HAL_CAN_DeInit                                    build/stm32f1xx_hal_can.o
HAL_CAN_DeactivateNotification                    build/stm32f1xx_hal_can.o
HAL_CAN_ErrorCallback                             build/stm32f1xx_hal_can.o
HAL_CAN_GetError                                  build/stm32f1xx_hal_can.o
HAL_CAN_GetRxFifoFillLevel                        build/stm32f1xx_hal_can.o
HAL_CAN_GetRxMessage                              build/stm32f1xx_hal_can.o
HAL_CAN_GetState                                  build/stm32f1xx_hal_can.o
HAL_CAN_GetTxMailboxesFreeLevel                   build/stm32f1xx_hal_can.o
HAL_CAN_GetTxTimestamp                            build/stm32f1xx_hal_can.o
HAL_CAN_IRQHandler                                build/stm32f1xx_hal_can.o
                                                  build/stm32f1xx_it.o
HAL_CAN_Init                                      build/stm32f1xx_hal_can.o
                                                  build/main.o
HAL_CAN_IsSleepActive                             build/stm32f1xx_hal_can.o
HAL_CAN_IsTxMessagePending                        build/stm32f1xx_hal_can.o
HAL_CAN_MspDeInit                                 build/stm32f1xx_hal_msp.o
HAL_CAN_MspInit                                   build/stm32f1xx_hal_msp.o
HAL_CAN_RequestSleep                              build/stm32f1xx_hal_can.o
HAL_CAN_ResetError                                build/stm32f1xx_hal_can.o
HAL_CAN_RxFifo0FullCallback                       build/stm32f1xx_hal_can.o
HAL_CAN_RxFifo0MsgPendingCallback                 build/stm32f1xx_hal_can.o
HAL_CAN_RxFifo1FullCallback                       build/stm32f1xx_hal_can.o
HAL_CAN_RxFifo1MsgPendingCallback                 build/stm32f1xx_hal_can.o
HAL_CAN_SleepCallback                             build/stm32f1xx_hal_can.o
HAL_CAN_Start                                     build/stm32f1xx_hal_can.o
                                                  build/main.o
HAL_CAN_Stop                                      build/stm32f1xx_hal_can.o
HAL_CAN_TxMailbox0AbortCallback                   build/stm32f1xx_hal_can.o
HAL_CAN_TxMailbox0CompleteCallback                build/stm32f1xx_hal_can.o
HAL_CAN_TxMailbox1AbortCallback                   build/stm32f1xx_hal_can.o
HAL_CAN_TxMailbox1CompleteCallback                build/stm32f1xx_hal_can.o
HAL_CAN_TxMailbox2AbortCallback                   build/stm32f1xx_hal_can.o
HAL_CAN_TxMailbox2CompleteCallback                build/stm32f1xx_hal_can.o
HAL_CAN_WakeUp                                    build/stm32f1xx_hal_can.o
HAL_CAN_WakeUpFromRxMsgCallback                   build/stm32f1xx_hal_can.o
HAL_DBGMCU_DisableDBGSleepMode                    build/stm32f1xx_hal.o
HAL_DBGMCU_DisableDBGStandbyMode                  build/stm32f1xx_hal.o
HAL_DBGMCU_DisableDBGStopMode                     build/stm32f1xx_hal.o
HAL_DBGMCU_EnableDBGSleepMode                     build/stm32f1xx_hal.o
HAL_DBGMCU_EnableDBGStandbyMode                   build/stm32f1xx_hal.o
HAL_DBGMCU_EnableDBGStopMode                      build/stm32f1xx_hal.o
HAL_DMA_Abort                                     build/stm32f1xx_hal_dma.o
                                                  build/stm32f1xx_hal_tim.o
                                                  build/stm32f1xx_hal_spi.o
                                                  build/stm32f1xx_hal_adc_ex.o
                                                  build/stm32f1xx_hal_adc.o
HAL_DMA_Abort_IT                                  build/stm32f1xx_hal_dma.o
                                                  build/stm32f1xx_hal_spi.o
HAL_DMA_DeInit                                    build/stm32f1xx_hal_dma.o
HAL_DMA_GetError                                  build/stm32f1xx_hal_dma.o
HAL_DMA_GetState                                  build/stm32f1xx_hal_dma.o
HAL_DMA_IRQHandler                                build/stm32f1xx_hal_dma.o
HAL_DMA_Init                                      build/stm32f1xx_hal_dma.o
HAL_DMA_PollForTransfer                           build/stm32f1xx_hal_dma.o
HAL_DMA_RegisterCallback                          build/stm32f1xx_hal_dma.o
HAL_DMA_Start                                     build/stm32f1xx_hal_dma.o
HAL_DMA_Start_IT                                  build/stm32f1xx_hal_dma.o
                                                  build/stm32f1xx_hal_tim_ex.o
                                                  build/stm32f1xx_hal_tim.o
                                                  build/stm32f1xx_hal_spi.o
                                                  build/stm32f1xx_hal_adc_ex.o
                                                  build/stm32f1xx_hal_adc.o
HAL_DMA_UnRegisterCallback                        build/stm32f1xx_hal_dma.o
HAL_DeInit                                        build/stm32f1xx_hal.o
HAL_Delay                                         build/stm32f1xx_hal.o
                                                  build/SPI.o
                                                  build/LTC6811.o
                                                  build/main.o
HAL_FLASHEx_Erase                                 build/stm32f1xx_hal_flash_ex.o
HAL_FLASHEx_Erase_IT                              build/stm32f1xx_hal_flash_ex.o
HAL_FLASHEx_OBErase                               build/stm32f1xx_hal_flash_ex.o
HAL_FLASHEx_OBGetConfig                           build/stm32f1xx_hal_flash_ex.o
HAL_FLASHEx_OBGetUserData                         build/stm32f1xx_hal_flash_ex.o
HAL_FLASHEx_OBProgram                             build/stm32f1xx_hal_flash_ex.o
HAL_FLASH_EndOfOperationCallback                  build/stm32f1xx_hal_flash.o
HAL_FLASH_GetError                                build/stm32f1xx_hal_flash.o
HAL_FLASH_IRQHandler                              build/stm32f1xx_hal_flash.o
HAL_FLASH_Lock                                    build/stm32f1xx_hal_flash.o
HAL_FLASH_OB_Launch                               build/stm32f1xx_hal_flash.o
HAL_FLASH_OB_Lock                                 build/stm32f1xx_hal_flash.o
HAL_FLASH_OB_Unlock                               build/stm32f1xx_hal_flash.o
HAL_FLASH_OperationErrorCallback                  build/stm32f1xx_hal_flash.o
HAL_FLASH_Program                                 build/stm32f1xx_hal_flash.o
HAL_FLASH_Program_IT                              build/stm32f1xx_hal_flash.o
HAL_FLASH_Unlock                                  build/stm32f1xx_hal_flash.o
HAL_GPIOEx_ConfigEventout                         build/stm32f1xx_hal_gpio_ex.o
HAL_GPIOEx_DisableEventout                        build/stm32f1xx_hal_gpio_ex.o
HAL_GPIOEx_EnableEventout                         build/stm32f1xx_hal_gpio_ex.o
HAL_GPIO_DeInit                                   build/stm32f1xx_hal_gpio.o
                                                  build/stm32f1xx_hal_msp.o
HAL_GPIO_EXTI_Callback                            build/stm32f1xx_hal_gpio.o
HAL_GPIO_EXTI_IRQHandler                          build/stm32f1xx_hal_gpio.o
HAL_GPIO_Init                                     build/stm32f1xx_hal_gpio.o
                                                  build/stm32f1xx_hal_rcc.o
                                                  build/stm32f1xx_hal_msp.o
                                                  build/main.o
HAL_GPIO_LockPin                                  build/stm32f1xx_hal_gpio.o
HAL_GPIO_ReadPin                                  build/stm32f1xx_hal_gpio.o
                                                  build/main.o
HAL_GPIO_TogglePin                                build/stm32f1xx_hal_gpio.o
HAL_GPIO_WritePin                                 build/stm32f1xx_hal_gpio.o
                                                  build/SPI.o
                                                  build/main.o
HAL_GetDEVID                                      build/stm32f1xx_hal.o
HAL_GetHalVersion                                 build/stm32f1xx_hal.o
HAL_GetREVID                                      build/stm32f1xx_hal.o
HAL_GetTick                                       build/stm32f1xx_hal.o
                                                  build/stm32f1xx_hal_flash.o
                                                  build/stm32f1xx_hal_dma.o
                                                  build/stm32f1xx_hal_rcc_ex.o
                                                  build/stm32f1xx_hal_rcc.o
                                                  build/stm32f1xx_hal_spi.o
                                                  build/stm32f1xx_hal_can.o
                                                  build/stm32f1xx_hal_adc_ex.o
                                                  build/stm32f1xx_hal_adc.o
HAL_GetTickFreq                                   build/stm32f1xx_hal.o
HAL_GetTickPrio                                   build/stm32f1xx_hal.o
HAL_GetUID                                        build/stm32f1xx_hal.o
HAL_IncTick                                       build/stm32f1xx_hal.o
                                                  build/stm32f1xx_it.o
HAL_Init                                          build/stm32f1xx_hal.o
                                                  build/main.o
HAL_InitTick                                      build/stm32f1xx_hal.o
                                                  build/stm32f1xx_hal_rcc.o
HAL_MspDeInit                                     build/stm32f1xx_hal.o
HAL_MspInit                                       build/stm32f1xx_hal_msp.o
HAL_NVIC_ClearPendingIRQ                          build/stm32f1xx_hal_cortex.o
HAL_NVIC_DisableIRQ                               build/stm32f1xx_hal_cortex.o
                                                  build/stm32f1xx_hal_msp.o
HAL_NVIC_EnableIRQ                                build/stm32f1xx_hal_cortex.o
                                                  build/stm32f1xx_hal_msp.o
HAL_NVIC_GetActive                                build/stm32f1xx_hal_cortex.o
HAL_NVIC_GetPendingIRQ                            build/stm32f1xx_hal_cortex.o
HAL_NVIC_GetPriority                              build/stm32f1xx_hal_cortex.o
HAL_NVIC_GetPriorityGrouping                      build/stm32f1xx_hal_cortex.o
HAL_NVIC_SetPendingIRQ                            build/stm32f1xx_hal_cortex.o
HAL_NVIC_SetPriority                              build/stm32f1xx_hal_cortex.o
                                                  build/stm32f1xx_hal.o
                                                  build/stm32f1xx_hal_msp.o
HAL_NVIC_SetPriorityGrouping                      build/stm32f1xx_hal_cortex.o
                                                  build/stm32f1xx_hal.o
HAL_NVIC_SystemReset                              build/stm32f1xx_hal_cortex.o
                                                  build/stm32f1xx_hal_flash.o
HAL_PWR_ConfigPVD                                 build/stm32f1xx_hal_pwr.o
HAL_PWR_DeInit                                    build/stm32f1xx_hal_pwr.o
HAL_PWR_DisableBkUpAccess                         build/stm32f1xx_hal_pwr.o
HAL_PWR_DisablePVD                                build/stm32f1xx_hal_pwr.o
HAL_PWR_DisableSEVOnPend                          build/stm32f1xx_hal_pwr.o
HAL_PWR_DisableSleepOnExit                        build/stm32f1xx_hal_pwr.o
HAL_PWR_DisableWakeUpPin                          build/stm32f1xx_hal_pwr.o
HAL_PWR_EnableBkUpAccess                          build/stm32f1xx_hal_pwr.o
HAL_PWR_EnablePVD                                 build/stm32f1xx_hal_pwr.o
HAL_PWR_EnableSEVOnPend                           build/stm32f1xx_hal_pwr.o
HAL_PWR_EnableSleepOnExit                         build/stm32f1xx_hal_pwr.o
HAL_PWR_EnableWakeUpPin                           build/stm32f1xx_hal_pwr.o
HAL_PWR_EnterSLEEPMode                            build/stm32f1xx_hal_pwr.o
HAL_PWR_EnterSTANDBYMode                          build/stm32f1xx_hal_pwr.o
HAL_PWR_EnterSTOPMode                             build/stm32f1xx_hal_pwr.o
HAL_PWR_PVDCallback                               build/stm32f1xx_hal_pwr.o
HAL_PWR_PVD_IRQHandler                            build/stm32f1xx_hal_pwr.o
HAL_RCCEx_GetPeriphCLKConfig                      build/stm32f1xx_hal_rcc_ex.o
HAL_RCCEx_GetPeriphCLKFreq                        build/stm32f1xx_hal_rcc_ex.o
                                                  build/stm32f1xx_hal_adc_ex.o
                                                  build/stm32f1xx_hal_adc.o
HAL_RCCEx_PeriphCLKConfig                         build/stm32f1xx_hal_rcc_ex.o
                                                  build/main.o
HAL_RCC_CSSCallback                               build/stm32f1xx_hal_rcc.o
HAL_RCC_ClockConfig                               build/stm32f1xx_hal_rcc.o
                                                  build/main.o
HAL_RCC_DeInit                                    build/stm32f1xx_hal_rcc.o
HAL_RCC_DisableCSS                                build/stm32f1xx_hal_rcc.o
HAL_RCC_EnableCSS                                 build/stm32f1xx_hal_rcc.o
HAL_RCC_GetClockConfig                            build/stm32f1xx_hal_rcc.o
HAL_RCC_GetHCLKFreq                               build/stm32f1xx_hal_rcc.o
HAL_RCC_GetOscConfig                              build/stm32f1xx_hal_rcc.o
HAL_RCC_GetPCLK1Freq                              build/stm32f1xx_hal_rcc.o
HAL_RCC_GetPCLK2Freq                              build/stm32f1xx_hal_rcc.o
                                                  build/stm32f1xx_hal_rcc_ex.o
HAL_RCC_GetSysClockFreq                           build/stm32f1xx_hal_rcc.o
HAL_RCC_MCOConfig                                 build/stm32f1xx_hal_rcc.o
HAL_RCC_NMI_IRQHandler                            build/stm32f1xx_hal_rcc.o
HAL_RCC_OscConfig                                 build/stm32f1xx_hal_rcc.o
                                                  build/main.o
HAL_ResumeTick                                    build/stm32f1xx_hal.o
HAL_SPI_Abort                                     build/stm32f1xx_hal_spi.o
HAL_SPI_AbortCpltCallback                         build/stm32f1xx_hal_spi.o
HAL_SPI_Abort_IT                                  build/stm32f1xx_hal_spi.o
HAL_SPI_DMAPause                                  build/stm32f1xx_hal_spi.o
HAL_SPI_DMAResume                                 build/stm32f1xx_hal_spi.o
HAL_SPI_DMAStop                                   build/stm32f1xx_hal_spi.o
HAL_SPI_DeInit                                    build/stm32f1xx_hal_spi.o
HAL_SPI_ErrorCallback                             build/stm32f1xx_hal_spi.o
HAL_SPI_GetError                                  build/stm32f1xx_hal_spi.o
HAL_SPI_GetState                                  build/stm32f1xx_hal_spi.o
HAL_SPI_IRQHandler                                build/stm32f1xx_hal_spi.o
HAL_SPI_Init                                      build/stm32f1xx_hal_spi_ex.o
                                                  build/stm32f1xx_hal_spi.o
                                                  build/SPI.o
HAL_SPI_MspDeInit                                 build/stm32f1xx_hal_msp.o
HAL_SPI_MspInit                                   build/stm32f1xx_hal_msp.o
                                                  build/stm32f1xx_hal_spi_ex.o
HAL_SPI_Receive                                   build/stm32f1xx_hal_spi.o
HAL_SPI_Receive_DMA                               build/stm32f1xx_hal_spi.o
HAL_SPI_Receive_IT                                build/stm32f1xx_hal_spi.o
HAL_SPI_RxCpltCallback                            build/stm32f1xx_hal_spi.o
HAL_SPI_RxHalfCpltCallback                        build/stm32f1xx_hal_spi.o
HAL_SPI_Transmit                                  build/stm32f1xx_hal_spi.o
HAL_SPI_TransmitReceive                           build/stm32f1xx_hal_spi.o
                                                  build/SPI.o
HAL_SPI_TransmitReceive_DMA                       build/stm32f1xx_hal_spi.o
HAL_SPI_TransmitReceive_IT                        build/stm32f1xx_hal_spi.o
HAL_SPI_Transmit_DMA                              build/stm32f1xx_hal_spi.o
HAL_SPI_Transmit_IT                               build/stm32f1xx_hal_spi.o
HAL_SPI_TxCpltCallback                            build/stm32f1xx_hal_spi.o
HAL_SPI_TxHalfCpltCallback                        build/stm32f1xx_hal_spi.o
HAL_SPI_TxRxCpltCallback                          build/stm32f1xx_hal_spi.o
HAL_SPI_TxRxHalfCpltCallback                      build/stm32f1xx_hal_spi.o
HAL_SYSTICK_CLKSourceConfig                       build/stm32f1xx_hal_cortex.o
HAL_SYSTICK_Callback                              build/stm32f1xx_hal_cortex.o
HAL_SYSTICK_Config                                build/stm32f1xx_hal_cortex.o
                                                  build/stm32f1xx_hal.o
HAL_SYSTICK_IRQHandler                            build/stm32f1xx_hal_cortex.o
HAL_SetTickFreq                                   build/stm32f1xx_hal.o
HAL_SuspendTick                                   build/stm32f1xx_hal.o
HAL_TIMEx_BreakCallback                           build/stm32f1xx_hal_tim_ex.o
                                                  build/stm32f1xx_hal_tim.o
HAL_TIMEx_CommutationCallback                     build/stm32f1xx_hal_tim_ex.o
                                                  build/stm32f1xx_hal_tim.o
HAL_TIMEx_ConfigBreakDeadTime                     build/stm32f1xx_hal_tim_ex.o
HAL_TIMEx_ConfigCommutationEvent                  build/stm32f1xx_hal_tim_ex.o
HAL_TIMEx_ConfigCommutationEvent_DMA              build/stm32f1xx_hal_tim_ex.o
HAL_TIMEx_ConfigCommutationEvent_IT               build/stm32f1xx_hal_tim_ex.o
HAL_TIMEx_HallSensor_DeInit                       build/stm32f1xx_hal_tim_ex.o
HAL_TIMEx_HallSensor_GetState                     build/stm32f1xx_hal_tim_ex.o
HAL_TIMEx_HallSensor_Init                         build/stm32f1xx_hal_tim_ex.o
HAL_TIMEx_HallSensor_MspDeInit                    build/stm32f1xx_hal_tim_ex.o
HAL_TIMEx_HallSensor_MspInit                      build/stm32f1xx_hal_tim_ex.o
HAL_TIMEx_HallSensor_Start                        build/stm32f1xx_hal_tim_ex.o
HAL_TIMEx_HallSensor_Start_DMA                    build/stm32f1xx_hal_tim_ex.o
HAL_TIMEx_HallSensor_Start_IT                     build/stm32f1xx_hal_tim_ex.o
HAL_TIMEx_HallSensor_Stop                         build/stm32f1xx_hal_tim_ex.o
HAL_TIMEx_HallSensor_Stop_DMA                     build/stm32f1xx_hal_tim_ex.o
HAL_TIMEx_HallSensor_Stop_IT                      build/stm32f1xx_hal_tim_ex.o
HAL_TIMEx_MasterConfigSynchronization             build/stm32f1xx_hal_tim_ex.o
                                                  build/main.o
HAL_TIMEx_OCN_Start                               build/stm32f1xx_hal_tim_ex.o
HAL_TIMEx_OCN_Start_DMA                           build/stm32f1xx_hal_tim_ex.o
HAL_TIMEx_OCN_Start_IT                            build/stm32f1xx_hal_tim_ex.o
HAL_TIMEx_OCN_Stop                                build/stm32f1xx_hal_tim_ex.o
HAL_TIMEx_OCN_Stop_DMA                            build/stm32f1xx_hal_tim_ex.o
HAL_TIMEx_OCN_Stop_IT                             build/stm32f1xx_hal_tim_ex.o
HAL_TIMEx_OnePulseN_Start                         build/stm32f1xx_hal_tim_ex.o
HAL_TIMEx_OnePulseN_Start_IT                      build/stm32f1xx_hal_tim_ex.o
HAL_TIMEx_OnePulseN_Stop                          build/stm32f1xx_hal_tim_ex.o
HAL_TIMEx_OnePulseN_Stop_IT                       build/stm32f1xx_hal_tim_ex.o
HAL_TIMEx_PWMN_Start                              build/stm32f1xx_hal_tim_ex.o
HAL_TIMEx_PWMN_Start_DMA                          build/stm32f1xx_hal_tim_ex.o
HAL_TIMEx_PWMN_Start_IT                           build/stm32f1xx_hal_tim_ex.o
HAL_TIMEx_PWMN_Stop                               build/stm32f1xx_hal_tim_ex.o
HAL_TIMEx_PWMN_Stop_DMA                           build/stm32f1xx_hal_tim_ex.o
HAL_TIMEx_PWMN_Stop_IT                            build/stm32f1xx_hal_tim_ex.o
HAL_TIM_Base_DeInit                               build/stm32f1xx_hal_tim.o
HAL_TIM_Base_GetState                             build/stm32f1xx_hal_tim.o
HAL_TIM_Base_Init                                 build/stm32f1xx_hal_tim.o
                                                  build/main.o
HAL_TIM_Base_MspDeInit                            build/stm32f1xx_hal_msp.o
HAL_TIM_Base_MspInit                              build/stm32f1xx_hal_msp.o
HAL_TIM_Base_Start                                build/stm32f1xx_hal_tim.o
                                                  build/main.o
HAL_TIM_Base_Start_DMA                            build/stm32f1xx_hal_tim.o
HAL_TIM_Base_Start_IT                             build/stm32f1xx_hal_tim.o
HAL_TIM_Base_Stop                                 build/stm32f1xx_hal_tim.o
HAL_TIM_Base_Stop_DMA                             build/stm32f1xx_hal_tim.o
HAL_TIM_Base_Stop_IT                              build/stm32f1xx_hal_tim.o
HAL_TIM_ConfigClockSource                         build/stm32f1xx_hal_tim.o
                                                  build/main.o
HAL_TIM_ConfigOCrefClear                          build/stm32f1xx_hal_tim.o
HAL_TIM_ConfigTI1Input                            build/stm32f1xx_hal_tim.o
HAL_TIM_DMABurst_ReadStart                        build/stm32f1xx_hal_tim.o
HAL_TIM_DMABurst_ReadStop                         build/stm32f1xx_hal_tim.o
HAL_TIM_DMABurst_WriteStart                       build/stm32f1xx_hal_tim.o
HAL_TIM_DMABurst_WriteStop                        build/stm32f1xx_hal_tim.o
HAL_TIM_Encoder_DeInit                            build/stm32f1xx_hal_tim.o
HAL_TIM_Encoder_GetState                          build/stm32f1xx_hal_tim.o
HAL_TIM_Encoder_Init                              build/stm32f1xx_hal_tim.o
HAL_TIM_Encoder_MspDeInit                         build/stm32f1xx_hal_tim.o
HAL_TIM_Encoder_MspInit                           build/stm32f1xx_hal_tim.o
HAL_TIM_Encoder_Start                             build/stm32f1xx_hal_tim.o
HAL_TIM_Encoder_Start_DMA                         build/stm32f1xx_hal_tim.o
HAL_TIM_Encoder_Start_IT                          build/stm32f1xx_hal_tim.o
HAL_TIM_Encoder_Stop                              build/stm32f1xx_hal_tim.o
HAL_TIM_Encoder_Stop_DMA                          build/stm32f1xx_hal_tim.o
HAL_TIM_Encoder_Stop_IT                           build/stm32f1xx_hal_tim.o
HAL_TIM_ErrorCallback                             build/stm32f1xx_hal_tim.o
HAL_TIM_GenerateEvent                             build/stm32f1xx_hal_tim.o
HAL_TIM_IC_CaptureCallback                        build/stm32f1xx_hal_tim.o
HAL_TIM_IC_ConfigChannel                          build/stm32f1xx_hal_tim.o
HAL_TIM_IC_DeInit                                 build/stm32f1xx_hal_tim.o
HAL_TIM_IC_GetState                               build/stm32f1xx_hal_tim.o
HAL_TIM_IC_Init                                   build/stm32f1xx_hal_tim.o
HAL_TIM_IC_MspDeInit                              build/stm32f1xx_hal_tim.o
HAL_TIM_IC_MspInit                                build/stm32f1xx_hal_tim.o
HAL_TIM_IC_Start                                  build/stm32f1xx_hal_tim.o
HAL_TIM_IC_Start_DMA                              build/stm32f1xx_hal_tim.o